Archive member included to satisfy reference by file (symbol)

c:/progra~2/gnuarm~1/102021~1.10/bin/../lib/gcc/arm-none-eabi/10.3.1/thumb/v6-m/nofp\libgcc.a(_dvmd_tls.o)
                              CMakeFiles/rpi_pico_drone.dir/d97f2b5b64023699131c296d803e27bf/RPi_Pico_FC_v1.0.0/pico-sdk/src/rp2_common/pico_divider/divider.S.obj (__aeabi_idiv0)
c:/progra~2/gnuarm~1/102021~1.10/bin/../lib/gcc/arm-none-eabi/10.3.1/../../../../arm-none-eabi/lib/thumb/v6-m/nofp\libg.a(lib_a-calloc.o)
                              CMakeFiles/rpi_pico_drone.dir/d97f2b5b64023699131c296d803e27bf/RPi_Pico_FC_v1.0.0/pico-sdk/src/rp2_common/pico_malloc/pico_malloc.c.obj (calloc)
c:/progra~2/gnuarm~1/102021~1.10/bin/../lib/gcc/arm-none-eabi/10.3.1/../../../../arm-none-eabi/lib/thumb/v6-m/nofp\libg.a(lib_a-callocr.o)
                              c:/progra~2/gnuarm~1/102021~1.10/bin/../lib/gcc/arm-none-eabi/10.3.1/../../../../arm-none-eabi/lib/thumb/v6-m/nofp\libg.a(lib_a-calloc.o) (_calloc_r)
c:/progra~2/gnuarm~1/102021~1.10/bin/../lib/gcc/arm-none-eabi/10.3.1/../../../../arm-none-eabi/lib/thumb/v6-m/nofp\libg.a(lib_a-errno.o)
                              c:/progra~2/gnuarm~1/102021~1.10/bin/../lib/gcc/arm-none-eabi/10.3.1/../../../../arm-none-eabi/lib/thumb/v6-m/nofp\libg.a(lib_a-callocr.o) (__errno)
c:/progra~2/gnuarm~1/102021~1.10/bin/../lib/gcc/arm-none-eabi/10.3.1/../../../../arm-none-eabi/lib/thumb/v6-m/nofp\libg.a(lib_a-impure.o)
                              c:/progra~2/gnuarm~1/102021~1.10/bin/../lib/gcc/arm-none-eabi/10.3.1/../../../../arm-none-eabi/lib/thumb/v6-m/nofp\libg.a(lib_a-calloc.o) (_impure_ptr)
c:/progra~2/gnuarm~1/102021~1.10/bin/../lib/gcc/arm-none-eabi/10.3.1/../../../../arm-none-eabi/lib/thumb/v6-m/nofp\libg.a(lib_a-init.o)
                              c:/progra~2/gnuarm~1/102021~1.10/bin/../lib/gcc/arm-none-eabi/10.3.1/../../../../arm-none-eabi/lib/thumb/v6-m/nofp/crt0.o (__libc_init_array)
c:/progra~2/gnuarm~1/102021~1.10/bin/../lib/gcc/arm-none-eabi/10.3.1/../../../../arm-none-eabi/lib/thumb/v6-m/nofp\libg.a(lib_a-malloc.o)
                              CMakeFiles/rpi_pico_drone.dir/d97f2b5b64023699131c296d803e27bf/RPi_Pico_FC_v1.0.0/pico-sdk/src/rp2_common/pico_malloc/pico_malloc.c.obj (malloc)
c:/progra~2/gnuarm~1/102021~1.10/bin/../lib/gcc/arm-none-eabi/10.3.1/../../../../arm-none-eabi/lib/thumb/v6-m/nofp\libg.a(lib_a-mallocr.o)
                              c:/progra~2/gnuarm~1/102021~1.10/bin/../lib/gcc/arm-none-eabi/10.3.1/../../../../arm-none-eabi/lib/thumb/v6-m/nofp\libg.a(lib_a-callocr.o) (_malloc_r)
c:/progra~2/gnuarm~1/102021~1.10/bin/../lib/gcc/arm-none-eabi/10.3.1/../../../../arm-none-eabi/lib/thumb/v6-m/nofp\libg.a(lib_a-mlock.o)
                              c:/progra~2/gnuarm~1/102021~1.10/bin/../lib/gcc/arm-none-eabi/10.3.1/../../../../arm-none-eabi/lib/thumb/v6-m/nofp\libg.a(lib_a-mallocr.o) (__malloc_lock)
c:/progra~2/gnuarm~1/102021~1.10/bin/../lib/gcc/arm-none-eabi/10.3.1/../../../../arm-none-eabi/lib/thumb/v6-m/nofp\libg.a(lib_a-realloc.o)
                              CMakeFiles/rpi_pico_drone.dir/d97f2b5b64023699131c296d803e27bf/RPi_Pico_FC_v1.0.0/pico-sdk/src/rp2_common/pico_malloc/pico_malloc.c.obj (realloc)
c:/progra~2/gnuarm~1/102021~1.10/bin/../lib/gcc/arm-none-eabi/10.3.1/../../../../arm-none-eabi/lib/thumb/v6-m/nofp\libg.a(lib_a-reallocr.o)
                              c:/progra~2/gnuarm~1/102021~1.10/bin/../lib/gcc/arm-none-eabi/10.3.1/../../../../arm-none-eabi/lib/thumb/v6-m/nofp\libg.a(lib_a-realloc.o) (_realloc_r)
c:/progra~2/gnuarm~1/102021~1.10/bin/../lib/gcc/arm-none-eabi/10.3.1/../../../../arm-none-eabi/lib/thumb/v6-m/nofp\libg.a(lib_a-sbrkr.o)
                              c:/progra~2/gnuarm~1/102021~1.10/bin/../lib/gcc/arm-none-eabi/10.3.1/../../../../arm-none-eabi/lib/thumb/v6-m/nofp\libg.a(lib_a-mallocr.o) (_sbrk_r)
c:/progra~2/gnuarm~1/102021~1.10/bin/../lib/gcc/arm-none-eabi/10.3.1/../../../../arm-none-eabi/lib/thumb/v6-m/nofp\libg.a(lib_a-strlen-stub.o)
                              CMakeFiles/rpi_pico_drone.dir/d97f2b5b64023699131c296d803e27bf/RPi_Pico_FC_v1.0.0/pico-sdk/src/rp2_common/pico_stdio/stdio.c.obj (strlen)
c:/progra~2/gnuarm~1/102021~1.10/bin/../lib/gcc/arm-none-eabi/10.3.1/../../../../arm-none-eabi/lib/thumb/v6-m/nofp\libg.a(lib_a-freer.o)
                              c:/progra~2/gnuarm~1/102021~1.10/bin/../lib/gcc/arm-none-eabi/10.3.1/../../../../arm-none-eabi/lib/thumb/v6-m/nofp\libg.a(lib_a-malloc.o) (_free_r)
c:/progra~2/gnuarm~1/102021~1.10/bin/../lib/gcc/arm-none-eabi/10.3.1/../../../../arm-none-eabi/lib/thumb/v6-m/nofp\libg.a(lib_a-lock.o)
                              c:/progra~2/gnuarm~1/102021~1.10/bin/../lib/gcc/arm-none-eabi/10.3.1/../../../../arm-none-eabi/lib/thumb/v6-m/nofp\libg.a(lib_a-mlock.o) (__retarget_lock_acquire_recursive)
c:/progra~2/gnuarm~1/102021~1.10/bin/../lib/gcc/arm-none-eabi/10.3.1/../../../../arm-none-eabi/lib/thumb/v6-m/nofp\libg.a(lib_a-memmove.o)
[...]
Memory Configuration

Name             Origin             Length             Attributes
FLASH            0x10000000         0x00200000         xr
RAM              0x20000000         0x00040000         xrw
SCRATCH_X        0x20040000         0x00001000         xrw
SCRATCH_Y        0x20041000         0x00001000         xrw
*default*        0x00000000         0xffffffff

Linker script and memory map

LOAD c:/progra~2/gnuarm~1/102021~1.10/bin/../lib/gcc/arm-none-eabi/10.3.1/thumb/v6-m/nofp/crti.o
LOAD c:/progra~2/gnuarm~1/102021~1.10/bin/../lib/gcc/arm-none-eabi/10.3.1/thumb/v6-m/nofp/crtbegin.o
LOAD c:/progra~2/gnuarm~1/102021~1.10/bin/../lib/gcc/arm-none-eabi/10.3.1/../../../../arm-none-eabi/lib/thumb/v6-m/nofp/crt0.o

.flash_begin    0x10000000        0x0
                0x10000000                __flash_binary_start = .

.boot2          0x10000000      0x100
                0x10000000                __boot2_start__ = .
 *(.boot2)
 .boot2         0x10000000      0x100 C:\Users\DEVASH~1\AppData\Local\Temp\ccgz03QH.o
                0x10000100                __boot2_end__ = .
                0x00000001                ASSERT (((__boot2_end__ - __boot2_start__) == 0x100), ERROR: Pico second stage bootloader must be 256 bytes in size)

.text           0x10000100     0x8a88
                0x10000100                __logical_binary_start = .
 *(.vectors)
 .vectors       0x10000100       0xd4 CMakeFiles/rpi_pico_drone.dir/d97f2b5b64023699131c296d803e27bf/RPi_Pico_FC_v1.0.0/pico-sdk/src/rp2_common/pico_standard_link/crt0.S.obj
                0x10000100                __VECTOR_TABLE
                0x10000100                __vectors
                0x100001c0                isr_invalid
                0x100001c0                __default_isrs_start
                0x100001c2                isr_nmi
                0x100001c4                isr_hardfault
                0x100001c6                isr_svcall
                0x100001c8                isr_pendsv
                0x100001ca                isr_systick
                0x100001cc                isr_irq23
                0x100001cc                isr_irq18
                0x100001cc                isr_irq11
                0x100001cc                isr_irq28
                0x100001cc                isr_irq19
                0x100001cc                isr_irq0
                0x100001cc                isr_irq6
                0x100001cc                isr_irq5
                0x100001cc                isr_irq12
                0x100001cc                isr_irq22
                0x100001cc                isr_irq31
                0x100001cc                isr_irq17
                0x100001cc                isr_irq27
                0x100001cc                isr_irq30
                0x100001cc                isr_irq2
                0x100001cc                isr_irq10
                0x100001cc                isr_irq8
                0x100001cc                isr_irq24
                0x100001cc                isr_irq1
                0x100001cc                isr_irq7
                0x100001cc                isr_irq21
                0x100001cc                isr_irq20
                0x100001cc                isr_irq15
                0x100001cc                isr_irq25
                0x100001cc                isr_irq13
                0x100001cc                __unhandled_user_irq
                0x100001cc                isr_irq4
                0x100001cc                isr_irq16
                0x100001cc                isr_irq29
                0x100001cc                isr_irq26
                0x100001cc                __default_isrs_end
                0x100001cc                isr_irq3
                0x100001cc                isr_irq14
                0x100001cc                isr_irq9
                0x100001d2                unhandled_user_irq_num_in_r0
 *(.binary_info_header)
 .binary_info_header
                0x100001d4       0x14 CMakeFiles/rpi_pico_drone.dir/d97f2b5b64023699131c296d803e27bf/RPi_Pico_FC_v1.0.0/pico-sdk/src/rp2_common/pico_standard_link/crt0.S.obj
                0x100001e8                __binary_info_header_end = .
 *(.reset)
 .reset         0x100001e8       0xa0 CMakeFiles/rpi_pico_drone.dir/d97f2b5b64023699131c296d803e27bf/RPi_Pico_FC_v1.0.0/pico-sdk/src/rp2_common/pico_standard_link/crt0.S.obj
                0x100001e8                _entry_point
 .reset         0x10000288       0x30 CMakeFiles/rpi_pico_drone.dir/d97f2b5b64023699131c296d803e27bf/RPi_Pico_FC_v1.0.0/pico-sdk/src/rp2_common/pico_standard_link/binary_info.c.obj
 *(.init)
 .init          0x100002b8        0x4 c:/progra~2/gnuarm~1/102021~1.10/bin/../lib/gcc/arm-none-eabi/10.3.1/thumb/v6-m/nofp/crti.o
                0x100002b8                _init
 *(EXCLUDE_FILE(*libm.a: *libc.a:*lib_a-mem*.o *libgcc.a:) .text*)
 .text          0x100002bc       0x48 c:/progra~2/gnuarm~1/102021~1.10/bin/../lib/gcc/arm-none-eabi/10.3.1/thumb/v6-m/nofp/crtbegin.o
 .text.rec_capture
                0x10000304      0x170 CMakeFiles/rpi_pico_drone.dir/main.c.obj
                0x10000304                rec_capture
 .text.rec_init
                0x10000474       0x54 CMakeFiles/rpi_pico_drone.dir/main.c.obj
                0x10000474                rec_init
 .text.imu_write_reg
                0x100004c8       0x3c CMakeFiles/rpi_pico_drone.dir/main.c.obj
                0x100004c8                imu_write_reg
 .text.imu_init
                0x10000504       0xd8 CMakeFiles/rpi_pico_drone.dir/main.c.obj
                0x10000504                imu_init
 .text.imu_get_data_blocking
                0x100005dc       0xa4 CMakeFiles/rpi_pico_drone.dir/main.c.obj
                0x100005dc                imu_get_data_blocking
 .text.imu_calibrate_gyro
                0x10000680       0xc8 CMakeFiles/rpi_pico_drone.dir/main.c.obj
                0x10000680                imu_calibrate_gyro
 .text.motors_init
                0x10000748      0x160 CMakeFiles/rpi_pico_drone.dir/main.c.obj
                0x10000748                motors_init
 .text.battery_init
                0x100008a8       0x38 CMakeFiles/rpi_pico_drone.dir/main.c.obj
                0x100008a8                battery_init
 .text.get_battery_voltage
                0x100008e0       0x58 CMakeFiles/rpi_pico_drone.dir/main.c.obj
                0x100008e0                get_battery_voltage
 .text.pid_update
                0x10000938       0x94 CMakeFiles/rpi_pico_drone.dir/main.c.obj
                0x10000938                pid_update
 .text.pid_reset
                0x100009cc       0x44 CMakeFiles/rpi_pico_drone.dir/main.c.obj
                0x100009cc                pid_reset
 .text.control_motors
                0x10000a10      0x1e8 CMakeFiles/rpi_pico_drone.dir/main.c.obj
 .text.kalman_update
                0x10000bf8       0x74 CMakeFiles/rpi_pico_drone.dir/main.c.obj
                0x10000bf8                kalman_update
 .text.main     0x10000c6c      0x834 CMakeFiles/rpi_pico_drone.dir/main.c.obj
                0x10000c6c                main
 .text.gpio_set_function
                0x100014a0       0x30 CMakeFiles/rpi_pico_drone.dir/d97f2b5b64023699131c296d803e27bf/RPi_Pico_FC_v1.0.0/pico-sdk/src/rp2_common/hardware_gpio/gpio.c.obj
                0x100014a0                gpio_set_function
 .text.gpio_set_pulls
                0x100014d0       0x34 CMakeFiles/rpi_pico_drone.dir/d97f2b5b64023699131c296d803e27bf/RPi_Pico_FC_v1.0.0/pico-sdk/src/rp2_common/hardware_gpio/gpio.c.obj
                0x100014d0                gpio_set_pulls
 .text.gpio_set_irq_callback
                0x10001504       0x48 CMakeFiles/rpi_pico_drone.dir/d97f2b5b64023699131c296d803e27bf/RPi_Pico_FC_v1.0.0/pico-sdk/src/rp2_common/hardware_gpio/gpio.c.obj
                0x10001504                gpio_set_irq_callback
 .text.gpio_acknowledge_irq
                0x1000154c       0x18 CMakeFiles/rpi_pico_drone.dir/d97f2b5b64023699131c296d803e27bf/RPi_Pico_FC_v1.0.0/pico-sdk/src/rp2_common/hardware_gpio/gpio.c.obj
                0x1000154c                gpio_acknowledge_irq
 .text._gpio_set_irq_enabled
                0x10001564       0x34 CMakeFiles/rpi_pico_drone.dir/d97f2b5b64023699131c296d803e27bf/RPi_Pico_FC_v1.0.0/pico-sdk/src/rp2_common/hardware_gpio/gpio.c.obj
 .text.gpio_set_irq_enabled
                0x10001598       0x20 CMakeFiles/rpi_pico_drone.dir/d97f2b5b64023699131c296d803e27bf/RPi_Pico_FC_v1.0.0/pico-sdk/src/rp2_common/hardware_gpio/gpio.c.obj
                0x10001598                gpio_set_irq_enabled
 .text.gpio_set_irq_enabled_with_callback
                0x100015b8       0x20 CMakeFiles/rpi_pico_drone.dir/d97f2b5b64023699131c296d803e27bf/RPi_Pico_FC_v1.0.0/pico-sdk/src/rp2_common/hardware_gpio/gpio.c.obj
                0x100015b8                gpio_set_irq_enabled_with_callback
 .text.gpio_default_irq_handler
                0x100015d8       0x98 CMakeFiles/rpi_pico_drone.dir/d97f2b5b64023699131c296d803e27bf/RPi_Pico_FC_v1.0.0/pico-sdk/src/rp2_common/hardware_gpio/gpio.c.obj
 .text.gpio_set_input_enabled
                0x10001670       0x30 CMakeFiles/rpi_pico_drone.dir/d97f2b5b64023699131c296d803e27bf/RPi_Pico_FC_v1.0.0/pico-sdk/src/rp2_common/hardware_gpio/gpio.c.obj
                0x10001670                gpio_set_input_enabled
 .text.gpio_init
                0x100016a0       0x16 CMakeFiles/rpi_pico_drone.dir/d97f2b5b64023699131c296d803e27bf/RPi_Pico_FC_v1.0.0/pico-sdk/src/rp2_common/hardware_gpio/gpio.c.obj
                0x100016a0                gpio_init
 *fill*         0x100016b6        0x2 
 .text.running_on_fpga
                0x100016b8       0x14 CMakeFiles/rpi_pico_drone.dir/d97f2b5b64023699131c296d803e27bf/RPi_Pico_FC_v1.0.0/pico-sdk/src/rp2_common/pico_platform/platform.c.obj
                0x100016b8                running_on_fpga
 .text.hw_claim_lock
                0x100016cc       0x18 CMakeFiles/rpi_pico_drone.dir/d97f2b5b64023699131c296d803e27bf/RPi_Pico_FC_v1.0.0/pico-sdk/src/rp2_common/hardware_claim/claim.c.obj
                0x100016cc                hw_claim_lock
 .text.hw_claim_unlock
                0x100016e4       0x14 CMakeFiles/rpi_pico_drone.dir/d97f2b5b64023699131c296d803e27bf/RPi_Pico_FC_v1.0.0/pico-sdk/src/rp2_common/hardware_claim/claim.c.obj
                0x100016e4                hw_claim_unlock
 .text.hw_claim_or_assert
                0x100016f8       0x32 CMakeFiles/rpi_pico_drone.dir/d97f2b5b64023699131c296d803e27bf/RPi_Pico_FC_v1.0.0/pico-sdk/src/rp2_common/hardware_claim/claim.c.obj
                0x100016f8                hw_claim_or_assert
 .text.hw_claim_unused_from_range
                0x1000172a       0x50 CMakeFiles/rpi_pico_drone.dir/d97f2b5b64023699131c296d803e27bf/RPi_Pico_FC_v1.0.0/pico-sdk/src/rp2_common/hardware_claim/claim.c.obj
                0x1000172a                hw_claim_unused_from_range
 *fill*         0x1000177a        0x2 
 .text.spin_locks_reset
                0x1000177c       0x20 CMakeFiles/rpi_pico_drone.dir/d97f2b5b64023699131c296d803e27bf/RPi_Pico_FC_v1.0.0/pico-sdk/src/rp2_common/hardware_sync/sync.c.obj
                0x1000177c                spin_locks_reset
 .text.next_striped_spin_lock_num
                0x1000179c       0x1c CMakeFiles/rpi_pico_drone.dir/d97f2b5b64023699131c296d803e27bf/RPi_Pico_FC_v1.0.0/pico-sdk/src/rp2_common/hardware_sync/sync.c.obj
                0x1000179c                next_striped_spin_lock_num
 .text.spin_lock_claim_unused
                0x100017b8       0x20 CMakeFiles/rpi_pico_drone.dir/d97f2b5b64023699131c296d803e27bf/RPi_Pico_FC_v1.0.0/pico-sdk/src/rp2_common/hardware_sync/sync.c.obj
                0x100017b8                spin_lock_claim_unused
 .text.set_raw_irq_handler_and_unlock
                0x100017d8       0x28 CMakeFiles/rpi_pico_drone.dir/d97f2b5b64023699131c296d803e27bf/RPi_Pico_FC_v1.0.0/pico-sdk/src/rp2_common/hardware_irq/irq.c.obj
 .text.make_branch
                0x10001800       0x48 CMakeFiles/rpi_pico_drone.dir/d97f2b5b64023699131c296d803e27bf/RPi_Pico_FC_v1.0.0/pico-sdk/src/rp2_common/hardware_irq/irq.c.obj
 .text.insert_branch_and_link
                0x10001848       0x40 CMakeFiles/rpi_pico_drone.dir/d97f2b5b64023699131c296d803e27bf/RPi_Pico_FC_v1.0.0/pico-sdk/src/rp2_common/hardware_irq/irq.c.obj
 .text.irq_is_enabled
                0x10001888       0x18 CMakeFiles/rpi_pico_drone.dir/d97f2b5b64023699131c296d803e27bf/RPi_Pico_FC_v1.0.0/pico-sdk/src/rp2_common/hardware_irq/irq.c.obj
                0x10001888                irq_is_enabled
 .text.irq_set_mask_enabled
                0x100018a0       0x20 CMakeFiles/rpi_pico_drone.dir/d97f2b5b64023699131c296d803e27bf/RPi_Pico_FC_v1.0.0/pico-sdk/src/rp2_common/hardware_irq/irq.c.obj
                0x100018a0                irq_set_mask_enabled
 .text.irq_set_enabled
                0x100018c0        0xe CMakeFiles/rpi_pico_drone.dir/d97f2b5b64023699131c296d803e27bf/RPi_Pico_FC_v1.0.0/pico-sdk/src/rp2_common/hardware_irq/irq.c.obj
                0x100018c0                irq_set_enabled
 *fill*         0x100018ce        0x2 
 .text.irq_set_pending
                0x100018d0       0x10 CMakeFiles/rpi_pico_drone.dir/d97f2b5b64023699131c296d803e27bf/RPi_Pico_FC_v1.0.0/pico-sdk/src/rp2_common/hardware_irq/irq.c.obj
                0x100018d0                irq_set_pending
 .text.irq_get_vtable_handler
                0x100018e0       0x10 CMakeFiles/rpi_pico_drone.dir/d97f2b5b64023699131c296d803e27bf/RPi_Pico_FC_v1.0.0/pico-sdk/src/rp2_common/hardware_irq/irq.c.obj
                0x100018e0                irq_get_vtable_handler
 .text.irq_has_shared_handler
                0x100018f0       0x24 CMakeFiles/rpi_pico_drone.dir/d97f2b5b64023699131c296d803e27bf/RPi_Pico_FC_v1.0.0/pico-sdk/src/rp2_common/hardware_irq/irq.c.obj
                0x100018f0                irq_has_shared_handler
 .text.irq_set_exclusive_handler
                0x10001914       0x54 CMakeFiles/rpi_pico_drone.dir/d97f2b5b64023699131c296d803e27bf/RPi_Pico_FC_v1.0.0/pico-sdk/src/rp2_common/hardware_irq/irq.c.obj
                0x10001914                irq_set_exclusive_handler
 .text.irq_add_shared_handler
                0x10001968      0x234 CMakeFiles/rpi_pico_drone.dir/d97f2b5b64023699131c296d803e27bf/RPi_Pico_FC_v1.0.0/pico-sdk/src/rp2_common/hardware_irq/irq.c.obj
                0x10001968                irq_add_shared_handler
 .text.irq_remove_handler
                0x10001b9c      0x1ac CMakeFiles/rpi_pico_drone.dir/d97f2b5b64023699131c296d803e27bf/RPi_Pico_FC_v1.0.0/pico-sdk/src/rp2_common/hardware_irq/irq.c.obj
                0x10001b9c                irq_remove_handler
 .text.irq_add_tail_to_free_list
                0x10001d48       0xf0 CMakeFiles/rpi_pico_drone.dir/d97f2b5b64023699131c296d803e27bf/RPi_Pico_FC_v1.0.0/pico-sdk/src/rp2_common/hardware_irq/irq.c.obj
                0x10001d48                irq_add_tail_to_free_list
 .text.irq_init_priorities
                0x10001e38       0x1c CMakeFiles/rpi_pico_drone.dir/d97f2b5b64023699131c296d803e27bf/RPi_Pico_FC_v1.0.0/pico-sdk/src/rp2_common/hardware_irq/irq.c.obj
                0x10001e38                irq_init_priorities
 .text.user_irq_claim_unused
                0x10001e54       0x28 CMakeFiles/rpi_pico_drone.dir/d97f2b5b64023699131c296d803e27bf/RPi_Pico_FC_v1.0.0/pico-sdk/src/rp2_common/hardware_irq/irq.c.obj
                0x10001e54                user_irq_claim_unused
 .text.lock_init
                0x10001e7c       0x10 CMakeFiles/rpi_pico_drone.dir/d97f2b5b64023699131c296d803e27bf/RPi_Pico_FC_v1.0.0/pico-sdk/src/common/pico_sync/lock_core.c.obj
                0x10001e7c                lock_init
 .text.mutex_init
                0x10001e8c       0x1a CMakeFiles/rpi_pico_drone.dir/da200fddeb9d2efd46c16acd1b623a99/RPi_Pico_Flight_Controller/RPi_Pico_FC_v1.0.0/pico-sdk/src/common/pico_sync/mutex.c.obj
                0x10001e8c                mutex_init
 .text.recursive_mutex_init
                0x10001ea6       0x1e CMakeFiles/rpi_pico_drone.dir/da200fddeb9d2efd46c16acd1b623a99/RPi_Pico_Flight_Controller/RPi_Pico_FC_v1.0.0/pico-sdk/src/common/pico_sync/mutex.c.obj
                0x10001ea6                recursive_mutex_init
 .text.critical_section_init_with_lock_num
                0x10001ec4       0x14 CMakeFiles/rpi_pico_drone.dir/d97f2b5b64023699131c296d803e27bf/RPi_Pico_FC_v1.0.0/pico-sdk/src/common/pico_sync/critical_section.c.obj
                0x10001ec4                critical_section_init_with_lock_num
 .text.critical_section_init
                0x10001ed8       0x14 CMakeFiles/rpi_pico_drone.dir/d97f2b5b64023699131c296d803e27bf/RPi_Pico_FC_v1.0.0/pico-sdk/src/common/pico_sync/critical_section.c.obj
                0x10001ed8                critical_section_init
 .text.alarm_pool_post_alloc_init
                0x10001eec       0x40 CMakeFiles/rpi_pico_drone.dir/da200fddeb9d2efd46c16acd1b623a99/RPi_Pico_Flight_Controller/RPi_Pico_FC_v1.0.0/pico-sdk/src/common/pico_time/time.c.obj
 .text.sleep_until_callback
                0x10001f2c       0x30 CMakeFiles/rpi_pico_drone.dir/da200fddeb9d2efd46c16acd1b623a99/RPi_Pico_Flight_Controller/RPi_Pico_FC_v1.0.0/pico-sdk/src/common/pico_time/time.c.obj
 .text.timer_pool_entry_comparator
                0x10001f5c       0x7c CMakeFiles/rpi_pico_drone.dir/da200fddeb9d2efd46c16acd1b623a99/RPi_Pico_Flight_Controller/RPi_Pico_FC_v1.0.0/pico-sdk/src/common/pico_time/time.c.obj
                0x10001f5c                timer_pool_entry_comparator
 .text.ph_add_child_node
                0x10001fd8       0xa4 CMakeFiles/rpi_pico_drone.dir/da200fddeb9d2efd46c16acd1b623a99/RPi_Pico_Flight_Controller/RPi_Pico_FC_v1.0.0/pico-sdk/src/common/pico_time/time.c.obj
 .text.ph_merge_nodes
                0x1000207c       0x3e CMakeFiles/rpi_pico_drone.dir/da200fddeb9d2efd46c16acd1b623a99/RPi_Pico_Flight_Controller/RPi_Pico_FC_v1.0.0/pico-sdk/src/common/pico_time/time.c.obj
 *fill*         0x100020ba        0x2 
 .text.add_alarm_under_lock
                0x100020bc      0x174 CMakeFiles/rpi_pico_drone.dir/da200fddeb9d2efd46c16acd1b623a99/RPi_Pico_Flight_Controller/RPi_Pico_FC_v1.0.0/pico-sdk/src/common/pico_time/time.c.obj
 .text.alarm_pool_alarm_callback
                0x10002230      0x33c CMakeFiles/rpi_pico_drone.dir/da200fddeb9d2efd46c16acd1b623a99/RPi_Pico_Flight_Controller/RPi_Pico_FC_v1.0.0/pico-sdk/src/common/pico_time/time.c.obj
 .text.alarm_pool_init_default
                0x1000256c       0x40 CMakeFiles/rpi_pico_drone.dir/da200fddeb9d2efd46c16acd1b623a99/RPi_Pico_Flight_Controller/RPi_Pico_FC_v1.0.0/pico-sdk/src/common/pico_time/time.c.obj
                0x1000256c                alarm_pool_init_default
 .text.alarm_pool_get_default
                0x100025ac       0x2c CMakeFiles/rpi_pico_drone.dir/da200fddeb9d2efd46c16acd1b623a99/RPi_Pico_Flight_Controller/RPi_Pico_FC_v1.0.0/pico-sdk/src/common/pico_time/time.c.obj
                0x100025ac                alarm_pool_get_default
 .text.alarm_pool_add_alarm_at
                0x100025d8      0x168 CMakeFiles/rpi_pico_drone.dir/da200fddeb9d2efd46c16acd1b623a99/RPi_Pico_Flight_Controller/RPi_Pico_FC_v1.0.0/pico-sdk/src/common/pico_time/time.c.obj
                0x100025d8                alarm_pool_add_alarm_at
 .text.alarm_pool_cancel_alarm
                0x10002740       0xf8 CMakeFiles/rpi_pico_drone.dir/da200fddeb9d2efd46c16acd1b623a99/RPi_Pico_Flight_Controller/RPi_Pico_FC_v1.0.0/pico-sdk/src/common/pico_time/time.c.obj
                0x10002740                alarm_pool_cancel_alarm
 .text.alarm_pool_core_num
                0x10002838        0x4 CMakeFiles/rpi_pico_drone.dir/da200fddeb9d2efd46c16acd1b623a99/RPi_Pico_Flight_Controller/RPi_Pico_FC_v1.0.0/pico-sdk/src/common/pico_time/time.c.obj
                0x10002838                alarm_pool_core_num
 .text.sleep_until
                0x1000283c       0xfc CMakeFiles/rpi_pico_drone.dir/da200fddeb9d2efd46c16acd1b623a99/RPi_Pico_Flight_Controller/RPi_Pico_FC_v1.0.0/pico-sdk/src/common/pico_time/time.c.obj
                0x1000283c                sleep_until
 .text.sleep_us
                0x10002938       0x58 CMakeFiles/rpi_pico_drone.dir/da200fddeb9d2efd46c16acd1b623a99/RPi_Pico_Flight_Controller/RPi_Pico_FC_v1.0.0/pico-sdk/src/common/pico_time/time.c.obj
                0x10002938                sleep_us
 .text.sleep_ms
                0x10002990       0x14 CMakeFiles/rpi_pico_drone.dir/da200fddeb9d2efd46c16acd1b623a99/RPi_Pico_Flight_Controller/RPi_Pico_FC_v1.0.0/pico-sdk/src/common/pico_time/time.c.obj
                0x10002990                sleep_ms
 .text.best_effort_wfe_or_timeout
                0x100029a4       0xac CMakeFiles/rpi_pico_drone.dir/da200fddeb9d2efd46c16acd1b623a99/RPi_Pico_Flight_Controller/RPi_Pico_FC_v1.0.0/pico-sdk/src/common/pico_time/time.c.obj
                0x100029a4                best_effort_wfe_or_timeout
 .text.hardware_alarm_irq_handler
                0x10002a50       0x90 CMakeFiles/rpi_pico_drone.dir/d97f2b5b64023699131c296d803e27bf/RPi_Pico_FC_v1.0.0/pico-sdk/src/rp2_common/hardware_timer/timer.c.obj
 .text.hardware_alarm_claim
                0x10002ae0       0x18 CMakeFiles/rpi_pico_drone.dir/d97f2b5b64023699131c296d803e27bf/RPi_Pico_FC_v1.0.0/pico-sdk/src/rp2_common/hardware_timer/timer.c.obj
                0x10002ae0                hardware_alarm_claim
 .text.time_us_64
                0x10002af8       0x18 CMakeFiles/rpi_pico_drone.dir/d97f2b5b64023699131c296d803e27bf/RPi_Pico_FC_v1.0.0/pico-sdk/src/rp2_common/hardware_timer/timer.c.obj
                0x10002af8                time_us_64
 .text.busy_wait_until
                0x10002b10       0x28 CMakeFiles/rpi_pico_drone.dir/d97f2b5b64023699131c296d803e27bf/RPi_Pico_FC_v1.0.0/pico-sdk/src/rp2_common/hardware_timer/timer.c.obj
                0x10002b10                busy_wait_until
 .text.hardware_alarm_set_callback
                0x10002b38       0x90 CMakeFiles/rpi_pico_drone.dir/d97f2b5b64023699131c296d803e27bf/RPi_Pico_FC_v1.0.0/pico-sdk/src/rp2_common/hardware_timer/timer.c.obj
                0x10002b38                hardware_alarm_set_callback
 .text.hardware_alarm_set_target
                0x10002bc8       0xe8 CMakeFiles/rpi_pico_drone.dir/d97f2b5b64023699131c296d803e27bf/RPi_Pico_FC_v1.0.0/pico-sdk/src/rp2_common/hardware_timer/timer.c.obj
                0x10002bc8                hardware_alarm_set_target
 .text.hardware_alarm_cancel
                0x10002cb0       0x40 CMakeFiles/rpi_pico_drone.dir/d97f2b5b64023699131c296d803e27bf/RPi_Pico_FC_v1.0.0/pico-sdk/src/rp2_common/hardware_timer/timer.c.obj
                0x10002cb0                hardware_alarm_cancel
 .text.ph_add_child_node
                0x10002cf0       0xa4 CMakeFiles/rpi_pico_drone.dir/da200fddeb9d2efd46c16acd1b623a99/RPi_Pico_Flight_Controller/RPi_Pico_FC_v1.0.0/pico-sdk/src/common/pico_util/pheap.c.obj
 .text.ph_merge_nodes
                0x10002d94       0x3e CMakeFiles/rpi_pico_drone.dir/da200fddeb9d2efd46c16acd1b623a99/RPi_Pico_Flight_Controller/RPi_Pico_FC_v1.0.0/pico-sdk/src/common/pico_util/pheap.c.obj
 *fill*         0x10002dd2        0x2 
 .text.ph_clear
                0x10002dd4       0x70 CMakeFiles/rpi_pico_drone.dir/da200fddeb9d2efd46c16acd1b623a99/RPi_Pico_Flight_Controller/RPi_Pico_FC_v1.0.0/pico-sdk/src/common/pico_util/pheap.c.obj
                0x10002dd4                ph_clear
 .text.ph_post_alloc_init
                0x10002e44        0xe CMakeFiles/rpi_pico_drone.dir/da200fddeb9d2efd46c16acd1b623a99/RPi_Pico_Flight_Controller/RPi_Pico_FC_v1.0.0/pico-sdk/src/common/pico_util/pheap.c.obj
                0x10002e44                ph_post_alloc_init
 *fill*         0x10002e52        0x2 
 .text.ph_merge_two_pass
                0x10002e54       0xa8 CMakeFiles/rpi_pico_drone.dir/da200fddeb9d2efd46c16acd1b623a99/RPi_Pico_Flight_Controller/RPi_Pico_FC_v1.0.0/pico-sdk/src/common/pico_util/pheap.c.obj
                0x10002e54                ph_merge_two_pass
 .text.ph_remove_any_head
                0x10002efc      0x128 CMakeFiles/rpi_pico_drone.dir/da200fddeb9d2efd46c16acd1b623a99/RPi_Pico_Flight_Controller/RPi_Pico_FC_v1.0.0/pico-sdk/src/common/pico_util/pheap.c.obj
 .text.ph_remove_head
                0x10003024       0x14 CMakeFiles/rpi_pico_drone.dir/da200fddeb9d2efd46c16acd1b623a99/RPi_Pico_Flight_Controller/RPi_Pico_FC_v1.0.0/pico-sdk/src/common/pico_util/pheap.c.obj
                0x10003024                ph_remove_head
 .text.ph_remove_and_free_node
                0x10003038       0xf8 CMakeFiles/rpi_pico_drone.dir/da200fddeb9d2efd46c16acd1b623a99/RPi_Pico_Flight_Controller/RPi_Pico_FC_v1.0.0/pico-sdk/src/common/pico_util/pheap.c.obj
                0x10003038                ph_remove_and_free_node
 .text.clock_configure
                0x10003130      0x108 CMakeFiles/rpi_pico_drone.dir/d97f2b5b64023699131c296d803e27bf/RPi_Pico_FC_v1.0.0/pico-sdk/src/rp2_common/hardware_clocks/clocks.c.obj
                0x10003130                clock_configure
 .text.clocks_init
                0x10003238      0x100 CMakeFiles/rpi_pico_drone.dir/d97f2b5b64023699131c296d803e27bf/RPi_Pico_FC_v1.0.0/pico-sdk/src/rp2_common/hardware_clocks/clocks.c.obj
                0x10003238                clocks_init
 .text.clock_get_hz
                0x10003338        0xc CMakeFiles/rpi_pico_drone.dir/d97f2b5b64023699131c296d803e27bf/RPi_Pico_FC_v1.0.0/pico-sdk/src/rp2_common/hardware_clocks/clocks.c.obj
                0x10003338                clock_get_hz
 .text.pll_init
                0x10003344      0x120 CMakeFiles/rpi_pico_drone.dir/d97f2b5b64023699131c296d803e27bf/RPi_Pico_FC_v1.0.0/pico-sdk/src/rp2_common/hardware_pll/pll.c.obj
                0x10003344                pll_init
 .text.watchdog_start_tick
                0x10003464       0x10 CMakeFiles/rpi_pico_drone.dir/d97f2b5b64023699131c296d803e27bf/RPi_Pico_FC_v1.0.0/pico-sdk/src/rp2_common/hardware_watchdog/watchdog.c.obj
                0x10003464                watchdog_start_tick
 .text.watchdog_update
                0x10003474       0x14 CMakeFiles/rpi_pico_drone.dir/d97f2b5b64023699131c296d803e27bf/RPi_Pico_FC_v1.0.0/pico-sdk/src/rp2_common/hardware_watchdog/watchdog.c.obj
                0x10003474                watchdog_update
 .text._watchdog_enable
                0x10003488       0x78 CMakeFiles/rpi_pico_drone.dir/d97f2b5b64023699131c296d803e27bf/RPi_Pico_FC_v1.0.0/pico-sdk/src/rp2_common/hardware_watchdog/watchdog.c.obj
                0x10003488                _watchdog_enable
 .text.watchdog_reboot
                0x10003500       0x48 CMakeFiles/rpi_pico_drone.dir/d97f2b5b64023699131c296d803e27bf/RPi_Pico_FC_v1.0.0/pico-sdk/src/rp2_common/hardware_watchdog/watchdog.c.obj
                0x10003500                watchdog_reboot
 .text.xosc_init
                0x10003548       0x28 CMakeFiles/rpi_pico_drone.dir/d97f2b5b64023699131c296d803e27bf/RPi_Pico_FC_v1.0.0/pico-sdk/src/rp2_common/hardware_xosc/xosc.c.obj
                0x10003548                xosc_init
 .text._exit    0x10003570        0x4 CMakeFiles/rpi_pico_drone.dir/d97f2b5b64023699131c296d803e27bf/RPi_Pico_FC_v1.0.0/pico-sdk/src/rp2_common/pico_runtime/runtime.c.obj
                0x10003570                _exit
 .text.exit     0x10003574        0x6 CMakeFiles/rpi_pico_drone.dir/d97f2b5b64023699131c296d803e27bf/RPi_Pico_FC_v1.0.0/pico-sdk/src/rp2_common/pico_runtime/runtime.c.obj
                0x10003574                exit
 *fill*         0x1000357a        0x2 
 .text.__assert_func
                0x1000357c       0x3c CMakeFiles/rpi_pico_drone.dir/d97f2b5b64023699131c296d803e27bf/RPi_Pico_FC_v1.0.0/pico-sdk/src/rp2_common/pico_runtime/runtime.c.obj
                0x1000357c                __assert_func
 .text.runtime_init
                0x100035b8       0xf8 CMakeFiles/rpi_pico_drone.dir/d97f2b5b64023699131c296d803e27bf/RPi_Pico_FC_v1.0.0/pico-sdk/src/rp2_common/pico_runtime/runtime.c.obj
                0x100035b8                runtime_init
 .text.panic    0x100036b0       0x30 CMakeFiles/rpi_pico_drone.dir/d97f2b5b64023699131c296d803e27bf/RPi_Pico_FC_v1.0.0/pico-sdk/src/rp2_common/pico_runtime/runtime.c.obj
                0x100036b0                panic
 .text._out_null
                0x100036e0        0x2 CMakeFiles/rpi_pico_drone.dir/d97f2b5b64023699131c296d803e27bf/RPi_Pico_FC_v1.0.0/pico-sdk/src/rp2_common/pico_printf/printf.c.obj
 .text._out_fct
                0x100036e2        0xe CMakeFiles/rpi_pico_drone.dir/d97f2b5b64023699131c296d803e27bf/RPi_Pico_FC_v1.0.0/pico-sdk/src/rp2_common/pico_printf/printf.c.obj
 .text._atoi    0x100036f0       0x24 CMakeFiles/rpi_pico_drone.dir/d97f2b5b64023699131c296d803e27bf/RPi_Pico_FC_v1.0.0/pico-sdk/src/rp2_common/pico_printf/printf.c.obj
 .text._out_rev
                0x10003714       0xae CMakeFiles/rpi_pico_drone.dir/d97f2b5b64023699131c296d803e27bf/RPi_Pico_FC_v1.0.0/pico-sdk/src/rp2_common/pico_printf/printf.c.obj
 .text._ntoa_format
                0x100037c2      0x112 CMakeFiles/rpi_pico_drone.dir/d97f2b5b64023699131c296d803e27bf/RPi_Pico_FC_v1.0.0/pico-sdk/src/rp2_common/pico_printf/printf.c.obj
 .text._ntoa_long
                0x100038d4       0xbc CMakeFiles/rpi_pico_drone.dir/d97f2b5b64023699131c296d803e27bf/RPi_Pico_FC_v1.0.0/pico-sdk/src/rp2_common/pico_printf/printf.c.obj
 .text._ntoa_long_long
                0x10003990       0xe2 CMakeFiles/rpi_pico_drone.dir/d97f2b5b64023699131c296d803e27bf/RPi_Pico_FC_v1.0.0/pico-sdk/src/rp2_common/pico_printf/printf.c.obj
 *fill*         0x10003a72        0x2 
 .text._etoa    0x10003a74      0x414 CMakeFiles/rpi_pico_drone.dir/d97f2b5b64023699131c296d803e27bf/RPi_Pico_FC_v1.0.0/pico-sdk/src/rp2_common/pico_printf/printf.c.obj
 .text._ftoa    0x10003e88      0x354 CMakeFiles/rpi_pico_drone.dir/d97f2b5b64023699131c296d803e27bf/RPi_Pico_FC_v1.0.0/pico-sdk/src/rp2_common/pico_printf/printf.c.obj
 .text._vsnprintf
                0x100041dc      0x624 CMakeFiles/rpi_pico_drone.dir/d97f2b5b64023699131c296d803e27bf/RPi_Pico_FC_v1.0.0/pico-sdk/src/rp2_common/pico_printf/printf.c.obj
 .text.vfctprintf
                0x10004800       0x20 CMakeFiles/rpi_pico_drone.dir/d97f2b5b64023699131c296d803e27bf/RPi_Pico_FC_v1.0.0/pico-sdk/src/rp2_common/pico_printf/printf.c.obj
                0x10004800                vfctprintf
 .text          0x10004820       0x10 CMakeFiles/rpi_pico_drone.dir/d97f2b5b64023699131c296d803e27bf/RPi_Pico_FC_v1.0.0/pico-sdk/src/rp2_common/pico_bit_ops/bit_ops_aeabi.S.obj
 .text.rom_func_lookup
                0x10004830       0x10 CMakeFiles/rpi_pico_drone.dir/d97f2b5b64023699131c296d803e27bf/RPi_Pico_FC_v1.0.0/pico-sdk/src/rp2_common/pico_bootrom/bootrom.c.obj
                0x10004830                rom_func_lookup
 .text.rom_data_lookup
                0x10004840       0x10 CMakeFiles/rpi_pico_drone.dir/d97f2b5b64023699131c296d803e27bf/RPi_Pico_FC_v1.0.0/pico-sdk/src/rp2_common/pico_bootrom/bootrom.c.obj
                0x10004840                rom_data_lookup
 .text.rom_funcs_lookup
                0x10004850       0x36 CMakeFiles/rpi_pico_drone.dir/d97f2b5b64023699131c296d803e27bf/RPi_Pico_FC_v1.0.0/pico-sdk/src/rp2_common/pico_bootrom/bootrom.c.obj
                0x10004850                rom_funcs_lookup
 *fill*         0x10004886        0x2 
 .text.__wrap___aeabi_idiv
                0x10004888       0x50 CMakeFiles/rpi_pico_drone.dir/d97f2b5b64023699131c296d803e27bf/RPi_Pico_FC_v1.0.0/pico-sdk/src/rp2_common/pico_divider/divider.S.obj
                0x10004888                __wrap___aeabi_idivmod
                0x10004888                divmod_s32s32
                0x10004888                div_s32s32
                0x10004888                __wrap___aeabi_idiv
                0x10004890                divmod_s32s32_unsafe
                0x100048bc                divmod_s32s32_savestate
 .text.__wrap___aeabi_uidiv
                0x100048d8       0x4c CMakeFiles/rpi_pico_drone.dir/d97f2b5b64023699131c296d803e27bf/RPi_Pico_FC_v1.0.0/pico-sdk/src/rp2_common/pico_divider/divider.S.obj
                0x100048d8                __wrap___aeabi_uidiv
                0x100048d8                __wrap___aeabi_uidivmod
                0x100048d8                div_u32u32
                0x100048d8                divmod_u32u32
                0x100048e0                divmod_u32u32_unsafe
                0x10004908                divmod_u32u32_savestate
 .text.__wrap___aeabi_ldiv
                0x10004924      0x424 CMakeFiles/rpi_pico_drone.dir/d97f2b5b64023699131c296d803e27bf/RPi_Pico_FC_v1.0.0/pico-sdk/src/rp2_common/pico_divider/divider.S.obj
                0x10004924                div_s64s64
                0x10004924                divmod_s64s64
                0x10004924                __wrap___aeabi_ldivmod
                0x10004954                divmod_u64u64
                0x10004954                div_u64u64
                0x10004954                __wrap___aeabi_uldivmod
                0x10004964                divmod_u64u64_savestate
                0x10004984                divmod_s64s64_unsafe
                0x10004a0c                divmod_u64u64_unsafe
 .text.push_r8_r11
                0x10004d48        0xc CMakeFiles/rpi_pico_drone.dir/d97f2b5b64023699131c296d803e27bf/RPi_Pico_FC_v1.0.0/pico-sdk/src/rp2_common/pico_double/double_aeabi.S.obj
                0x10004d48                push_r8_r11
 .text.pop_r8_r11
                0x10004d54        0xc CMakeFiles/rpi_pico_drone.dir/d97f2b5b64023699131c296d803e27bf/RPi_Pico_FC_v1.0.0/pico-sdk/src/rp2_common/pico_double/double_aeabi.S.obj
                0x10004d54                pop_r8_r11
 .text.__wrap___aeabi_darithmetic
                0x10004d60       0x80 CMakeFiles/rpi_pico_drone.dir/d97f2b5b64023699131c296d803e27bf/RPi_Pico_FC_v1.0.0/pico-sdk/src/rp2_common/pico_double/double_aeabi.S.obj
                0x10004d60                __wrap___aeabi_drsub
                0x10004d66                __wrap___aeabi_dsub
                0x10004d78                __wrap___aeabi_dadd
                0x10004d8a                __wrap___aeabi_ddiv
                0x10004dc6                __wrap___aeabi_dmul
 .text.__wrap___aeabi_cdcmple
                0x10004de0       0x6c CMakeFiles/rpi_pico_drone.dir/d97f2b5b64023699131c296d803e27bf/RPi_Pico_FC_v1.0.0/pico-sdk/src/rp2_common/pico_double/double_aeabi.S.obj
                0x10004de0                __wrap___aeabi_cdrcmple
                0x10004df0                __wrap___aeabi_cdcmpeq
                0x10004df0                __wrap___aeabi_cdcmple
 .text.__wrap___aeabi_dcmplt
                0x10004e4c        0xc CMakeFiles/rpi_pico_drone.dir/d97f2b5b64023699131c296d803e27bf/RPi_Pico_FC_v1.0.0/pico-sdk/src/rp2_common/pico_double/double_aeabi.S.obj
                0x10004e4c                __wrap___aeabi_dcmplt
 .text.__wrap___aeabi_dcmple
                0x10004e58       0x10 CMakeFiles/rpi_pico_drone.dir/d97f2b5b64023699131c296d803e27bf/RPi_Pico_FC_v1.0.0/pico-sdk/src/rp2_common/pico_double/double_aeabi.S.obj
                0x10004e58                __wrap___aeabi_dcmple
 .text.__wrap___aeabi_dcmpge
                0x10004e68       0x10 CMakeFiles/rpi_pico_drone.dir/d97f2b5b64023699131c296d803e27bf/RPi_Pico_FC_v1.0.0/pico-sdk/src/rp2_common/pico_double/double_aeabi.S.obj
                0x10004e68                __wrap___aeabi_dcmpge
 .text.__wrap___aeabi_dcmpgt
                0x10004e78        0xa CMakeFiles/rpi_pico_drone.dir/d97f2b5b64023699131c296d803e27bf/RPi_Pico_FC_v1.0.0/pico-sdk/src/rp2_common/pico_double/double_aeabi.S.obj
                0x10004e78                __wrap___aeabi_dcmpgt
 .text.__wrap___aeabi_dcmpun
                0x10004e82       0x1c CMakeFiles/rpi_pico_drone.dir/d97f2b5b64023699131c296d803e27bf/RPi_Pico_FC_v1.0.0/pico-sdk/src/rp2_common/pico_double/double_aeabi.S.obj
                0x10004e82                __wrap___aeabi_dcmpun
 *fill*         0x10004e9e        0x2 
 .text.__wrap___aeabi_i2d
                0x10004ea0       0x38 CMakeFiles/rpi_pico_drone.dir/d97f2b5b64023699131c296d803e27bf/RPi_Pico_FC_v1.0.0/pico-sdk/src/rp2_common/pico_double/double_aeabi.S.obj
                0x10004ea0                __wrap___aeabi_ui2d
                0x10004ea8                __wrap___aeabi_i2d
 .text.__wrap___aeabi_d2iz
                0x10004ed8       0x48 CMakeFiles/rpi_pico_drone.dir/d97f2b5b64023699131c296d803e27bf/RPi_Pico_FC_v1.0.0/pico-sdk/src/rp2_common/pico_double/double_aeabi.S.obj
                0x10004ed8                double2int_z
                0x10004ed8                __wrap___aeabi_d2iz
 .text.__wrap___aeabi_d2uiz
                0x10004f20       0x18 CMakeFiles/rpi_pico_drone.dir/d97f2b5b64023699131c296d803e27bf/RPi_Pico_FC_v1.0.0/pico-sdk/src/rp2_common/pico_double/double_aeabi.S.obj
                0x10004f20                __wrap___aeabi_d2uiz
                0x10004f20                double2uint
 .text.__wrap___aeabi_d2f
                0x10004f38       0x18 CMakeFiles/rpi_pico_drone.dir/d97f2b5b64023699131c296d803e27bf/RPi_Pico_FC_v1.0.0/pico-sdk/src/rp2_common/pico_double/double_aeabi.S.obj
                0x10004f38                __wrap___aeabi_d2f
 .text.__wrap_srqt
                0x10004f50       0x18 CMakeFiles/rpi_pico_drone.dir/d97f2b5b64023699131c296d803e27bf/RPi_Pico_FC_v1.0.0/pico-sdk/src/rp2_common/pico_double/double_aeabi.S.obj
                0x10004f50                __wrap_sqrt
 .text.__wrap_atan2
                0x10004f68       0x18 CMakeFiles/rpi_pico_drone.dir/d97f2b5b64023699131c296d803e27bf/RPi_Pico_FC_v1.0.0/pico-sdk/src/rp2_common/pico_double/double_aeabi.S.obj
                0x10004f68                __wrap_atan2
 .text.__aeabi_double_init
                0x10004f80       0xc8 CMakeFiles/rpi_pico_drone.dir/d97f2b5b64023699131c296d803e27bf/RPi_Pico_FC_v1.0.0/pico-sdk/src/rp2_common/pico_double/double_init_rom.c.obj
                0x10004f80                __aeabi_double_init
 .text.__wrap_atan
                0x10005048       0x40 CMakeFiles/rpi_pico_drone.dir/d97f2b5b64023699131c296d803e27bf/RPi_Pico_FC_v1.0.0/pico-sdk/src/rp2_common/pico_double/double_math.c.obj
                0x10005048                __wrap_atan
 .text.double_table_shim_on_use_helper
                0x10005088       0x34 CMakeFiles/rpi_pico_drone.dir/d97f2b5b64023699131c296d803e27bf/RPi_Pico_FC_v1.0.0/pico-sdk/src/rp2_common/pico_double/double_v1_rom_shim.S.obj
                0x10005088                double_table_shim_on_use_helper
 .text.__wrap___aeabi_dsub
                0x100050bc       0x10 CMakeFiles/rpi_pico_drone.dir/d97f2b5b64023699131c296d803e27bf/RPi_Pico_FC_v1.0.0/pico-sdk/src/rp2_common/pico_double/double_v1_rom_shim.S.obj
                0x100050bc                drsub_shim
                0x100050c2                dsub_shim
 .text.dadd_shim
                0x100050cc      0x15c CMakeFiles/rpi_pico_drone.dir/d97f2b5b64023699131c296d803e27bf/RPi_Pico_FC_v1.0.0/pico-sdk/src/rp2_common/pico_double/double_v1_rom_shim.S.obj
                0x100050cc                dadd_shim
 .text.dmul_shim
                0x10005228      0x15c CMakeFiles/rpi_pico_drone.dir/d97f2b5b64023699131c296d803e27bf/RPi_Pico_FC_v1.0.0/pico-sdk/src/rp2_common/pico_double/double_v1_rom_shim.S.obj
                0x10005228                dmul_shim
 .text.ddiv_shim
                0x10005384      0x1b0 CMakeFiles/rpi_pico_drone.dir/d97f2b5b64023699131c296d803e27bf/RPi_Pico_FC_v1.0.0/pico-sdk/src/rp2_common/pico_double/double_v1_rom_shim.S.obj
                0x10005384                ddiv_shim
 .text.dsqrt_shim
                0x10005534      0x1a8 CMakeFiles/rpi_pico_drone.dir/d97f2b5b64023699131c296d803e27bf/RPi_Pico_FC_v1.0.0/pico-sdk/src/rp2_common/pico_double/double_v1_rom_shim.S.obj
                0x10005550                dsqrt_shim
 .text.dcordic_vec_step
                0x100056dc        0xe CMakeFiles/rpi_pico_drone.dir/d97f2b5b64023699131c296d803e27bf/RPi_Pico_FC_v1.0.0/pico-sdk/src/rp2_common/pico_double/double_v1_rom_shim.S.obj
                0x100056dc                dcordic_vec_step
 .text.dcordic_rot_step
                0x100056ea       0x76 CMakeFiles/rpi_pico_drone.dir/d97f2b5b64023699131c296d803e27bf/RPi_Pico_FC_v1.0.0/pico-sdk/src/rp2_common/pico_double/double_v1_rom_shim.S.obj
                0x100056ea                dcordic_rot_step
 .text.double2uint_shim
                0x10005760        0xe CMakeFiles/rpi_pico_drone.dir/d97f2b5b64023699131c296d803e27bf/RPi_Pico_FC_v1.0.0/pico-sdk/src/rp2_common/pico_double/double_v1_rom_shim.S.obj
                0x10005760                double2uint_shim
                0x10005762                double2ufix_shim
 .text.double2int64_shim
                0x1000576e       0x1a CMakeFiles/rpi_pico_drone.dir/d97f2b5b64023699131c296d803e27bf/RPi_Pico_FC_v1.0.0/pico-sdk/src/rp2_common/pico_double/double_v1_rom_shim.S.obj
                0x1000576e                double2int64_shim
                0x10005770                double2fix64_shim
 .text.double2uint64_shim
                0x10005788       0x70 CMakeFiles/rpi_pico_drone.dir/d97f2b5b64023699131c296d803e27bf/RPi_Pico_FC_v1.0.0/pico-sdk/src/rp2_common/pico_double/double_v1_rom_shim.S.obj
                0x10005788                double2uint64_shim
                0x1000578a                double2ufix64_shim
                0x100057aa                d2fix_a
 .text.double2float_shim
                0x100057f8       0x5c CMakeFiles/rpi_pico_drone.dir/d97f2b5b64023699131c296d803e27bf/RPi_Pico_FC_v1.0.0/pico-sdk/src/rp2_common/pico_double/double_v1_rom_shim.S.obj
                0x100057f8                double2float_shim
 .text.x2double_shims
                0x10005854       0x90 CMakeFiles/rpi_pico_drone.dir/d97f2b5b64023699131c296d803e27bf/RPi_Pico_FC_v1.0.0/pico-sdk/src/rp2_common/pico_double/double_v1_rom_shim.S.obj
                0x10005854                uint2double_shim
                0x10005856                ufix2double_shim
                0x1000585c                int2double_shim
                0x1000585e                fix2double_shim
                0x10005864                uint642double_shim
                0x10005866                ufix642double_shim
                0x1000586c                int642double_shim
                0x1000586e                fix642double_shim
 .text.dunpacks
                0x100058e4       0x3c CMakeFiles/rpi_pico_drone.dir/d97f2b5b64023699131c296d803e27bf/RPi_Pico_FC_v1.0.0/pico-sdk/src/rp2_common/pico_double/double_v1_rom_shim.S.obj
                0x100058e4                dunpacks
 .text.dreduce  0x10005920       0x82 CMakeFiles/rpi_pico_drone.dir/d97f2b5b64023699131c296d803e27bf/RPi_Pico_FC_v1.0.0/pico-sdk/src/rp2_common/pico_double/double_v1_rom_shim.S.obj
                0x10005920                dreduce
 *fill*         0x100059a2        0x2 
 .text.dtrig_guts
                0x100059a4      0x2ec CMakeFiles/rpi_pico_drone.dir/d97f2b5b64023699131c296d803e27bf/RPi_Pico_FC_v1.0.0/pico-sdk/src/rp2_common/pico_double/double_v1_rom_shim.S.obj
                0x10005a7c                datan2_shim
 .text.__aeabi_lmul
                0x10005c90       0x32 CMakeFiles/rpi_pico_drone.dir/d97f2b5b64023699131c296d803e27bf/RPi_Pico_FC_v1.0.0/pico-sdk/src/rp2_common/pico_int64_ops/pico_int64_ops_aeabi.S.obj
                0x10005c90                __wrap___aeabi_lmul
 *fill*         0x10005cc2        0x2 
 .text.__wrap___aeabi_farithmetic
                0x10005cc4       0x58 CMakeFiles/rpi_pico_drone.dir/d97f2b5b64023699131c296d803e27bf/RPi_Pico_FC_v1.0.0/pico-sdk/src/rp2_common/pico_float/float_aeabi.S.obj
                0x10005cc4                __wrap___aeabi_frsub
                0x10005cca                __wrap___aeabi_fsub
                0x10005cd4                __wrap___aeabi_fadd
                0x10005cde                __wrap___aeabi_fdiv
                0x10005d0a                __wrap___aeabi_fmul
 .text.__wrap___aeabi_cfcmple
                0x10005d1c       0x50 CMakeFiles/rpi_pico_drone.dir/d97f2b5b64023699131c296d803e27bf/RPi_Pico_FC_v1.0.0/pico-sdk/src/rp2_common/pico_float/float_aeabi.S.obj
                0x10005d1c                __wrap___aeabi_cfrcmple
                0x10005d28                __wrap___aeabi_cfcmple
                0x10005d28                __wrap___aeabi_cfcmpeq
 .text.__wrap___aeabi_fcmplt
                0x10005d6c        0xc CMakeFiles/rpi_pico_drone.dir/d97f2b5b64023699131c296d803e27bf/RPi_Pico_FC_v1.0.0/pico-sdk/src/rp2_common/pico_float/float_aeabi.S.obj
                0x10005d6c                __wrap___aeabi_fcmplt
 .text.__wrap___aeabi_fcmpgt
                0x10005d78        0xa CMakeFiles/rpi_pico_drone.dir/d97f2b5b64023699131c296d803e27bf/RPi_Pico_FC_v1.0.0/pico-sdk/src/rp2_common/pico_float/float_aeabi.S.obj
                0x10005d78                __wrap___aeabi_fcmpgt
 *fill*         0x10005d82        0x2 
 .text.__wrap___aeabi_i2f
                0x10005d84       0x44 CMakeFiles/rpi_pico_drone.dir/d97f2b5b64023699131c296d803e27bf/RPi_Pico_FC_v1.0.0/pico-sdk/src/rp2_common/pico_float/float_aeabi.S.obj
                0x10005d84                __wrap___aeabi_i2f
 .text.__wrap___aeabi_f2iz
                0x10005dc8       0x4e CMakeFiles/rpi_pico_drone.dir/d97f2b5b64023699131c296d803e27bf/RPi_Pico_FC_v1.0.0/pico-sdk/src/rp2_common/pico_float/float_aeabi.S.obj
                0x10005dc8                float2int_z
                0x10005dc8                __wrap___aeabi_f2iz
 *fill*         0x10005e16        0x2 
 .text.float2int
                0x10005e18       0x14 CMakeFiles/rpi_pico_drone.dir/d97f2b5b64023699131c296d803e27bf/RPi_Pico_FC_v1.0.0/pico-sdk/src/rp2_common/pico_float/float_aeabi.S.obj
                0x10005e18                float2int
 .text.__wrap___aeabi_f2uiz
                0x10005e2c       0x10 CMakeFiles/rpi_pico_drone.dir/d97f2b5b64023699131c296d803e27bf/RPi_Pico_FC_v1.0.0/pico-sdk/src/rp2_common/pico_float/float_aeabi.S.obj
                0x10005e2c                __wrap___aeabi_f2uiz
 .text.__wrap___aeabi_f2d
                0x10005e3c       0x14 CMakeFiles/rpi_pico_drone.dir/d97f2b5b64023699131c296d803e27bf/RPi_Pico_FC_v1.0.0/pico-sdk/src/rp2_common/pico_float/float_aeabi.S.obj
                0x10005e3c                __wrap___aeabi_f2d
 .text.__aeabi_float_init
                0x10005e50       0xfc CMakeFiles/rpi_pico_drone.dir/d97f2b5b64023699131c296d803e27bf/RPi_Pico_FC_v1.0.0/pico-sdk/src/rp2_common/pico_float/float_init_rom.c.obj
                0x10005e50                __aeabi_float_init
 .text.float_table_shim_on_use_helper
                0x10005f4c       0x34 CMakeFiles/rpi_pico_drone.dir/d97f2b5b64023699131c296d803e27bf/RPi_Pico_FC_v1.0.0/pico-sdk/src/rp2_common/pico_float/float_v1_rom_shim.S.obj
                0x10005f4c                float_table_shim_on_use_helper
 .text.float232_shims
                0x10005f80       0x18 CMakeFiles/rpi_pico_drone.dir/d97f2b5b64023699131c296d803e27bf/RPi_Pico_FC_v1.0.0/pico-sdk/src/rp2_common/pico_float/float_v1_rom_shim.S.obj
                0x10005f80                float2int_shim
                0x10005f82                float2fix_shim
 .text.float2double_shim
                0x10005f98       0x30 CMakeFiles/rpi_pico_drone.dir/d97f2b5b64023699131c296d803e27bf/RPi_Pico_FC_v1.0.0/pico-sdk/src/rp2_common/pico_float/float_v1_rom_shim.S.obj
                0x10005f98                float2double_shim
 .text          0x10005fc8       0x10 CMakeFiles/rpi_pico_drone.dir/d97f2b5b64023699131c296d803e27bf/RPi_Pico_FC_v1.0.0/pico-sdk/src/rp2_common/pico_mem_ops/mem_ops_aeabi.S.obj
                0x10005fc8                __aeabi_mem_init
 .text.memset   0x10005fd8        0xc CMakeFiles/rpi_pico_drone.dir/d97f2b5b64023699131c296d803e27bf/RPi_Pico_FC_v1.0.0/pico-sdk/src/rp2_common/pico_mem_ops/mem_ops_aeabi.S.obj
                0x10005fd8                __wrap_memset
 .text.memcpy   0x10005fe4        0xc CMakeFiles/rpi_pico_drone.dir/d97f2b5b64023699131c296d803e27bf/RPi_Pico_FC_v1.0.0/pico-sdk/src/rp2_common/pico_mem_ops/mem_ops_aeabi.S.obj
                0x10005fe4                __wrap_memcpy
                0x10005fe4                __wrap___aeabi_memcpy
 .text.stdio_out_chars_no_crlf
                0x10005ff0        0xe CMakeFiles/rpi_pico_drone.dir/d97f2b5b64023699131c296d803e27bf/RPi_Pico_FC_v1.0.0/pico-sdk/src/rp2_common/pico_stdio/stdio.c.obj
 *fill*         0x10005ffe        0x2 
 .text.stdio_out_chars_crlf
                0x10006000       0x80 CMakeFiles/rpi_pico_drone.dir/d97f2b5b64023699131c296d803e27bf/RPi_Pico_FC_v1.0.0/pico-sdk/src/rp2_common/pico_stdio/stdio.c.obj
 .text.stdio_stack_buffer_flush
                0x10006080       0x44 CMakeFiles/rpi_pico_drone.dir/d97f2b5b64023699131c296d803e27bf/RPi_Pico_FC_v1.0.0/pico-sdk/src/rp2_common/pico_stdio/stdio.c.obj
 .text.stdio_buffered_printer
                0x100060c4       0x20 CMakeFiles/rpi_pico_drone.dir/d97f2b5b64023699131c296d803e27bf/RPi_Pico_FC_v1.0.0/pico-sdk/src/rp2_common/pico_stdio/stdio.c.obj
 .text.stdout_serialize_begin
                0x100060e4       0x5c CMakeFiles/rpi_pico_drone.dir/d97f2b5b64023699131c296d803e27bf/RPi_Pico_FC_v1.0.0/pico-sdk/src/rp2_common/pico_stdio/stdio.c.obj
                0x100060e4                stdout_serialize_begin
 .text.stdout_serialize_end
                0x10006140       0x10 CMakeFiles/rpi_pico_drone.dir/d97f2b5b64023699131c296d803e27bf/RPi_Pico_FC_v1.0.0/pico-sdk/src/rp2_common/pico_stdio/stdio.c.obj
                0x10006140                stdout_serialize_end
 .text.stdio_put_string
                0x10006150       0x98 CMakeFiles/rpi_pico_drone.dir/d97f2b5b64023699131c296d803e27bf/RPi_Pico_FC_v1.0.0/pico-sdk/src/rp2_common/pico_stdio/stdio.c.obj
 .text.stdio_set_driver_enabled
                0x100061e8       0x2c CMakeFiles/rpi_pico_drone.dir/d97f2b5b64023699131c296d803e27bf/RPi_Pico_FC_v1.0.0/pico-sdk/src/rp2_common/pico_stdio/stdio.c.obj
                0x100061e8                stdio_set_driver_enabled
 .text.stdio_flush
                0x10006214       0x20 CMakeFiles/rpi_pico_drone.dir/d97f2b5b64023699131c296d803e27bf/RPi_Pico_FC_v1.0.0/pico-sdk/src/rp2_common/pico_stdio/stdio.c.obj
                0x10006214                stdio_flush
 .text.__wrap_puts
                0x10006234       0x1e CMakeFiles/rpi_pico_drone.dir/d97f2b5b64023699131c296d803e27bf/RPi_Pico_FC_v1.0.0/pico-sdk/src/rp2_common/pico_stdio/stdio.c.obj
                0x10006234                __wrap_puts
 *fill*         0x10006252        0x2 
 .text.__wrap_vprintf
                0x10006254       0x40 CMakeFiles/rpi_pico_drone.dir/d97f2b5b64023699131c296d803e27bf/RPi_Pico_FC_v1.0.0/pico-sdk/src/rp2_common/pico_stdio/stdio.c.obj
                0x10006254                __wrap_vprintf
 .text.__wrap_printf
                0x10006294       0x18 CMakeFiles/rpi_pico_drone.dir/d97f2b5b64023699131c296d803e27bf/RPi_Pico_FC_v1.0.0/pico-sdk/src/rp2_common/pico_stdio/stdio.c.obj
                0x10006294                __wrap_printf
 .text.stdio_init_all
                0x100062ac        0x8 CMakeFiles/rpi_pico_drone.dir/d97f2b5b64023699131c296d803e27bf/RPi_Pico_FC_v1.0.0/pico-sdk/src/rp2_common/pico_stdio/stdio.c.obj
                0x100062ac                stdio_init_all
 .text.resetd_init
                0x100062b4        0x2 CMakeFiles/rpi_pico_drone.dir/d97f2b5b64023699131c296d803e27bf/RPi_Pico_FC_v1.0.0/pico-sdk/src/rp2_common/pico_stdio_usb/reset_interface.c.obj
 *fill*         0x100062b6        0x2 
 .text.resetd_reset
                0x100062b8        0xc CMakeFiles/rpi_pico_drone.dir/d97f2b5b64023699131c296d803e27bf/RPi_Pico_FC_v1.0.0/pico-sdk/src/rp2_common/pico_stdio_usb/reset_interface.c.obj
 .text.resetd_open
                0x100062c4       0x34 CMakeFiles/rpi_pico_drone.dir/d97f2b5b64023699131c296d803e27bf/RPi_Pico_FC_v1.0.0/pico-sdk/src/rp2_common/pico_stdio_usb/reset_interface.c.obj
 .text.resetd_xfer_cb
                0x100062f8        0x4 CMakeFiles/rpi_pico_drone.dir/d97f2b5b64023699131c296d803e27bf/RPi_Pico_FC_v1.0.0/pico-sdk/src/rp2_common/pico_stdio_usb/reset_interface.c.obj
 .text.reset_usb_boot
                0x100062fc       0x18 CMakeFiles/rpi_pico_drone.dir/d97f2b5b64023699131c296d803e27bf/RPi_Pico_FC_v1.0.0/pico-sdk/src/rp2_common/pico_stdio_usb/reset_interface.c.obj
 .text.resetd_control_xfer_cb
                0x10006314       0x5c CMakeFiles/rpi_pico_drone.dir/d97f2b5b64023699131c296d803e27bf/RPi_Pico_FC_v1.0.0/pico-sdk/src/rp2_common/pico_stdio_usb/reset_interface.c.obj
 .text.usbd_app_driver_get_cb
                0x10006370        0xc CMakeFiles/rpi_pico_drone.dir/d97f2b5b64023699131c296d803e27bf/RPi_Pico_FC_v1.0.0/pico-sdk/src/rp2_common/pico_stdio_usb/reset_interface.c.obj
                0x10006370                usbd_app_driver_get_cb
 .text.tud_cdc_line_coding_cb
                0x1000637c       0x28 CMakeFiles/rpi_pico_drone.dir/d97f2b5b64023699131c296d803e27bf/RPi_Pico_FC_v1.0.0/pico-sdk/src/rp2_common/pico_stdio_usb/reset_interface.c.obj
                0x1000637c                tud_cdc_line_coding_cb
 .text.stdio_usb_set_chars_available_callback
                0x100063a4       0x14 CMakeFiles/rpi_pico_drone.dir/d97f2b5b64023699131c296d803e27bf/RPi_Pico_FC_v1.0.0/pico-sdk/src/rp2_common/pico_stdio_usb/stdio_usb.c.obj
                0x100063a4                stdio_usb_set_chars_available_callback
 .text.usb_irq  0x100063b8       0x10 CMakeFiles/rpi_pico_drone.dir/d97f2b5b64023699131c296d803e27bf/RPi_Pico_FC_v1.0.0/pico-sdk/src/rp2_common/pico_stdio_usb/stdio_usb.c.obj
 .text.timer_task
                0x100063c8       0x5c CMakeFiles/rpi_pico_drone.dir/d97f2b5b64023699131c296d803e27bf/RPi_Pico_FC_v1.0.0/pico-sdk/src/rp2_common/pico_stdio_usb/stdio_usb.c.obj
 .text.low_priority_worker_irq
                0x10006424       0xdc CMakeFiles/rpi_pico_drone.dir/d97f2b5b64023699131c296d803e27bf/RPi_Pico_FC_v1.0.0/pico-sdk/src/rp2_common/pico_stdio_usb/stdio_usb.c.obj
 .text.tud_cdc_rx_cb
                0x10006500       0x20 CMakeFiles/rpi_pico_drone.dir/d97f2b5b64023699131c296d803e27bf/RPi_Pico_FC_v1.0.0/pico-sdk/src/rp2_common/pico_stdio_usb/stdio_usb.c.obj
                0x10006500                tud_cdc_rx_cb
 .text.stdio_usb_init
                0x10006520      0x11c CMakeFiles/rpi_pico_drone.dir/d97f2b5b64023699131c296d803e27bf/RPi_Pico_FC_v1.0.0/pico-sdk/src/rp2_common/pico_stdio_usb/stdio_usb.c.obj
                0x10006520                stdio_usb_init
 .text.stdio_usb_connected
                0x1000663c        0xa CMakeFiles/rpi_pico_drone.dir/d97f2b5b64023699131c296d803e27bf/RPi_Pico_FC_v1.0.0/pico-sdk/src/rp2_common/pico_stdio_usb/stdio_usb.c.obj
                0x1000663c                stdio_usb_connected
 *fill*         0x10006646        0x2 
 .text.stdio_usb_in_chars
                0x10006648       0xc4 CMakeFiles/rpi_pico_drone.dir/d97f2b5b64023699131c296d803e27bf/RPi_Pico_FC_v1.0.0/pico-sdk/src/rp2_common/pico_stdio_usb/stdio_usb.c.obj
                0x10006648                stdio_usb_in_chars
 .text.stdio_usb_out_chars
                0x1000670c      0x114 CMakeFiles/rpi_pico_drone.dir/d97f2b5b64023699131c296d803e27bf/RPi_Pico_FC_v1.0.0/pico-sdk/src/rp2_common/pico_stdio_usb/stdio_usb.c.obj
 .text.tud_descriptor_device_cb
                0x10006820        0x8 CMakeFiles/rpi_pico_drone.dir/d97f2b5b64023699131c296d803e27bf/RPi_Pico_FC_v1.0.0/pico-sdk/src/rp2_common/pico_stdio_usb/stdio_usb_descriptors.c.obj
                0x10006820                tud_descriptor_device_cb
 .text.tud_descriptor_configuration_cb
                0x10006828        0x8 CMakeFiles/rpi_pico_drone.dir/d97f2b5b64023699131c296d803e27bf/RPi_Pico_FC_v1.0.0/pico-sdk/src/rp2_common/pico_stdio_usb/stdio_usb_descriptors.c.obj
                0x10006828                tud_descriptor_configuration_cb
 .text.tud_descriptor_string_cb
                0x10006830       0x6c CMakeFiles/rpi_pico_drone.dir/d97f2b5b64023699131c296d803e27bf/RPi_Pico_FC_v1.0.0/pico-sdk/src/rp2_common/pico_stdio_usb/stdio_usb_descriptors.c.obj
                0x10006830                tud_descriptor_string_cb
 .text._retrieve_unique_id_on_boot
                0x1000689c       0x10 CMakeFiles/rpi_pico_drone.dir/d97f2b5b64023699131c296d803e27bf/RPi_Pico_FC_v1.0.0/pico-sdk/src/rp2_common/pico_unique_id/unique_id.c.obj
 .text.pico_get_unique_board_id_string
                0x100068ac       0x60 CMakeFiles/rpi_pico_drone.dir/d97f2b5b64023699131c296d803e27bf/RPi_Pico_FC_v1.0.0/pico-sdk/src/rp2_common/pico_unique_id/unique_id.c.obj
                0x100068ac                pico_get_unique_board_id_string
 .text.flash_get_unique_id
                0x1000690c       0x46 CMakeFiles/rpi_pico_drone.dir/d97f2b5b64023699131c296d803e27bf/RPi_Pico_FC_v1.0.0/pico-sdk/src/rp2_common/hardware_flash/flash.c.obj
                0x1000690c                flash_get_unique_id
 *fill*         0x10006952        0x2 
 .text.hw_endpoint_get_by_addr
                0x10006954       0x18 CMakeFiles/rpi_pico_drone.dir/b0467f32c4d1f07aac7fb6b8abf44d4e/pico-sdk/lib/tinyusb/src/portable/raspberrypi/rp2040/dcd_rp2040.c.obj
 .text._hw_endpoint_alloc
                0x1000696c       0x70 CMakeFiles/rpi_pico_drone.dir/b0467f32c4d1f07aac7fb6b8abf44d4e/pico-sdk/lib/tinyusb/src/portable/raspberrypi/rp2040/dcd_rp2040.c.obj
 .text.hw_endpoint_init
                0x100069dc       0x88 CMakeFiles/rpi_pico_drone.dir/b0467f32c4d1f07aac7fb6b8abf44d4e/pico-sdk/lib/tinyusb/src/portable/raspberrypi/rp2040/dcd_rp2040.c.obj
 .text.hw_endpoint_xfer
                0x10006a64       0x14 CMakeFiles/rpi_pico_drone.dir/b0467f32c4d1f07aac7fb6b8abf44d4e/pico-sdk/lib/tinyusb/src/portable/raspberrypi/rp2040/dcd_rp2040.c.obj
 .text.dcd_int_enable
                0x10006a78       0x2c CMakeFiles/rpi_pico_drone.dir/b0467f32c4d1f07aac7fb6b8abf44d4e/pico-sdk/lib/tinyusb/src/portable/raspberrypi/rp2040/dcd_rp2040.c.obj
                0x10006a78                dcd_int_enable
 .text.dcd_set_address
                0x10006aa4       0x2c CMakeFiles/rpi_pico_drone.dir/b0467f32c4d1f07aac7fb6b8abf44d4e/pico-sdk/lib/tinyusb/src/portable/raspberrypi/rp2040/dcd_rp2040.c.obj
                0x10006aa4                dcd_set_address
 .text.dcd_connect
                0x10006ad0       0x10 CMakeFiles/rpi_pico_drone.dir/b0467f32c4d1f07aac7fb6b8abf44d4e/pico-sdk/lib/tinyusb/src/portable/raspberrypi/rp2040/dcd_rp2040.c.obj
                0x10006ad0                dcd_connect
 .text.dcd_init
                0x10006ae0       0x80 CMakeFiles/rpi_pico_drone.dir/b0467f32c4d1f07aac7fb6b8abf44d4e/pico-sdk/lib/tinyusb/src/portable/raspberrypi/rp2040/dcd_rp2040.c.obj
                0x10006ae0                dcd_init
 .text.dcd_edpt0_status_complete
                0x10006b60       0x1c CMakeFiles/rpi_pico_drone.dir/b0467f32c4d1f07aac7fb6b8abf44d4e/pico-sdk/lib/tinyusb/src/portable/raspberrypi/rp2040/dcd_rp2040.c.obj
                0x10006b60                dcd_edpt0_status_complete
 .text.dcd_edpt_open
                0x10006b7c       0x40 CMakeFiles/rpi_pico_drone.dir/b0467f32c4d1f07aac7fb6b8abf44d4e/pico-sdk/lib/tinyusb/src/portable/raspberrypi/rp2040/dcd_rp2040.c.obj
                0x10006b7c                dcd_edpt_open
 .text.dcd_edpt_close_all
                0x10006bbc        0x8 CMakeFiles/rpi_pico_drone.dir/b0467f32c4d1f07aac7fb6b8abf44d4e/pico-sdk/lib/tinyusb/src/portable/raspberrypi/rp2040/dcd_rp2040.c.obj
                0x10006bbc                dcd_edpt_close_all
 .text.dcd_edpt_xfer
                0x10006bc4       0x34 CMakeFiles/rpi_pico_drone.dir/b0467f32c4d1f07aac7fb6b8abf44d4e/pico-sdk/lib/tinyusb/src/portable/raspberrypi/rp2040/dcd_rp2040.c.obj
                0x10006bc4                dcd_edpt_xfer
 .text.dcd_edpt_stall
                0x10006bf8       0x2c CMakeFiles/rpi_pico_drone.dir/b0467f32c4d1f07aac7fb6b8abf44d4e/pico-sdk/lib/tinyusb/src/portable/raspberrypi/rp2040/dcd_rp2040.c.obj
                0x10006bf8                dcd_edpt_stall
 .text.dcd_edpt_clear_stall
                0x10006c24       0x20 CMakeFiles/rpi_pico_drone.dir/b0467f32c4d1f07aac7fb6b8abf44d4e/pico-sdk/lib/tinyusb/src/portable/raspberrypi/rp2040/dcd_rp2040.c.obj
                0x10006c24                dcd_edpt_clear_stall
 .text.rp2040_usb_init
                0x10006c44       0x4c CMakeFiles/rpi_pico_drone.dir/b0467f32c4d1f07aac7fb6b8abf44d4e/pico-sdk/lib/tinyusb/src/portable/raspberrypi/rp2040/rp2040_usb.c.obj
                0x10006c44                rp2040_usb_init
 .text.hw_endpoint_xfer_start
                0x10006c90       0x50 CMakeFiles/rpi_pico_drone.dir/b0467f32c4d1f07aac7fb6b8abf44d4e/pico-sdk/lib/tinyusb/src/portable/raspberrypi/rp2040/rp2040_usb.c.obj
                0x10006c90                hw_endpoint_xfer_start
 .text.configuration_reset
                0x10006ce0       0x84 CMakeFiles/rpi_pico_drone.dir/d97f2b5b64023699131c296d803e27bf/RPi_Pico_FC_v1.0.0/pico-sdk/lib/tinyusb/src/device/usbd.c.obj
 .text.usbd_reset
                0x10006d64        0xc CMakeFiles/rpi_pico_drone.dir/d97f2b5b64023699131c296d803e27bf/RPi_Pico_FC_v1.0.0/pico-sdk/lib/tinyusb/src/device/usbd.c.obj
 .text.invoke_class_control
                0x10006d70       0x1a CMakeFiles/rpi_pico_drone.dir/d97f2b5b64023699131c296d803e27bf/RPi_Pico_FC_v1.0.0/pico-sdk/lib/tinyusb/src/device/usbd.c.obj
 *fill*         0x10006d8a        0x2 
 .text.process_set_config
                0x10006d8c      0x178 CMakeFiles/rpi_pico_drone.dir/d97f2b5b64023699131c296d803e27bf/RPi_Pico_FC_v1.0.0/pico-sdk/lib/tinyusb/src/device/usbd.c.obj
 .text.process_get_descriptor
                0x10006f04       0xdc CMakeFiles/rpi_pico_drone.dir/d97f2b5b64023699131c296d803e27bf/RPi_Pico_FC_v1.0.0/pico-sdk/lib/tinyusb/src/device/usbd.c.obj
 .text.tud_mounted
                0x10006fe0       0x10 CMakeFiles/rpi_pico_drone.dir/d97f2b5b64023699131c296d803e27bf/RPi_Pico_FC_v1.0.0/pico-sdk/lib/tinyusb/src/device/usbd.c.obj
                0x10006fe0                tud_mounted
 .text.tud_suspended
                0x10006ff0       0x10 CMakeFiles/rpi_pico_drone.dir/d97f2b5b64023699131c296d803e27bf/RPi_Pico_FC_v1.0.0/pico-sdk/lib/tinyusb/src/device/usbd.c.obj
                0x10006ff0                tud_suspended
 .text.tud_inited
                0x10007000       0x14 CMakeFiles/rpi_pico_drone.dir/d97f2b5b64023699131c296d803e27bf/RPi_Pico_FC_v1.0.0/pico-sdk/lib/tinyusb/src/device/usbd.c.obj
                0x10007000                tud_inited
 .text.tud_init
                0x10007014       0xcc CMakeFiles/rpi_pico_drone.dir/d97f2b5b64023699131c296d803e27bf/RPi_Pico_FC_v1.0.0/pico-sdk/lib/tinyusb/src/device/usbd.c.obj
                0x10007014                tud_init
 .text.usbd_defer_func
                0x100070e0       0x2a CMakeFiles/rpi_pico_drone.dir/d97f2b5b64023699131c296d803e27bf/RPi_Pico_FC_v1.0.0/pico-sdk/lib/tinyusb/src/device/usbd.c.obj
                0x100070e0                usbd_defer_func
 *fill*         0x1000710a        0x2 
 .text.usbd_edpt_open
                0x1000710c       0x34 CMakeFiles/rpi_pico_drone.dir/d97f2b5b64023699131c296d803e27bf/RPi_Pico_FC_v1.0.0/pico-sdk/lib/tinyusb/src/device/usbd.c.obj
                0x1000710c                usbd_edpt_open
 .text.usbd_open_edpt_pair
                0x10007140       0x62 CMakeFiles/rpi_pico_drone.dir/d97f2b5b64023699131c296d803e27bf/RPi_Pico_FC_v1.0.0/pico-sdk/lib/tinyusb/src/device/usbd.c.obj
                0x10007140                usbd_open_edpt_pair
 *fill*         0x100071a2        0x2 
 .text.usbd_edpt_claim
                0x100071a4       0x28 CMakeFiles/rpi_pico_drone.dir/d97f2b5b64023699131c296d803e27bf/RPi_Pico_FC_v1.0.0/pico-sdk/lib/tinyusb/src/device/usbd.c.obj
                0x100071a4                usbd_edpt_claim
 .text.usbd_edpt_release
                0x100071cc       0x28 CMakeFiles/rpi_pico_drone.dir/d97f2b5b64023699131c296d803e27bf/RPi_Pico_FC_v1.0.0/pico-sdk/lib/tinyusb/src/device/usbd.c.obj
                0x100071cc                usbd_edpt_release
 .text.usbd_edpt_xfer
                0x100071f4       0x78 CMakeFiles/rpi_pico_drone.dir/d97f2b5b64023699131c296d803e27bf/RPi_Pico_FC_v1.0.0/pico-sdk/lib/tinyusb/src/device/usbd.c.obj
                0x100071f4                usbd_edpt_xfer
 .text.usbd_edpt_stall
                0x1000726c       0x48 CMakeFiles/rpi_pico_drone.dir/d97f2b5b64023699131c296d803e27bf/RPi_Pico_FC_v1.0.0/pico-sdk/lib/tinyusb/src/device/usbd.c.obj
                0x1000726c                usbd_edpt_stall
 .text.usbd_edpt_clear_stall
                0x100072b4       0x48 CMakeFiles/rpi_pico_drone.dir/d97f2b5b64023699131c296d803e27bf/RPi_Pico_FC_v1.0.0/pico-sdk/lib/tinyusb/src/device/usbd.c.obj
                0x100072b4                usbd_edpt_clear_stall
 .text.usbd_edpt_stalled
                0x100072fc       0x1c CMakeFiles/rpi_pico_drone.dir/d97f2b5b64023699131c296d803e27bf/RPi_Pico_FC_v1.0.0/pico-sdk/lib/tinyusb/src/device/usbd.c.obj
                0x100072fc                usbd_edpt_stalled
 .text.process_control_request
                0x10007318      0x37c CMakeFiles/rpi_pico_drone.dir/d97f2b5b64023699131c296d803e27bf/RPi_Pico_FC_v1.0.0/pico-sdk/lib/tinyusb/src/device/usbd.c.obj
 .text.tud_task_ext
                0x10007694      0x1b8 CMakeFiles/rpi_pico_drone.dir/d97f2b5b64023699131c296d803e27bf/RPi_Pico_FC_v1.0.0/pico-sdk/lib/tinyusb/src/device/usbd.c.obj
                0x10007694                tud_task_ext
 .text._data_stage_xact
                0x1000784c       0x58 CMakeFiles/rpi_pico_drone.dir/d97f2b5b64023699131c296d803e27bf/RPi_Pico_FC_v1.0.0/pico-sdk/lib/tinyusb/src/device/usbd_control.c.obj
 .text.tud_control_status
                0x100078a4       0x38 CMakeFiles/rpi_pico_drone.dir/d97f2b5b64023699131c296d803e27bf/RPi_Pico_FC_v1.0.0/pico-sdk/lib/tinyusb/src/device/usbd_control.c.obj
                0x100078a4                tud_control_status
 .text.tud_control_xfer
                0x100078dc       0x74 CMakeFiles/rpi_pico_drone.dir/d97f2b5b64023699131c296d803e27bf/RPi_Pico_FC_v1.0.0/pico-sdk/lib/tinyusb/src/device/usbd_control.c.obj
                0x100078dc                tud_control_xfer
 .text.usbd_control_reset
                0x10007950       0x14 CMakeFiles/rpi_pico_drone.dir/d97f2b5b64023699131c296d803e27bf/RPi_Pico_FC_v1.0.0/pico-sdk/lib/tinyusb/src/device/usbd_control.c.obj
                0x10007950                usbd_control_reset
 .text.usbd_control_set_complete_callback
                0x10007964        0xc CMakeFiles/rpi_pico_drone.dir/d97f2b5b64023699131c296d803e27bf/RPi_Pico_FC_v1.0.0/pico-sdk/lib/tinyusb/src/device/usbd_control.c.obj
                0x10007964                usbd_control_set_complete_callback
 .text.usbd_control_set_request
                0x10007970       0x1c CMakeFiles/rpi_pico_drone.dir/d97f2b5b64023699131c296d803e27bf/RPi_Pico_FC_v1.0.0/pico-sdk/lib/tinyusb/src/device/usbd_control.c.obj
                0x10007970                usbd_control_set_request
 .text.usbd_control_xfer_cb
                0x1000798c       0xcc CMakeFiles/rpi_pico_drone.dir/d97f2b5b64023699131c296d803e27bf/RPi_Pico_FC_v1.0.0/pico-sdk/lib/tinyusb/src/device/usbd_control.c.obj
                0x1000798c                usbd_control_xfer_cb
 .text._prep_out_transaction
                0x10007a58       0x4a CMakeFiles/rpi_pico_drone.dir/d97f2b5b64023699131c296d803e27bf/RPi_Pico_FC_v1.0.0/pico-sdk/lib/tinyusb/src/class/cdc/cdc_device.c.obj
 *fill*         0x10007aa2        0x2 
 .text.tud_cdc_n_connected
                0x10007aa4       0x44 CMakeFiles/rpi_pico_drone.dir/d97f2b5b64023699131c296d803e27bf/RPi_Pico_FC_v1.0.0/pico-sdk/lib/tinyusb/src/class/cdc/cdc_device.c.obj
                0x10007aa4                tud_cdc_n_connected
 .text.tud_cdc_n_available
                0x10007ae8       0x18 CMakeFiles/rpi_pico_drone.dir/d97f2b5b64023699131c296d803e27bf/RPi_Pico_FC_v1.0.0/pico-sdk/lib/tinyusb/src/class/cdc/cdc_device.c.obj
                0x10007ae8                tud_cdc_n_available
 .text.tud_cdc_n_read
                0x10007b00       0x28 CMakeFiles/rpi_pico_drone.dir/d97f2b5b64023699131c296d803e27bf/RPi_Pico_FC_v1.0.0/pico-sdk/lib/tinyusb/src/class/cdc/cdc_device.c.obj
                0x10007b00                tud_cdc_n_read
 .text.tud_cdc_n_write_flush
                0x10007b28       0xb8 CMakeFiles/rpi_pico_drone.dir/d97f2b5b64023699131c296d803e27bf/RPi_Pico_FC_v1.0.0/pico-sdk/lib/tinyusb/src/class/cdc/cdc_device.c.obj
                0x10007b28                tud_cdc_n_write_flush
 .text.tud_cdc_n_write
                0x10007be0       0x38 CMakeFiles/rpi_pico_drone.dir/d97f2b5b64023699131c296d803e27bf/RPi_Pico_FC_v1.0.0/pico-sdk/lib/tinyusb/src/class/cdc/cdc_device.c.obj
                0x10007be0                tud_cdc_n_write
 .text.tud_cdc_n_write_available
                0x10007c18       0x1c CMakeFiles/rpi_pico_drone.dir/d97f2b5b64023699131c296d803e27bf/RPi_Pico_FC_v1.0.0/pico-sdk/lib/tinyusb/src/class/cdc/cdc_device.c.obj
                0x10007c18                tud_cdc_n_write_available
 .text.cdcd_init
                0x10007c34       0xbc CMakeFiles/rpi_pico_drone.dir/d97f2b5b64023699131c296d803e27bf/RPi_Pico_FC_v1.0.0/pico-sdk/lib/tinyusb/src/class/cdc/cdc_device.c.obj
                0x10007c34                cdcd_init
 .text.cdcd_reset
                0x10007cf0       0x44 CMakeFiles/rpi_pico_drone.dir/d97f2b5b64023699131c296d803e27bf/RPi_Pico_FC_v1.0.0/pico-sdk/lib/tinyusb/src/class/cdc/cdc_device.c.obj
                0x10007cf0                cdcd_reset
 .text.cdcd_open
                0x10007d34       0xcc CMakeFiles/rpi_pico_drone.dir/d97f2b5b64023699131c296d803e27bf/RPi_Pico_FC_v1.0.0/pico-sdk/lib/tinyusb/src/class/cdc/cdc_device.c.obj
                0x10007d34                cdcd_open
 .text.cdcd_control_xfer_cb
                0x10007e00      0x134 CMakeFiles/rpi_pico_drone.dir/d97f2b5b64023699131c296d803e27bf/RPi_Pico_FC_v1.0.0/pico-sdk/lib/tinyusb/src/class/cdc/cdc_device.c.obj
                0x10007e00                cdcd_control_xfer_cb
 .text.cdcd_xfer_cb
                0x10007f34      0x130 CMakeFiles/rpi_pico_drone.dir/d97f2b5b64023699131c296d803e27bf/RPi_Pico_FC_v1.0.0/pico-sdk/lib/tinyusb/src/class/cdc/cdc_device.c.obj
                0x10007f34                cdcd_xfer_cb
 .text.tusb_init
                0x10008064        0xa CMakeFiles/rpi_pico_drone.dir/da200fddeb9d2efd46c16acd1b623a99/RPi_Pico_Flight_Controller/RPi_Pico_FC_v1.0.0/pico-sdk/lib/tinyusb/src/tusb.c.obj
                0x10008064                tusb_init
 .text.tusb_inited
                0x1000806e        0xe CMakeFiles/rpi_pico_drone.dir/da200fddeb9d2efd46c16acd1b623a99/RPi_Pico_Flight_Controller/RPi_Pico_FC_v1.0.0/pico-sdk/lib/tinyusb/src/tusb.c.obj
                0x1000806e                tusb_inited
 .text.tu_edpt_claim
                0x1000807c       0x50 CMakeFiles/rpi_pico_drone.dir/da200fddeb9d2efd46c16acd1b623a99/RPi_Pico_Flight_Controller/RPi_Pico_FC_v1.0.0/pico-sdk/lib/tinyusb/src/tusb.c.obj
                0x1000807c                tu_edpt_claim
 .text.tu_edpt_release
                0x100080cc       0x3c CMakeFiles/rpi_pico_drone.dir/da200fddeb9d2efd46c16acd1b623a99/RPi_Pico_Flight_Controller/RPi_Pico_FC_v1.0.0/pico-sdk/lib/tinyusb/src/tusb.c.obj
                0x100080cc                tu_edpt_release
 .text.tu_edpt_validate
                0x10008108       0x78 CMakeFiles/rpi_pico_drone.dir/da200fddeb9d2efd46c16acd1b623a99/RPi_Pico_Flight_Controller/RPi_Pico_FC_v1.0.0/pico-sdk/lib/tinyusb/src/tusb.c.obj
                0x10008108                tu_edpt_validate
 .text.tu_edpt_bind_driver
                0x10008180       0x26 CMakeFiles/rpi_pico_drone.dir/da200fddeb9d2efd46c16acd1b623a99/RPi_Pico_Flight_Controller/RPi_Pico_FC_v1.0.0/pico-sdk/lib/tinyusb/src/tusb.c.obj
                0x10008180                tu_edpt_bind_driver
 .text.advance_index
                0x100081a6       0x1a CMakeFiles/rpi_pico_drone.dir/d97f2b5b64023699131c296d803e27bf/RPi_Pico_FC_v1.0.0/pico-sdk/lib/tinyusb/src/common/tusb_fifo.c.obj
 .text._tu_fifo_peek
                0x100081c0       0x56 CMakeFiles/rpi_pico_drone.dir/d97f2b5b64023699131c296d803e27bf/RPi_Pico_FC_v1.0.0/pico-sdk/lib/tinyusb/src/common/tusb_fifo.c.obj
 .text._ff_pull_const_addr
                0x10008216       0x4c CMakeFiles/rpi_pico_drone.dir/d97f2b5b64023699131c296d803e27bf/RPi_Pico_FC_v1.0.0/pico-sdk/lib/tinyusb/src/common/tusb_fifo.c.obj
 .text._ff_pull_n
                0x10008262      0x110 CMakeFiles/rpi_pico_drone.dir/d97f2b5b64023699131c296d803e27bf/RPi_Pico_FC_v1.0.0/pico-sdk/lib/tinyusb/src/common/tusb_fifo.c.obj
 .text._tu_fifo_peek_n
                0x10008372       0x6a CMakeFiles/rpi_pico_drone.dir/d97f2b5b64023699131c296d803e27bf/RPi_Pico_FC_v1.0.0/pico-sdk/lib/tinyusb/src/common/tusb_fifo.c.obj
 .text._tu_fifo_read_n
                0x100083dc       0x4e CMakeFiles/rpi_pico_drone.dir/d97f2b5b64023699131c296d803e27bf/RPi_Pico_FC_v1.0.0/pico-sdk/lib/tinyusb/src/common/tusb_fifo.c.obj
 .text._ff_push_const_addr
                0x1000842a       0x40 CMakeFiles/rpi_pico_drone.dir/d97f2b5b64023699131c296d803e27bf/RPi_Pico_FC_v1.0.0/pico-sdk/lib/tinyusb/src/common/tusb_fifo.c.obj
 .text._ff_push_n
                0x1000846a      0x10c CMakeFiles/rpi_pico_drone.dir/d97f2b5b64023699131c296d803e27bf/RPi_Pico_FC_v1.0.0/pico-sdk/lib/tinyusb/src/common/tusb_fifo.c.obj
 .text._tu_fifo_write_n
                0x10008576       0xf0 CMakeFiles/rpi_pico_drone.dir/d97f2b5b64023699131c296d803e27bf/RPi_Pico_FC_v1.0.0/pico-sdk/lib/tinyusb/src/common/tusb_fifo.c.obj
 .text.tu_fifo_config
                0x10008666       0x7c CMakeFiles/rpi_pico_drone.dir/d97f2b5b64023699131c296d803e27bf/RPi_Pico_FC_v1.0.0/pico-sdk/lib/tinyusb/src/common/tusb_fifo.c.obj
                0x10008666                tu_fifo_config
 .text.tu_fifo_count
                0x100086e2       0x2a CMakeFiles/rpi_pico_drone.dir/d97f2b5b64023699131c296d803e27bf/RPi_Pico_FC_v1.0.0/pico-sdk/lib/tinyusb/src/common/tusb_fifo.c.obj
                0x100086e2                tu_fifo_count
 .text.tu_fifo_empty
                0x1000870c       0x10 CMakeFiles/rpi_pico_drone.dir/d97f2b5b64023699131c296d803e27bf/RPi_Pico_FC_v1.0.0/pico-sdk/lib/tinyusb/src/common/tusb_fifo.c.obj
                0x1000870c                tu_fifo_empty
 .text.tu_fifo_full
                0x1000871c       0x28 CMakeFiles/rpi_pico_drone.dir/d97f2b5b64023699131c296d803e27bf/RPi_Pico_FC_v1.0.0/pico-sdk/lib/tinyusb/src/common/tusb_fifo.c.obj
                0x1000871c                tu_fifo_full
 .text.tu_fifo_remaining
                0x10008744       0x2c CMakeFiles/rpi_pico_drone.dir/d97f2b5b64023699131c296d803e27bf/RPi_Pico_FC_v1.0.0/pico-sdk/lib/tinyusb/src/common/tusb_fifo.c.obj
                0x10008744                tu_fifo_remaining
 .text.tu_fifo_read
                0x10008770       0x42 CMakeFiles/rpi_pico_drone.dir/d97f2b5b64023699131c296d803e27bf/RPi_Pico_FC_v1.0.0/pico-sdk/lib/tinyusb/src/common/tusb_fifo.c.obj
                0x10008770                tu_fifo_read
 .text.tu_fifo_read_n
                0x100087b2        0xa CMakeFiles/rpi_pico_drone.dir/d97f2b5b64023699131c296d803e27bf/RPi_Pico_FC_v1.0.0/pico-sdk/lib/tinyusb/src/common/tusb_fifo.c.obj
                0x100087b2                tu_fifo_read_n
 .text.tu_fifo_write
                0x100087bc       0x64 CMakeFiles/rpi_pico_drone.dir/d97f2b5b64023699131c296d803e27bf/RPi_Pico_FC_v1.0.0/pico-sdk/lib/tinyusb/src/common/tusb_fifo.c.obj
                0x100087bc                tu_fifo_write
 .text.tu_fifo_write_n
                0x10008820        0xa CMakeFiles/rpi_pico_drone.dir/d97f2b5b64023699131c296d803e27bf/RPi_Pico_FC_v1.0.0/pico-sdk/lib/tinyusb/src/common/tusb_fifo.c.obj
                0x10008820                tu_fifo_write_n
 .text.tu_fifo_clear
                0x1000882a       0x3e CMakeFiles/rpi_pico_drone.dir/d97f2b5b64023699131c296d803e27bf/RPi_Pico_FC_v1.0.0/pico-sdk/lib/tinyusb/src/common/tusb_fifo.c.obj
                0x1000882a                tu_fifo_clear
 .text.tu_fifo_set_overwritable
                0x10008868       0x46 CMakeFiles/rpi_pico_drone.dir/d97f2b5b64023699131c296d803e27bf/RPi_Pico_FC_v1.0.0/pico-sdk/lib/tinyusb/src/common/tusb_fifo.c.obj
                0x10008868                tu_fifo_set_overwritable
 .text.spi_set_baudrate
                0x100088ae       0xcc CMakeFiles/rpi_pico_drone.dir/d97f2b5b64023699131c296d803e27bf/RPi_Pico_FC_v1.0.0/pico-sdk/src/rp2_common/hardware_spi/spi.c.obj
                0x100088ae                spi_set_baudrate
 *fill*         0x1000897a        0x2 
 .text.spi_init
                0x1000897c       0x74 CMakeFiles/rpi_pico_drone.dir/d97f2b5b64023699131c296d803e27bf/RPi_Pico_FC_v1.0.0/pico-sdk/src/rp2_common/hardware_spi/spi.c.obj
                0x1000897c                spi_init
 .text.adc_init
                0x100089f0       0x34 CMakeFiles/rpi_pico_drone.dir/d97f2b5b64023699131c296d803e27bf/RPi_Pico_FC_v1.0.0/pico-sdk/src/rp2_common/hardware_adc/adc.c.obj
                0x100089f0                adc_init
 .text.strlen   0x10008a24       0x5c c:/progra~2/gnuarm~1/102021~1.10/bin/../lib/gcc/arm-none-eabi/10.3.1/../../../../arm-none-eabi/lib/thumb/v6-m/nofp\libg.a(lib_a-strlen-stub.o)
                0x10008a24                strlen
 *(.fini)
 .fini          0x10008a80        0x4 c:/progra~2/gnuarm~1/102021~1.10/bin/../lib/gcc/arm-none-eabi/10.3.1/thumb/v6-m/nofp/crti.o
                0x10008a80                _fini
 *fill*         0x10008a84        0x4 
 .fini.__stub   0x10008a88      0x100 linker stubs
 *crtbegin.o(.ctors)
 *crtbegin?.o(.ctors)
 *(EXCLUDE_FILE(*crtend.o *crtend?.o) .ctors)
 *(SORT_BY_NAME(.ctors.*))
 *(.ctors)
 *crtbegin.o(.dtors)
 *crtbegin?.o(.dtors)
 *(EXCLUDE_FILE(*crtend.o *crtend?.o) .dtors)
 *(SORT_BY_NAME(.dtors.*))
 *(.dtors)
 *(.eh_frame*)
 .eh_frame      0x10008b88        0x0 c:/progra~2/gnuarm~1/102021~1.10/bin/../lib/gcc/arm-none-eabi/10.3.1/thumb/v6-m/nofp/crtbegin.o
                0x10008b88                . = ALIGN (0x4)

.glue_7         0x10008b88        0x0
 .glue_7        0x10008b88        0x0 linker stubs

.glue_7t        0x10008b88        0x0
 .glue_7t       0x10008b88        0x0 linker stubs

.vfp11_veneer   0x10008b88        0x0
 .vfp11_veneer  0x10008b88        0x0 linker stubs

.v4_bx          0x10008b88        0x0
 .v4_bx         0x10008b88        0x0 linker stubs

.iplt           0x10008b88        0x0
 .iplt          0x10008b88        0x0 c:/progra~2/gnuarm~1/102021~1.10/bin/../lib/gcc/arm-none-eabi/10.3.1/thumb/v6-m/nofp/crtbegin.o

.rodata         0x10008b88     0x19ac
 *(EXCLUDE_FILE(*libm.a: *libc.a:*lib_a-mem*.o *libgcc.a:) .rodata*)
 .rodata.spin_lock_claim_unused.str1.4
                0x10008b88       0x1b CMakeFiles/rpi_pico_drone.dir/d97f2b5b64023699131c296d803e27bf/RPi_Pico_FC_v1.0.0/pico-sdk/src/rp2_common/hardware_sync/sync.c.obj
 *fill*         0x10008ba3        0x1 
 .rodata.make_branch.str1.4
                0x10008ba4       0xb4 CMakeFiles/rpi_pico_drone.dir/d97f2b5b64023699131c296d803e27bf/RPi_Pico_FC_v1.0.0/pico-sdk/src/rp2_common/hardware_irq/irq.c.obj
 .rodata.insert_branch_and_link.str1.4
                0x10008c58       0x10 CMakeFiles/rpi_pico_drone.dir/d97f2b5b64023699131c296d803e27bf/RPi_Pico_FC_v1.0.0/pico-sdk/src/rp2_common/hardware_irq/irq.c.obj
 .rodata.irq_set_exclusive_handler.str1.4
                0x10008c68       0x36 CMakeFiles/rpi_pico_drone.dir/d97f2b5b64023699131c296d803e27bf/RPi_Pico_FC_v1.0.0/pico-sdk/src/rp2_common/hardware_irq/irq.c.obj
 *fill*         0x10008c9e        0x2 
 .rodata.irq_add_shared_handler.str1.4
                0x10008ca0       0xd9 CMakeFiles/rpi_pico_drone.dir/d97f2b5b64023699131c296d803e27bf/RPi_Pico_FC_v1.0.0/pico-sdk/src/rp2_common/hardware_irq/irq.c.obj
 *fill*         0x10008d79        0x3 
 .rodata.irq_remove_handler.str1.4
                0x10008d7c       0x3a CMakeFiles/rpi_pico_drone.dir/d97f2b5b64023699131c296d803e27bf/RPi_Pico_FC_v1.0.0/pico-sdk/src/rp2_common/hardware_irq/irq.c.obj
 *fill*         0x10008db6        0x2 
 .rodata.irq_add_tail_to_free_list.str1.4
                0x10008db8       0x3a CMakeFiles/rpi_pico_drone.dir/d97f2b5b64023699131c296d803e27bf/RPi_Pico_FC_v1.0.0/pico-sdk/src/rp2_common/hardware_irq/irq.c.obj
 *fill*         0x10008df2        0x2 
 .rodata.user_irq_claim_unused.str1.4
                0x10008df4       0x1b CMakeFiles/rpi_pico_drone.dir/d97f2b5b64023699131c296d803e27bf/RPi_Pico_FC_v1.0.0/pico-sdk/src/rp2_common/hardware_irq/irq.c.obj
 *fill*         0x10008e0f        0x1 
 .rodata.__func__.0
                0x10008e10       0x1a CMakeFiles/rpi_pico_drone.dir/d97f2b5b64023699131c296d803e27bf/RPi_Pico_FC_v1.0.0/pico-sdk/src/rp2_common/hardware_irq/irq.c.obj
 *fill*         0x10008e2a        0x2 
 .rodata.__func__.1
                0x10008e2c       0x17 CMakeFiles/rpi_pico_drone.dir/d97f2b5b64023699131c296d803e27bf/RPi_Pico_FC_v1.0.0/pico-sdk/src/rp2_common/hardware_irq/irq.c.obj
 *fill*         0x10008e43        0x1 
 .rodata.__func__.2
                0x10008e44       0x13 CMakeFiles/rpi_pico_drone.dir/d97f2b5b64023699131c296d803e27bf/RPi_Pico_FC_v1.0.0/pico-sdk/src/rp2_common/hardware_irq/irq.c.obj
 *fill*         0x10008e57        0x1 
 .rodata.__func__.3
                0x10008e58        0xc CMakeFiles/rpi_pico_drone.dir/d97f2b5b64023699131c296d803e27bf/RPi_Pico_FC_v1.0.0/pico-sdk/src/rp2_common/hardware_irq/irq.c.obj
 .rodata.__func__.4
                0x10008e64        0xf CMakeFiles/rpi_pico_drone.dir/d97f2b5b64023699131c296d803e27bf/RPi_Pico_FC_v1.0.0/pico-sdk/src/rp2_common/hardware_irq/irq.c.obj
 *fill*         0x10008e73        0x1 
 .rodata.__func__.5
                0x10008e74       0x17 CMakeFiles/rpi_pico_drone.dir/d97f2b5b64023699131c296d803e27bf/RPi_Pico_FC_v1.0.0/pico-sdk/src/rp2_common/hardware_irq/irq.c.obj
 *fill*         0x10008e8b        0x1 
 .rodata.__func__.6
                0x10008e8c       0x1a CMakeFiles/rpi_pico_drone.dir/d97f2b5b64023699131c296d803e27bf/RPi_Pico_FC_v1.0.0/pico-sdk/src/rp2_common/hardware_irq/irq.c.obj
 *fill*         0x10008ea6        0x2 
 .rodata.str1.4
                0x10008ea8      0x14d CMakeFiles/rpi_pico_drone.dir/da200fddeb9d2efd46c16acd1b623a99/RPi_Pico_Flight_Controller/RPi_Pico_FC_v1.0.0/pico-sdk/src/common/pico_sync/mutex.c.obj
 *fill*         0x10008ff5        0x3 
 .rodata.__func__.1
                0x10008ff8        0xb CMakeFiles/rpi_pico_drone.dir/da200fddeb9d2efd46c16acd1b623a99/RPi_Pico_Flight_Controller/RPi_Pico_FC_v1.0.0/pico-sdk/src/common/pico_sync/mutex.c.obj
 *fill*         0x10009003        0x1 
 .rodata.__func__.3
                0x10009004       0x18 CMakeFiles/rpi_pico_drone.dir/da200fddeb9d2efd46c16acd1b623a99/RPi_Pico_Flight_Controller/RPi_Pico_FC_v1.0.0/pico-sdk/src/common/pico_sync/mutex.c.obj
 .rodata.__func__.4
                0x1000901c       0x15 CMakeFiles/rpi_pico_drone.dir/da200fddeb9d2efd46c16acd1b623a99/RPi_Pico_Flight_Controller/RPi_Pico_FC_v1.0.0/pico-sdk/src/common/pico_sync/mutex.c.obj
 *fill*         0x10009031        0x3 
 .rodata.repeating_timer_callback.str1.4
                0x10009034       0x92 CMakeFiles/rpi_pico_drone.dir/da200fddeb9d2efd46c16acd1b623a99/RPi_Pico_Flight_Controller/RPi_Pico_FC_v1.0.0/pico-sdk/src/common/pico_time/time.c.obj
 *fill*         0x100090c6        0x2 
 .rodata.timer_pool_entry_comparator.str1.4
                0x100090c8       0x22 CMakeFiles/rpi_pico_drone.dir/da200fddeb9d2efd46c16acd1b623a99/RPi_Pico_Flight_Controller/RPi_Pico_FC_v1.0.0/pico-sdk/src/common/pico_time/time.c.obj
 *fill*         0x100090ea        0x2 
 .rodata.ph_add_child_node.str1.4
                0x100090ec       0xb2 CMakeFiles/rpi_pico_drone.dir/da200fddeb9d2efd46c16acd1b623a99/RPi_Pico_Flight_Controller/RPi_Pico_FC_v1.0.0/pico-sdk/src/common/pico_time/time.c.obj
 *fill*         0x1000919e        0x2 
 .rodata.add_alarm_under_lock.str1.4
                0x100091a0       0x28 CMakeFiles/rpi_pico_drone.dir/da200fddeb9d2efd46c16acd1b623a99/RPi_Pico_Flight_Controller/RPi_Pico_FC_v1.0.0/pico-sdk/src/common/pico_time/time.c.obj
                                 0x2b (size before relaxing)
 .rodata.alarm_pool_alarm_callback.str1.4
                0x100091c8       0x98 CMakeFiles/rpi_pico_drone.dir/da200fddeb9d2efd46c16acd1b623a99/RPi_Pico_Flight_Controller/RPi_Pico_FC_v1.0.0/pico-sdk/src/common/pico_time/time.c.obj
                                0x114 (size before relaxing)
 .rodata.alarm_pool_get_default.str1.4
                0x10009260       0x21 CMakeFiles/rpi_pico_drone.dir/da200fddeb9d2efd46c16acd1b623a99/RPi_Pico_Flight_Controller/RPi_Pico_FC_v1.0.0/pico-sdk/src/common/pico_time/time.c.obj
 *fill*         0x10009281        0x3 
 .rodata.alarm_pool_cancel_alarm.str1.4
                0x10009284       0x27 CMakeFiles/rpi_pico_drone.dir/da200fddeb9d2efd46c16acd1b623a99/RPi_Pico_Flight_Controller/RPi_Pico_FC_v1.0.0/pico-sdk/src/common/pico_time/time.c.obj
 *fill*         0x100092ab        0x1 
 .rodata.sleep_until.str1.4
                0x100092ac       0x4d CMakeFiles/rpi_pico_drone.dir/da200fddeb9d2efd46c16acd1b623a99/RPi_Pico_Flight_Controller/RPi_Pico_FC_v1.0.0/pico-sdk/src/common/pico_time/time.c.obj
 *fill*         0x100092f9        0x3 
 .rodata.__func__.1
                0x100092fc       0x18 CMakeFiles/rpi_pico_drone.dir/da200fddeb9d2efd46c16acd1b623a99/RPi_Pico_Flight_Controller/RPi_Pico_FC_v1.0.0/pico-sdk/src/common/pico_time/time.c.obj
 .rodata.__func__.10
                0x10009314       0x15 CMakeFiles/rpi_pico_drone.dir/da200fddeb9d2efd46c16acd1b623a99/RPi_Pico_Flight_Controller/RPi_Pico_FC_v1.0.0/pico-sdk/src/common/pico_time/time.c.obj
 *fill*         0x10009329        0x3 
 .rodata.__func__.11
                0x1000932c       0x1a CMakeFiles/rpi_pico_drone.dir/da200fddeb9d2efd46c16acd1b623a99/RPi_Pico_Flight_Controller/RPi_Pico_FC_v1.0.0/pico-sdk/src/common/pico_time/time.c.obj
 *fill*         0x10009346        0x2 
 .rodata.__func__.12
                0x10009348        0xa CMakeFiles/rpi_pico_drone.dir/da200fddeb9d2efd46c16acd1b623a99/RPi_Pico_Flight_Controller/RPi_Pico_FC_v1.0.0/pico-sdk/src/common/pico_time/time.c.obj
 *fill*         0x10009352        0x2 
 .rodata.__func__.3
                0x10009354       0x17 CMakeFiles/rpi_pico_drone.dir/da200fddeb9d2efd46c16acd1b623a99/RPi_Pico_Flight_Controller/RPi_Pico_FC_v1.0.0/pico-sdk/src/common/pico_time/time.c.obj
 *fill*         0x1000936b        0x1 
 .rodata.__func__.4
                0x1000936c       0x12 CMakeFiles/rpi_pico_drone.dir/da200fddeb9d2efd46c16acd1b623a99/RPi_Pico_Flight_Controller/RPi_Pico_FC_v1.0.0/pico-sdk/src/common/pico_time/time.c.obj
 *fill*         0x1000937e        0x2 
 .rodata.__func__.5
                0x10009380        0xd CMakeFiles/rpi_pico_drone.dir/da200fddeb9d2efd46c16acd1b623a99/RPi_Pico_Flight_Controller/RPi_Pico_FC_v1.0.0/pico-sdk/src/common/pico_time/time.c.obj
 *fill*         0x1000938d        0x3 
 .rodata.__func__.6
                0x10009390       0x12 CMakeFiles/rpi_pico_drone.dir/da200fddeb9d2efd46c16acd1b623a99/RPi_Pico_Flight_Controller/RPi_Pico_FC_v1.0.0/pico-sdk/src/common/pico_time/time.c.obj
 *fill*         0x100093a2        0x2 
 .rodata.__func__.7
                0x100093a4        0xf CMakeFiles/rpi_pico_drone.dir/da200fddeb9d2efd46c16acd1b623a99/RPi_Pico_Flight_Controller/RPi_Pico_FC_v1.0.0/pico-sdk/src/common/pico_time/time.c.obj
 *fill*         0x100093b3        0x1 
 .rodata.__func__.8
                0x100093b4        0xc CMakeFiles/rpi_pico_drone.dir/da200fddeb9d2efd46c16acd1b623a99/RPi_Pico_Flight_Controller/RPi_Pico_FC_v1.0.0/pico-sdk/src/common/pico_time/time.c.obj
 .rodata.__func__.9
                0x100093c0       0x15 CMakeFiles/rpi_pico_drone.dir/da200fddeb9d2efd46c16acd1b623a99/RPi_Pico_Flight_Controller/RPi_Pico_FC_v1.0.0/pico-sdk/src/common/pico_time/time.c.obj
 *fill*         0x100093d5        0x3 
 .rodata.hardware_alarm_claim.str1.4
                0x100093d8       0x22 CMakeFiles/rpi_pico_drone.dir/d97f2b5b64023699131c296d803e27bf/RPi_Pico_FC_v1.0.0/pico-sdk/src/rp2_common/hardware_timer/timer.c.obj
 *fill*         0x100093fa        0x2 
 .rodata.hardware_alarm_set_target.str1.4
                0x100093fc       0xac CMakeFiles/rpi_pico_drone.dir/d97f2b5b64023699131c296d803e27bf/RPi_Pico_FC_v1.0.0/pico-sdk/src/rp2_common/hardware_timer/timer.c.obj
 .rodata.__func__.0
                0x100094a8       0x1a CMakeFiles/rpi_pico_drone.dir/d97f2b5b64023699131c296d803e27bf/RPi_Pico_FC_v1.0.0/pico-sdk/src/rp2_common/hardware_timer/timer.c.obj
 .rodata.ph_add_child_node.str1.4
                0x100094c2       0xb2 CMakeFiles/rpi_pico_drone.dir/da200fddeb9d2efd46c16acd1b623a99/RPi_Pico_Flight_Controller/RPi_Pico_FC_v1.0.0/pico-sdk/src/common/pico_util/pheap.c.obj
 *fill*         0x100094c2        0x2 
 .rodata.ph_remove_any_head.str1.4
                0x100094c4       0xd4 CMakeFiles/rpi_pico_drone.dir/da200fddeb9d2efd46c16acd1b623a99/RPi_Pico_Flight_Controller/RPi_Pico_FC_v1.0.0/pico-sdk/src/common/pico_util/pheap.c.obj
                                 0xe8 (size before relaxing)
 .rodata.ph_remove_and_free_node.str1.4
                0x10009598       0x1e CMakeFiles/rpi_pico_drone.dir/da200fddeb9d2efd46c16acd1b623a99/RPi_Pico_Flight_Controller/RPi_Pico_FC_v1.0.0/pico-sdk/src/common/pico_util/pheap.c.obj
                                 0x26 (size before relaxing)
 *fill*         0x100095b6        0x2 
 .rodata.__func__.0
                0x100095b8       0x18 CMakeFiles/rpi_pico_drone.dir/da200fddeb9d2efd46c16acd1b623a99/RPi_Pico_Flight_Controller/RPi_Pico_FC_v1.0.0/pico-sdk/src/common/pico_util/pheap.c.obj
 .rodata.__func__.1
                0x100095d0       0x13 CMakeFiles/rpi_pico_drone.dir/da200fddeb9d2efd46c16acd1b623a99/RPi_Pico_Flight_Controller/RPi_Pico_FC_v1.0.0/pico-sdk/src/common/pico_util/pheap.c.obj
 *fill*         0x100095e3        0x1 
 .rodata.__func__.2
                0x100095e4       0x12 CMakeFiles/rpi_pico_drone.dir/da200fddeb9d2efd46c16acd1b623a99/RPi_Pico_Flight_Controller/RPi_Pico_FC_v1.0.0/pico-sdk/src/common/pico_util/pheap.c.obj
 *fill*         0x100095f6        0x2 
 .rodata.__func__.3
                0x100095f8        0xc CMakeFiles/rpi_pico_drone.dir/da200fddeb9d2efd46c16acd1b623a99/RPi_Pico_Flight_Controller/RPi_Pico_FC_v1.0.0/pico-sdk/src/common/pico_util/pheap.c.obj
 .rodata.clock_configure.str1.4
                0x10009604       0x9e CMakeFiles/rpi_pico_drone.dir/d97f2b5b64023699131c296d803e27bf/RPi_Pico_FC_v1.0.0/pico-sdk/src/rp2_common/hardware_clocks/clocks.c.obj
 *fill*         0x100096a2        0x2 
 .rodata.__func__.1
                0x100096a4       0x10 CMakeFiles/rpi_pico_drone.dir/d97f2b5b64023699131c296d803e27bf/RPi_Pico_FC_v1.0.0/pico-sdk/src/rp2_common/hardware_clocks/clocks.c.obj
 .rodata.pll_init.str1.4
                0x100096b4      0x168 CMakeFiles/rpi_pico_drone.dir/d97f2b5b64023699131c296d803e27bf/RPi_Pico_FC_v1.0.0/pico-sdk/src/rp2_common/hardware_pll/pll.c.obj
 .rodata.__func__.0
                0x1000981c        0x9 CMakeFiles/rpi_pico_drone.dir/d97f2b5b64023699131c296d803e27bf/RPi_Pico_FC_v1.0.0/pico-sdk/src/rp2_common/hardware_pll/pll.c.obj
 *fill*         0x10009825        0x3 
 .rodata.__assert_func.str1.4
                0x10009828       0x3f CMakeFiles/rpi_pico_drone.dir/d97f2b5b64023699131c296d803e27bf/RPi_Pico_FC_v1.0.0/pico-sdk/src/rp2_common/pico_runtime/runtime.c.obj
                                 0x43 (size before relaxing)
 *fill*         0x10009867        0x1 
 .rodata.runtime_init.str1.4
                0x10009868       0xa8 CMakeFiles/rpi_pico_drone.dir/d97f2b5b64023699131c296d803e27bf/RPi_Pico_FC_v1.0.0/pico-sdk/src/rp2_common/pico_runtime/runtime.c.obj
 .rodata.panic.str1.4
                0x10009910       0x12 CMakeFiles/rpi_pico_drone.dir/d97f2b5b64023699131c296d803e27bf/RPi_Pico_FC_v1.0.0/pico-sdk/src/rp2_common/pico_runtime/runtime.c.obj
 *fill*         0x10009922        0x2 
 .rodata.__func__.2
                0x10009924        0xd CMakeFiles/rpi_pico_drone.dir/d97f2b5b64023699131c296d803e27bf/RPi_Pico_FC_v1.0.0/pico-sdk/src/rp2_common/pico_runtime/runtime.c.obj
 *fill*         0x10009931        0x3 
 .rodata._ftoa.str1.4
                0x10009934       0x15 CMakeFiles/rpi_pico_drone.dir/d97f2b5b64023699131c296d803e27bf/RPi_Pico_FC_v1.0.0/pico-sdk/src/rp2_common/pico_printf/printf.c.obj
 *fill*         0x10009949        0x3 
 .rodata._vsnprintf
                0x1000994c      0x1e0 CMakeFiles/rpi_pico_drone.dir/d97f2b5b64023699131c296d803e27bf/RPi_Pico_FC_v1.0.0/pico-sdk/src/rp2_common/pico_printf/printf.c.obj
 *fill*         0x10009b2c        0x4 
 .rodata.pow10.0
                0x10009b30       0x50 CMakeFiles/rpi_pico_drone.dir/d97f2b5b64023699131c296d803e27bf/RPi_Pico_FC_v1.0.0/pico-sdk/src/rp2_common/pico_printf/printf.c.obj
 .rodata.__aeabi_double_init.str1.4
                0x10009b80       0xe3 CMakeFiles/rpi_pico_drone.dir/d97f2b5b64023699131c296d803e27bf/RPi_Pico_FC_v1.0.0/pico-sdk/src/rp2_common/pico_double/double_init_rom.c.obj
 *fill*         0x10009c63        0x1 
 .rodata.__func__.0
                0x10009c64       0x14 CMakeFiles/rpi_pico_drone.dir/d97f2b5b64023699131c296d803e27bf/RPi_Pico_FC_v1.0.0/pico-sdk/src/rp2_common/pico_double/double_init_rom.c.obj
 .rodata.__aeabi_float_init.str1.4
                0x10009c78       0xc1 CMakeFiles/rpi_pico_drone.dir/d97f2b5b64023699131c296d803e27bf/RPi_Pico_FC_v1.0.0/pico-sdk/src/rp2_common/pico_float/float_init_rom.c.obj
                                 0xc5 (size before relaxing)
 *fill*         0x10009d39        0x3 
 .rodata.__func__.0
                0x10009d3c       0x13 CMakeFiles/rpi_pico_drone.dir/d97f2b5b64023699131c296d803e27bf/RPi_Pico_FC_v1.0.0/pico-sdk/src/rp2_common/pico_float/float_init_rom.c.obj
 *fill*         0x10009d4f        0x1 
 .rodata.str1.4
                0x10009d50       0x44 CMakeFiles/rpi_pico_drone.dir/d97f2b5b64023699131c296d803e27bf/RPi_Pico_FC_v1.0.0/pico-sdk/src/rp2_common/pico_standard_link/binary_info.c.obj
 .rodata.__bi_44
                0x10009d94        0xc CMakeFiles/rpi_pico_drone.dir/d97f2b5b64023699131c296d803e27bf/RPi_Pico_FC_v1.0.0/pico-sdk/src/rp2_common/pico_standard_link/binary_info.c.obj
 .rodata.__bi_75
                0x10009da0        0xc CMakeFiles/rpi_pico_drone.dir/d97f2b5b64023699131c296d803e27bf/RPi_Pico_FC_v1.0.0/pico-sdk/src/rp2_common/pico_standard_link/binary_info.c.obj
 .rodata.__bi_81
                0x10009dac        0xc CMakeFiles/rpi_pico_drone.dir/d97f2b5b64023699131c296d803e27bf/RPi_Pico_FC_v1.0.0/pico-sdk/src/rp2_common/pico_standard_link/binary_info.c.obj
 .rodata.stdout_serialize_begin.str1.4
                0x10009db8       0x7c CMakeFiles/rpi_pico_drone.dir/d97f2b5b64023699131c296d803e27bf/RPi_Pico_FC_v1.0.0/pico-sdk/src/rp2_common/pico_stdio/stdio.c.obj
 .rodata.__func__.3
                0x10009db8       0x15 CMakeFiles/rpi_pico_drone.dir/d97f2b5b64023699131c296d803e27bf/RPi_Pico_FC_v1.0.0/pico-sdk/src/rp2_common/pico_stdio/stdio.c.obj
 *fill*         0x10009dcd        0x3 
 .rodata.crlf_str.2
                0x10009dd0        0x2 CMakeFiles/rpi_pico_drone.dir/d97f2b5b64023699131c296d803e27bf/RPi_Pico_FC_v1.0.0/pico-sdk/src/rp2_common/pico_stdio/stdio.c.obj
 *fill*         0x10009dd2        0x2 