Archive member included to satisfy reference by file (symbol)

c:/progra~2/gnuarm~1/102021~1.10/bin/../lib/gcc/arm-none-eabi/10.3.1/thumb/v6-m/nofp\libgcc.a(_dvmd_tls.o)
                              CMakeFiles/rpi_pico_drone.dir/d97f2b5b64023699131c296d803e27bf/RPi_Pico_FC_v0.0.1/pico-sdk/src/rp2_common/pico_divider/divider.S.obj (__aeabi_idiv0)
c:/progra~2/gnuarm~1/102021~1.10/bin/../lib/gcc/arm-none-eabi/10.3.1/../../../../arm-none-eabi/lib/thumb/v6-m/nofp\libg.a(lib_a-calloc.o)
                              CMakeFiles/rpi_pico_drone.dir/d97f2b5b64023699131c296d803e27bf/RPi_Pico_FC_v0.0.1/pico-sdk/src/rp2_common/pico_malloc/pico_malloc.c.obj (calloc)
c:/progra~2/gnuarm~1/102021~1.10/bin/../lib/gcc/arm-none-eabi/10.3.1/../../../../arm-none-eabi/lib/thumb/v6-m/nofp\libg.a(lib_a-callocr.o)
                              c:/progra~2/gnuarm~1/102021~1.10/bin/../lib/gcc/arm-none-eabi/10.3.1/../../../../arm-none-eabi/lib/thumb/v6-m/nofp\libg.a(lib_a-calloc.o) (_calloc_r)
c:/progra~2/gnuarm~1/102021~1.10/bin/../lib/gcc/arm-none-eabi/10.3.1/../../../../arm-none-eabi/lib/thumb/v6-m/nofp\libg.a(lib_a-errno.o)
                              c:/progra~2/gnuarm~1/102021~1.10/bin/../lib/gcc/arm-none-eabi/10.3.1/../../../../arm-none-eabi/lib/thumb/v6-m/nofp\libg.a(lib_a-callocr.o) (__errno)
c:/progra~2/gnuarm~1/102021~1.10/bin/../lib/gcc/arm-none-eabi/10.3.1/../../../../arm-none-eabi/lib/thumb/v6-m/nofp\libg.a(lib_a-impure.o)
                              c:/progra~2/gnuarm~1/102021~1.10/bin/../lib/gcc/arm-none-eabi/10.3.1/../../../../arm-none-eabi/lib/thumb/v6-m/nofp\libg.a(lib_a-calloc.o) (_impure_ptr)
c:/progra~2/gnuarm~1/102021~1.10/bin/../lib/gcc/arm-none-eabi/10.3.1/../../../../arm-none-eabi/lib/thumb/v6-m/nofp\libg.a(lib_a-init.o)
                              c:/progra~2/gnuarm~1/102021~1.10/bin/../lib/gcc/arm-none-eabi/10.3.1/../../../../arm-none-eabi/lib/thumb/v6-m/nofp/crt0.o (__libc_init_array)
c:/progra~2/gnuarm~1/102021~1.10/bin/../lib/gcc/arm-none-eabi/10.3.1/../../../../arm-none-eabi/lib/thumb/v6-m/nofp\libg.a(lib_a-malloc.o)
                              CMakeFiles/rpi_pico_drone.dir/d97f2b5b64023699131c296d803e27bf/RPi_Pico_FC_v0.0.1/pico-sdk/src/rp2_common/pico_malloc/pico_malloc.c.obj (malloc)
c:/progra~2/gnuarm~1/102021~1.10/bin/../lib/gcc/arm-none-eabi/10.3.1/../../../../arm-none-eabi/lib/thumb/v6-m/nofp\libg.a(lib_a-mallocr.o)
                              c:/progra~2/gnuarm~1/102021~1.10/bin/../lib/gcc/arm-none-eabi/10.3.1/../../../../arm-none-eabi/lib/thumb/v6-m/nofp\libg.a(lib_a-callocr.o) (_malloc_r)
c:/progra~2/gnuarm~1/102021~1.10/bin/../lib/gcc/arm-none-eabi/10.3.1/../../../../arm-none-eabi/lib/thumb/v6-m/nofp\libg.a(lib_a-mlock.o)
                              c:/progra~2/gnuarm~1/102021~1.10/bin/../lib/gcc/arm-none-eabi/10.3.1/../../../../arm-none-eabi/lib/thumb/v6-m/nofp\libg.a(lib_a-mallocr.o) (__malloc_lock)
c:/progra~2/gnuarm~1/102021~1.10/bin/../lib/gcc/arm-none-eabi/10.3.1/../../../../arm-none-eabi/lib/thumb/v6-m/nofp\libg.a(lib_a-realloc.o)
                              CMakeFiles/rpi_pico_drone.dir/d97f2b5b64023699131c296d803e27bf/RPi_Pico_FC_v0.0.1/pico-sdk/src/rp2_common/pico_malloc/pico_malloc.c.obj (realloc)
c:/progra~2/gnuarm~1/102021~1.10/bin/../lib/gcc/arm-none-eabi/10.3.1/../../../../arm-none-eabi/lib/thumb/v6-m/nofp\libg.a(lib_a-reallocr.o)
                              c:/progra~2/gnuarm~1/102021~1.10/bin/../lib/gcc/arm-none-eabi/10.3.1/../../../../arm-none-eabi/lib/thumb/v6-m/nofp\libg.a(lib_a-realloc.o) (_realloc_r)
c:/progra~2/gnuarm~1/102021~1.10/bin/../lib/gcc/arm-none-eabi/10.3.1/../../../../arm-none-eabi/lib/thumb/v6-m/nofp\libg.a(lib_a-sbrkr.o)
                              c:/progra~2/gnuarm~1/102021~1.10/bin/../lib/gcc/arm-none-eabi/10.3.1/../../../../arm-none-eabi/lib/thumb/v6-m/nofp\libg.a(lib_a-mallocr.o) (_sbrk_r)
c:/progra~2/gnuarm~1/102021~1.10/bin/../lib/gcc/arm-none-eabi/10.3.1/../../../../arm-none-eabi/lib/thumb/v6-m/nofp\libg.a(lib_a-strlen-stub.o)
                              CMakeFiles/rpi_pico_drone.dir/d97f2b5b64023699131c296d803e27bf/RPi_Pico_FC_v0.0.1/pico-sdk/src/rp2_common/pico_stdio/stdio.c.obj (strlen)
c:/progra~2/gnuarm~1/102021~1.10/bin/../lib/gcc/arm-none-eabi/10.3.1/../../../../arm-none-eabi/lib/thumb/v6-m/nofp\libg.a(lib_a-freer.o)
                              c:/progra~2/gnuarm~1/102021~1.10/bin/../lib/gcc/arm-none-eabi/10.3.1/../../../../arm-none-eabi/lib/thumb/v6-m/nofp\libg.a(lib_a-malloc.o) (_free_r)
c:/progra~2/gnuarm~1/102021~1.10/bin/../lib/gcc/arm-none-eabi/10.3.1/../../../../arm-none-eabi/lib/thumb/v6-m/nofp\libg.a(lib_a-lock.o)
                              c:/progra~2/gnuarm~1/102021~1.10/bin/../lib/gcc/arm-none-eabi/10.3.1/../../../../arm-none-eabi/lib/thumb/v6-m/nofp\libg.a(lib_a-mlock.o) (__retarget_lock_acquire_recursive)
c:/progra~2/gnuarm~1/102021~1.10/bin/../lib/gcc/arm-none-eabi/10.3.1/../../../../arm-none-eabi/lib/thumb/v6-m/nofp\libg.a(lib_a-memmove.o)
[...]
Memory Configuration

Name             Origin             Length             Attributes
FLASH            0x10000000         0x00200000         xr
RAM              0x20000000         0x00040000         xrw
SCRATCH_X        0x20040000         0x00001000         xrw
SCRATCH_Y        0x20041000         0x00001000         xrw
*default*        0x00000000         0xffffffff

Linker script and memory map

LOAD c:/progra~2/gnuarm~1/102021~1.10/bin/../lib/gcc/arm-none-eabi/10.3.1/thumb/v6-m/nofp/crti.o
LOAD c:/progra~2/gnuarm~1/102021~1.10/bin/../lib/gcc/arm-none-eabi/10.3.1/thumb/v6-m/nofp/crtbegin.o
LOAD c:/progra~2/gnuarm~1/102021~1.10/bin/../lib/gcc/arm-none-eabi/10.3.1/../../../../arm-none-eabi/lib/thumb/v6-m/nofp/crt0.o

.flash_begin    0x10000000        0x0
                0x10000000                __flash_binary_start = .

.boot2          0x10000000      0x100
                0x10000000                __boot2_start__ = .
 *(.boot2)
 .boot2         0x10000000      0x100 C:\Users\DEVASH~1\AppData\Local\Temp\ccwjzsBI.o
                0x10000100                __boot2_end__ = .
                0x00000001                ASSERT (((__boot2_end__ - __boot2_start__) == 0x100), ERROR: Pico second stage bootloader must be 256 bytes in size)

.text           0x10000100     0x80a8
                0x10000100                __logical_binary_start = .
 *(.vectors)
 .vectors       0x10000100       0xd4 CMakeFiles/rpi_pico_drone.dir/d97f2b5b64023699131c296d803e27bf/RPi_Pico_FC_v0.0.1/pico-sdk/src/rp2_common/pico_standard_link/crt0.S.obj
                0x10000100                __VECTOR_TABLE
                0x10000100                __vectors
                0x100001c0                isr_invalid
                0x100001c0                __default_isrs_start
                0x100001c2                isr_nmi
                0x100001c4                isr_hardfault
                0x100001c6                isr_svcall
                0x100001c8                isr_pendsv
                0x100001ca                isr_systick
                0x100001cc                isr_irq23
                0x100001cc                isr_irq18
                0x100001cc                isr_irq11
                0x100001cc                isr_irq28
                0x100001cc                isr_irq19
                0x100001cc                isr_irq0
                0x100001cc                isr_irq6
                0x100001cc                isr_irq5
                0x100001cc                isr_irq12
                0x100001cc                isr_irq22
                0x100001cc                isr_irq31
                0x100001cc                isr_irq17
                0x100001cc                isr_irq27
                0x100001cc                isr_irq30
                0x100001cc                isr_irq2
                0x100001cc                isr_irq10
                0x100001cc                isr_irq8
                0x100001cc                isr_irq24
                0x100001cc                isr_irq1
                0x100001cc                isr_irq7
                0x100001cc                isr_irq21
                0x100001cc                isr_irq20
                0x100001cc                isr_irq15
                0x100001cc                isr_irq25
                0x100001cc                isr_irq13
                0x100001cc                __unhandled_user_irq
                0x100001cc                isr_irq4
                0x100001cc                isr_irq16
                0x100001cc                isr_irq29
                0x100001cc                isr_irq26
                0x100001cc                __default_isrs_end
                0x100001cc                isr_irq3
                0x100001cc                isr_irq14
                0x100001cc                isr_irq9
                0x100001d2                unhandled_user_irq_num_in_r0
 *(.binary_info_header)
 .binary_info_header
                0x100001d4       0x14 CMakeFiles/rpi_pico_drone.dir/d97f2b5b64023699131c296d803e27bf/RPi_Pico_FC_v0.0.1/pico-sdk/src/rp2_common/pico_standard_link/crt0.S.obj
                0x100001e8                __binary_info_header_end = .
 *(.reset)
 .reset         0x100001e8       0xa0 CMakeFiles/rpi_pico_drone.dir/d97f2b5b64023699131c296d803e27bf/RPi_Pico_FC_v0.0.1/pico-sdk/src/rp2_common/pico_standard_link/crt0.S.obj
                0x100001e8                _entry_point
 .reset         0x10000288       0x30 CMakeFiles/rpi_pico_drone.dir/d97f2b5b64023699131c296d803e27bf/RPi_Pico_FC_v0.0.1/pico-sdk/src/rp2_common/pico_standard_link/binary_info.c.obj
 *(.init)
 .init          0x100002b8        0x4 c:/progra~2/gnuarm~1/102021~1.10/bin/../lib/gcc/arm-none-eabi/10.3.1/thumb/v6-m/nofp/crti.o
                0x100002b8                _init
 *(EXCLUDE_FILE(*libm.a: *libc.a:*lib_a-mem*.o *libgcc.a:) .text*)
 .text          0x100002bc       0x48 c:/progra~2/gnuarm~1/102021~1.10/bin/../lib/gcc/arm-none-eabi/10.3.1/thumb/v6-m/nofp/crtbegin.o
 .text.rec_capture
                0x10000304      0x168 CMakeFiles/rpi_pico_drone.dir/main.c.obj
                0x10000304                rec_capture
 .text.rec_init
                0x1000046c       0x54 CMakeFiles/rpi_pico_drone.dir/main.c.obj
                0x1000046c                rec_init
 .text.imu_write_reg
                0x100004c0       0x3c CMakeFiles/rpi_pico_drone.dir/main.c.obj
                0x100004c0                imu_write_reg
 .text.imu_init
                0x100004fc       0xd8 CMakeFiles/rpi_pico_drone.dir/main.c.obj
                0x100004fc                imu_init
 .text.imu_get_data_blocking
                0x100005d4       0xa4 CMakeFiles/rpi_pico_drone.dir/main.c.obj
                0x100005d4                imu_get_data_blocking
 .text.imu_calibrate_gyro
                0x10000678       0xc8 CMakeFiles/rpi_pico_drone.dir/main.c.obj
                0x10000678                imu_calibrate_gyro
 .text.motors_init
                0x10000740      0x160 CMakeFiles/rpi_pico_drone.dir/main.c.obj
                0x10000740                motors_init
 .text.battery_init
                0x100008a0       0x38 CMakeFiles/rpi_pico_drone.dir/main.c.obj
                0x100008a0                battery_init
 .text.kalman_update
                0x100008d8       0x74 CMakeFiles/rpi_pico_drone.dir/main.c.obj
                0x100008d8                kalman_update
 .text.main     0x1000094c      0x268 CMakeFiles/rpi_pico_drone.dir/main.c.obj
                0x1000094c                main
 .text.gpio_set_function
                0x10000bb4       0x30 CMakeFiles/rpi_pico_drone.dir/d97f2b5b64023699131c296d803e27bf/RPi_Pico_FC_v0.0.1/pico-sdk/src/rp2_common/hardware_gpio/gpio.c.obj
                0x10000bb4                gpio_set_function
 .text.gpio_set_pulls
                0x10000be4       0x34 CMakeFiles/rpi_pico_drone.dir/d97f2b5b64023699131c296d803e27bf/RPi_Pico_FC_v0.0.1/pico-sdk/src/rp2_common/hardware_gpio/gpio.c.obj
                0x10000be4                gpio_set_pulls
 .text.gpio_set_irq_callback
                0x10000c18       0x48 CMakeFiles/rpi_pico_drone.dir/d97f2b5b64023699131c296d803e27bf/RPi_Pico_FC_v0.0.1/pico-sdk/src/rp2_common/hardware_gpio/gpio.c.obj
                0x10000c18                gpio_set_irq_callback
 .text.gpio_acknowledge_irq
                0x10000c60       0x18 CMakeFiles/rpi_pico_drone.dir/d97f2b5b64023699131c296d803e27bf/RPi_Pico_FC_v0.0.1/pico-sdk/src/rp2_common/hardware_gpio/gpio.c.obj
                0x10000c60                gpio_acknowledge_irq
 .text._gpio_set_irq_enabled
                0x10000c78       0x34 CMakeFiles/rpi_pico_drone.dir/d97f2b5b64023699131c296d803e27bf/RPi_Pico_FC_v0.0.1/pico-sdk/src/rp2_common/hardware_gpio/gpio.c.obj
 .text.gpio_set_irq_enabled
                0x10000cac       0x20 CMakeFiles/rpi_pico_drone.dir/d97f2b5b64023699131c296d803e27bf/RPi_Pico_FC_v0.0.1/pico-sdk/src/rp2_common/hardware_gpio/gpio.c.obj
                0x10000cac                gpio_set_irq_enabled
 .text.gpio_set_irq_enabled_with_callback
                0x10000ccc       0x20 CMakeFiles/rpi_pico_drone.dir/d97f2b5b64023699131c296d803e27bf/RPi_Pico_FC_v0.0.1/pico-sdk/src/rp2_common/hardware_gpio/gpio.c.obj
                0x10000ccc                gpio_set_irq_enabled_with_callback
 .text.gpio_default_irq_handler
                0x10000cec       0x98 CMakeFiles/rpi_pico_drone.dir/d97f2b5b64023699131c296d803e27bf/RPi_Pico_FC_v0.0.1/pico-sdk/src/rp2_common/hardware_gpio/gpio.c.obj
 .text.gpio_set_input_enabled
                0x10000d84       0x30 CMakeFiles/rpi_pico_drone.dir/d97f2b5b64023699131c296d803e27bf/RPi_Pico_FC_v0.0.1/pico-sdk/src/rp2_common/hardware_gpio/gpio.c.obj
                0x10000d84                gpio_set_input_enabled
 .text.gpio_init
                0x10000db4       0x16 CMakeFiles/rpi_pico_drone.dir/d97f2b5b64023699131c296d803e27bf/RPi_Pico_FC_v0.0.1/pico-sdk/src/rp2_common/hardware_gpio/gpio.c.obj
                0x10000db4                gpio_init
 *fill*         0x10000dca        0x2 
 .text.running_on_fpga
                0x10000dcc       0x14 CMakeFiles/rpi_pico_drone.dir/d97f2b5b64023699131c296d803e27bf/RPi_Pico_FC_v0.0.1/pico-sdk/src/rp2_common/pico_platform/platform.c.obj
                0x10000dcc                running_on_fpga
 .text.hw_claim_lock
                0x10000de0       0x18 CMakeFiles/rpi_pico_drone.dir/d97f2b5b64023699131c296d803e27bf/RPi_Pico_FC_v0.0.1/pico-sdk/src/rp2_common/hardware_claim/claim.c.obj
                0x10000de0                hw_claim_lock
 .text.hw_claim_unlock
                0x10000df8       0x14 CMakeFiles/rpi_pico_drone.dir/d97f2b5b64023699131c296d803e27bf/RPi_Pico_FC_v0.0.1/pico-sdk/src/rp2_common/hardware_claim/claim.c.obj
                0x10000df8                hw_claim_unlock
 .text.hw_claim_or_assert
                0x10000e0c       0x32 CMakeFiles/rpi_pico_drone.dir/d97f2b5b64023699131c296d803e27bf/RPi_Pico_FC_v0.0.1/pico-sdk/src/rp2_common/hardware_claim/claim.c.obj
                0x10000e0c                hw_claim_or_assert
 .text.hw_claim_unused_from_range
                0x10000e3e       0x50 CMakeFiles/rpi_pico_drone.dir/d97f2b5b64023699131c296d803e27bf/RPi_Pico_FC_v0.0.1/pico-sdk/src/rp2_common/hardware_claim/claim.c.obj
                0x10000e3e                hw_claim_unused_from_range
 *fill*         0x10000e8e        0x2 
 .text.spin_locks_reset
                0x10000e90       0x20 CMakeFiles/rpi_pico_drone.dir/d97f2b5b64023699131c296d803e27bf/RPi_Pico_FC_v0.0.1/pico-sdk/src/rp2_common/hardware_sync/sync.c.obj
                0x10000e90                spin_locks_reset
 .text.next_striped_spin_lock_num
                0x10000eb0       0x1c CMakeFiles/rpi_pico_drone.dir/d97f2b5b64023699131c296d803e27bf/RPi_Pico_FC_v0.0.1/pico-sdk/src/rp2_common/hardware_sync/sync.c.obj
                0x10000eb0                next_striped_spin_lock_num
 .text.spin_lock_claim_unused
                0x10000ecc       0x20 CMakeFiles/rpi_pico_drone.dir/d97f2b5b64023699131c296d803e27bf/RPi_Pico_FC_v0.0.1/pico-sdk/src/rp2_common/hardware_sync/sync.c.obj
                0x10000ecc                spin_lock_claim_unused
 .text.set_raw_irq_handler_and_unlock
                0x10000eec       0x28 CMakeFiles/rpi_pico_drone.dir/d97f2b5b64023699131c296d803e27bf/RPi_Pico_FC_v0.0.1/pico-sdk/src/rp2_common/hardware_irq/irq.c.obj
 .text.make_branch
                0x10000f14       0x48 CMakeFiles/rpi_pico_drone.dir/d97f2b5b64023699131c296d803e27bf/RPi_Pico_FC_v0.0.1/pico-sdk/src/rp2_common/hardware_irq/irq.c.obj
 .text.insert_branch_and_link
                0x10000f5c       0x40 CMakeFiles/rpi_pico_drone.dir/d97f2b5b64023699131c296d803e27bf/RPi_Pico_FC_v0.0.1/pico-sdk/src/rp2_common/hardware_irq/irq.c.obj
 .text.irq_is_enabled
                0x10000f9c       0x18 CMakeFiles/rpi_pico_drone.dir/d97f2b5b64023699131c296d803e27bf/RPi_Pico_FC_v0.0.1/pico-sdk/src/rp2_common/hardware_irq/irq.c.obj
                0x10000f9c                irq_is_enabled
 .text.irq_set_mask_enabled
                0x10000fb4       0x20 CMakeFiles/rpi_pico_drone.dir/d97f2b5b64023699131c296d803e27bf/RPi_Pico_FC_v0.0.1/pico-sdk/src/rp2_common/hardware_irq/irq.c.obj
                0x10000fb4                irq_set_mask_enabled
 .text.irq_set_enabled
                0x10000fd4        0xe CMakeFiles/rpi_pico_drone.dir/d97f2b5b64023699131c296d803e27bf/RPi_Pico_FC_v0.0.1/pico-sdk/src/rp2_common/hardware_irq/irq.c.obj
                0x10000fd4                irq_set_enabled
 *fill*         0x10000fe2        0x2 
 .text.irq_set_pending
                0x10000fe4       0x10 CMakeFiles/rpi_pico_drone.dir/d97f2b5b64023699131c296d803e27bf/RPi_Pico_FC_v0.0.1/pico-sdk/src/rp2_common/hardware_irq/irq.c.obj
                0x10000fe4                irq_set_pending
 .text.irq_get_vtable_handler
                0x10000ff4       0x10 CMakeFiles/rpi_pico_drone.dir/d97f2b5b64023699131c296d803e27bf/RPi_Pico_FC_v0.0.1/pico-sdk/src/rp2_common/hardware_irq/irq.c.obj
                0x10000ff4                irq_get_vtable_handler
 .text.irq_has_shared_handler
                0x10001004       0x24 CMakeFiles/rpi_pico_drone.dir/d97f2b5b64023699131c296d803e27bf/RPi_Pico_FC_v0.0.1/pico-sdk/src/rp2_common/hardware_irq/irq.c.obj
                0x10001004                irq_has_shared_handler
 .text.irq_set_exclusive_handler
                0x10001028       0x54 CMakeFiles/rpi_pico_drone.dir/d97f2b5b64023699131c296d803e27bf/RPi_Pico_FC_v0.0.1/pico-sdk/src/rp2_common/hardware_irq/irq.c.obj
                0x10001028                irq_set_exclusive_handler
 .text.irq_add_shared_handler
                0x1000107c      0x234 CMakeFiles/rpi_pico_drone.dir/d97f2b5b64023699131c296d803e27bf/RPi_Pico_FC_v0.0.1/pico-sdk/src/rp2_common/hardware_irq/irq.c.obj
                0x1000107c                irq_add_shared_handler
 .text.irq_remove_handler
                0x100012b0      0x1ac CMakeFiles/rpi_pico_drone.dir/d97f2b5b64023699131c296d803e27bf/RPi_Pico_FC_v0.0.1/pico-sdk/src/rp2_common/hardware_irq/irq.c.obj
                0x100012b0                irq_remove_handler
 .text.irq_add_tail_to_free_list
                0x1000145c       0xf0 CMakeFiles/rpi_pico_drone.dir/d97f2b5b64023699131c296d803e27bf/RPi_Pico_FC_v0.0.1/pico-sdk/src/rp2_common/hardware_irq/irq.c.obj
                0x1000145c                irq_add_tail_to_free_list
 .text.irq_init_priorities
                0x1000154c       0x1c CMakeFiles/rpi_pico_drone.dir/d97f2b5b64023699131c296d803e27bf/RPi_Pico_FC_v0.0.1/pico-sdk/src/rp2_common/hardware_irq/irq.c.obj
                0x1000154c                irq_init_priorities
 .text.user_irq_claim_unused
                0x10001568       0x28 CMakeFiles/rpi_pico_drone.dir/d97f2b5b64023699131c296d803e27bf/RPi_Pico_FC_v0.0.1/pico-sdk/src/rp2_common/hardware_irq/irq.c.obj
                0x10001568                user_irq_claim_unused
 .text.lock_init
                0x10001590       0x10 CMakeFiles/rpi_pico_drone.dir/d97f2b5b64023699131c296d803e27bf/RPi_Pico_FC_v0.0.1/pico-sdk/src/common/pico_sync/lock_core.c.obj
                0x10001590                lock_init
 .text.mutex_init
                0x100015a0       0x1a CMakeFiles/rpi_pico_drone.dir/da200fddeb9d2efd46c16acd1b623a99/RPi_Pico_Flight_Controller/RPi_Pico_FC_v0.0.1/pico-sdk/src/common/pico_sync/mutex.c.obj
                0x100015a0                mutex_init
 .text.recursive_mutex_init
                0x100015ba       0x1e CMakeFiles/rpi_pico_drone.dir/da200fddeb9d2efd46c16acd1b623a99/RPi_Pico_Flight_Controller/RPi_Pico_FC_v0.0.1/pico-sdk/src/common/pico_sync/mutex.c.obj
                0x100015ba                recursive_mutex_init
 .text.critical_section_init_with_lock_num
                0x100015d8       0x14 CMakeFiles/rpi_pico_drone.dir/d97f2b5b64023699131c296d803e27bf/RPi_Pico_FC_v0.0.1/pico-sdk/src/common/pico_sync/critical_section.c.obj
                0x100015d8                critical_section_init_with_lock_num
 .text.critical_section_init
                0x100015ec       0x14 CMakeFiles/rpi_pico_drone.dir/d97f2b5b64023699131c296d803e27bf/RPi_Pico_FC_v0.0.1/pico-sdk/src/common/pico_sync/critical_section.c.obj
                0x100015ec                critical_section_init
 .text.alarm_pool_post_alloc_init
                0x10001600       0x40 CMakeFiles/rpi_pico_drone.dir/da200fddeb9d2efd46c16acd1b623a99/RPi_Pico_Flight_Controller/RPi_Pico_FC_v0.0.1/pico-sdk/src/common/pico_time/time.c.obj
 .text.sleep_until_callback
                0x10001640       0x30 CMakeFiles/rpi_pico_drone.dir/da200fddeb9d2efd46c16acd1b623a99/RPi_Pico_Flight_Controller/RPi_Pico_FC_v0.0.1/pico-sdk/src/common/pico_time/time.c.obj
 .text.timer_pool_entry_comparator
                0x10001670       0x7c CMakeFiles/rpi_pico_drone.dir/da200fddeb9d2efd46c16acd1b623a99/RPi_Pico_Flight_Controller/RPi_Pico_FC_v0.0.1/pico-sdk/src/common/pico_time/time.c.obj
                0x10001670                timer_pool_entry_comparator
 .text.ph_add_child_node
                0x100016ec       0xa4 CMakeFiles/rpi_pico_drone.dir/da200fddeb9d2efd46c16acd1b623a99/RPi_Pico_Flight_Controller/RPi_Pico_FC_v0.0.1/pico-sdk/src/common/pico_time/time.c.obj
 .text.ph_merge_nodes
                0x10001790       0x3e CMakeFiles/rpi_pico_drone.dir/da200fddeb9d2efd46c16acd1b623a99/RPi_Pico_Flight_Controller/RPi_Pico_FC_v0.0.1/pico-sdk/src/common/pico_time/time.c.obj
 *fill*         0x100017ce        0x2 
 .text.add_alarm_under_lock
                0x100017d0      0x174 CMakeFiles/rpi_pico_drone.dir/da200fddeb9d2efd46c16acd1b623a99/RPi_Pico_Flight_Controller/RPi_Pico_FC_v0.0.1/pico-sdk/src/common/pico_time/time.c.obj
 .text.alarm_pool_alarm_callback
                0x10001944      0x33c CMakeFiles/rpi_pico_drone.dir/da200fddeb9d2efd46c16acd1b623a99/RPi_Pico_Flight_Controller/RPi_Pico_FC_v0.0.1/pico-sdk/src/common/pico_time/time.c.obj
 .text.alarm_pool_init_default
                0x10001c80       0x40 CMakeFiles/rpi_pico_drone.dir/da200fddeb9d2efd46c16acd1b623a99/RPi_Pico_Flight_Controller/RPi_Pico_FC_v0.0.1/pico-sdk/src/common/pico_time/time.c.obj
                0x10001c80                alarm_pool_init_default
 .text.alarm_pool_get_default
                0x10001cc0       0x2c CMakeFiles/rpi_pico_drone.dir/da200fddeb9d2efd46c16acd1b623a99/RPi_Pico_Flight_Controller/RPi_Pico_FC_v0.0.1/pico-sdk/src/common/pico_time/time.c.obj
                0x10001cc0                alarm_pool_get_default
 .text.alarm_pool_add_alarm_at
                0x10001cec      0x168 CMakeFiles/rpi_pico_drone.dir/da200fddeb9d2efd46c16acd1b623a99/RPi_Pico_Flight_Controller/RPi_Pico_FC_v0.0.1/pico-sdk/src/common/pico_time/time.c.obj
                0x10001cec                alarm_pool_add_alarm_at
 .text.alarm_pool_cancel_alarm
                0x10001e54       0xf8 CMakeFiles/rpi_pico_drone.dir/da200fddeb9d2efd46c16acd1b623a99/RPi_Pico_Flight_Controller/RPi_Pico_FC_v0.0.1/pico-sdk/src/common/pico_time/time.c.obj
                0x10001e54                alarm_pool_cancel_alarm
 .text.alarm_pool_core_num
                0x10001f4c        0x4 CMakeFiles/rpi_pico_drone.dir/da200fddeb9d2efd46c16acd1b623a99/RPi_Pico_Flight_Controller/RPi_Pico_FC_v0.0.1/pico-sdk/src/common/pico_time/time.c.obj
                0x10001f4c                alarm_pool_core_num
 .text.sleep_until
                0x10001f50       0xfc CMakeFiles/rpi_pico_drone.dir/da200fddeb9d2efd46c16acd1b623a99/RPi_Pico_Flight_Controller/RPi_Pico_FC_v0.0.1/pico-sdk/src/common/pico_time/time.c.obj
                0x10001f50                sleep_until
 .text.sleep_us
                0x1000204c       0x58 CMakeFiles/rpi_pico_drone.dir/da200fddeb9d2efd46c16acd1b623a99/RPi_Pico_Flight_Controller/RPi_Pico_FC_v0.0.1/pico-sdk/src/common/pico_time/time.c.obj
                0x1000204c                sleep_us
 .text.sleep_ms
                0x100020a4       0x14 CMakeFiles/rpi_pico_drone.dir/da200fddeb9d2efd46c16acd1b623a99/RPi_Pico_Flight_Controller/RPi_Pico_FC_v0.0.1/pico-sdk/src/common/pico_time/time.c.obj
                0x100020a4                sleep_ms
 .text.best_effort_wfe_or_timeout
                0x100020b8       0xac CMakeFiles/rpi_pico_drone.dir/da200fddeb9d2efd46c16acd1b623a99/RPi_Pico_Flight_Controller/RPi_Pico_FC_v0.0.1/pico-sdk/src/common/pico_time/time.c.obj
                0x100020b8                best_effort_wfe_or_timeout
 .text.hardware_alarm_irq_handler
                0x10002164       0x90 CMakeFiles/rpi_pico_drone.dir/d97f2b5b64023699131c296d803e27bf/RPi_Pico_FC_v0.0.1/pico-sdk/src/rp2_common/hardware_timer/timer.c.obj
 .text.hardware_alarm_claim
                0x100021f4       0x18 CMakeFiles/rpi_pico_drone.dir/d97f2b5b64023699131c296d803e27bf/RPi_Pico_FC_v0.0.1/pico-sdk/src/rp2_common/hardware_timer/timer.c.obj
                0x100021f4                hardware_alarm_claim
 .text.time_us_64
                0x1000220c       0x18 CMakeFiles/rpi_pico_drone.dir/d97f2b5b64023699131c296d803e27bf/RPi_Pico_FC_v0.0.1/pico-sdk/src/rp2_common/hardware_timer/timer.c.obj
                0x1000220c                time_us_64
 .text.busy_wait_until
                0x10002224       0x28 CMakeFiles/rpi_pico_drone.dir/d97f2b5b64023699131c296d803e27bf/RPi_Pico_FC_v0.0.1/pico-sdk/src/rp2_common/hardware_timer/timer.c.obj
                0x10002224                busy_wait_until
 .text.hardware_alarm_set_callback
                0x1000224c       0x90 CMakeFiles/rpi_pico_drone.dir/d97f2b5b64023699131c296d803e27bf/RPi_Pico_FC_v0.0.1/pico-sdk/src/rp2_common/hardware_timer/timer.c.obj
                0x1000224c                hardware_alarm_set_callback
 .text.hardware_alarm_set_target
                0x100022dc       0xe8 CMakeFiles/rpi_pico_drone.dir/d97f2b5b64023699131c296d803e27bf/RPi_Pico_FC_v0.0.1/pico-sdk/src/rp2_common/hardware_timer/timer.c.obj
                0x100022dc                hardware_alarm_set_target
 .text.hardware_alarm_cancel
                0x100023c4       0x40 CMakeFiles/rpi_pico_drone.dir/d97f2b5b64023699131c296d803e27bf/RPi_Pico_FC_v0.0.1/pico-sdk/src/rp2_common/hardware_timer/timer.c.obj
                0x100023c4                hardware_alarm_cancel
 .text.ph_add_child_node
                0x10002404       0xa4 CMakeFiles/rpi_pico_drone.dir/da200fddeb9d2efd46c16acd1b623a99/RPi_Pico_Flight_Controller/RPi_Pico_FC_v0.0.1/pico-sdk/src/common/pico_util/pheap.c.obj
 .text.ph_merge_nodes
                0x100024a8       0x3e CMakeFiles/rpi_pico_drone.dir/da200fddeb9d2efd46c16acd1b623a99/RPi_Pico_Flight_Controller/RPi_Pico_FC_v0.0.1/pico-sdk/src/common/pico_util/pheap.c.obj
 *fill*         0x100024e6        0x2 
 .text.ph_clear
                0x100024e8       0x70 CMakeFiles/rpi_pico_drone.dir/da200fddeb9d2efd46c16acd1b623a99/RPi_Pico_Flight_Controller/RPi_Pico_FC_v0.0.1/pico-sdk/src/common/pico_util/pheap.c.obj
                0x100024e8                ph_clear
 .text.ph_post_alloc_init
                0x10002558        0xe CMakeFiles/rpi_pico_drone.dir/da200fddeb9d2efd46c16acd1b623a99/RPi_Pico_Flight_Controller/RPi_Pico_FC_v0.0.1/pico-sdk/src/common/pico_util/pheap.c.obj
                0x10002558                ph_post_alloc_init
 *fill*         0x10002566        0x2 
 .text.ph_merge_two_pass
                0x10002568       0xa8 CMakeFiles/rpi_pico_drone.dir/da200fddeb9d2efd46c16acd1b623a99/RPi_Pico_Flight_Controller/RPi_Pico_FC_v0.0.1/pico-sdk/src/common/pico_util/pheap.c.obj
                0x10002568                ph_merge_two_pass
 .text.ph_remove_any_head
                0x10002610      0x128 CMakeFiles/rpi_pico_drone.dir/da200fddeb9d2efd46c16acd1b623a99/RPi_Pico_Flight_Controller/RPi_Pico_FC_v0.0.1/pico-sdk/src/common/pico_util/pheap.c.obj
 .text.ph_remove_head
                0x10002738       0x14 CMakeFiles/rpi_pico_drone.dir/da200fddeb9d2efd46c16acd1b623a99/RPi_Pico_Flight_Controller/RPi_Pico_FC_v0.0.1/pico-sdk/src/common/pico_util/pheap.c.obj
                0x10002738                ph_remove_head
 .text.ph_remove_and_free_node
                0x1000274c       0xf8 CMakeFiles/rpi_pico_drone.dir/da200fddeb9d2efd46c16acd1b623a99/RPi_Pico_Flight_Controller/RPi_Pico_FC_v0.0.1/pico-sdk/src/common/pico_util/pheap.c.obj
                0x1000274c                ph_remove_and_free_node
 .text.clock_configure
                0x10002844      0x108 CMakeFiles/rpi_pico_drone.dir/d97f2b5b64023699131c296d803e27bf/RPi_Pico_FC_v0.0.1/pico-sdk/src/rp2_common/hardware_clocks/clocks.c.obj
                0x10002844                clock_configure
 .text.clocks_init
                0x1000294c      0x100 CMakeFiles/rpi_pico_drone.dir/d97f2b5b64023699131c296d803e27bf/RPi_Pico_FC_v0.0.1/pico-sdk/src/rp2_common/hardware_clocks/clocks.c.obj
                0x1000294c                clocks_init
 .text.clock_get_hz
                0x10002a4c        0xc CMakeFiles/rpi_pico_drone.dir/d97f2b5b64023699131c296d803e27bf/RPi_Pico_FC_v0.0.1/pico-sdk/src/rp2_common/hardware_clocks/clocks.c.obj
                0x10002a4c                clock_get_hz
 .text.pll_init
                0x10002a58      0x120 CMakeFiles/rpi_pico_drone.dir/d97f2b5b64023699131c296d803e27bf/RPi_Pico_FC_v0.0.1/pico-sdk/src/rp2_common/hardware_pll/pll.c.obj
                0x10002a58                pll_init
 .text.watchdog_start_tick
                0x10002b78       0x10 CMakeFiles/rpi_pico_drone.dir/d97f2b5b64023699131c296d803e27bf/RPi_Pico_FC_v0.0.1/pico-sdk/src/rp2_common/hardware_watchdog/watchdog.c.obj
                0x10002b78                watchdog_start_tick
 .text.watchdog_update
                0x10002b88       0x14 CMakeFiles/rpi_pico_drone.dir/d97f2b5b64023699131c296d803e27bf/RPi_Pico_FC_v0.0.1/pico-sdk/src/rp2_common/hardware_watchdog/watchdog.c.obj
                0x10002b88                watchdog_update
 .text._watchdog_enable
                0x10002b9c       0x78 CMakeFiles/rpi_pico_drone.dir/d97f2b5b64023699131c296d803e27bf/RPi_Pico_FC_v0.0.1/pico-sdk/src/rp2_common/hardware_watchdog/watchdog.c.obj
                0x10002b9c                _watchdog_enable
 .text.watchdog_reboot
                0x10002c14       0x48 CMakeFiles/rpi_pico_drone.dir/d97f2b5b64023699131c296d803e27bf/RPi_Pico_FC_v0.0.1/pico-sdk/src/rp2_common/hardware_watchdog/watchdog.c.obj
                0x10002c14                watchdog_reboot
 .text.xosc_init
                0x10002c5c       0x28 CMakeFiles/rpi_pico_drone.dir/d97f2b5b64023699131c296d803e27bf/RPi_Pico_FC_v0.0.1/pico-sdk/src/rp2_common/hardware_xosc/xosc.c.obj
                0x10002c5c                xosc_init
 .text._exit    0x10002c84        0x4 CMakeFiles/rpi_pico_drone.dir/d97f2b5b64023699131c296d803e27bf/RPi_Pico_FC_v0.0.1/pico-sdk/src/rp2_common/pico_runtime/runtime.c.obj
                0x10002c84                _exit
 .text.exit     0x10002c88        0x6 CMakeFiles/rpi_pico_drone.dir/d97f2b5b64023699131c296d803e27bf/RPi_Pico_FC_v0.0.1/pico-sdk/src/rp2_common/pico_runtime/runtime.c.obj
                0x10002c88                exit
 *fill*         0x10002c8e        0x2 
 .text.__assert_func
                0x10002c90       0x3c CMakeFiles/rpi_pico_drone.dir/d97f2b5b64023699131c296d803e27bf/RPi_Pico_FC_v0.0.1/pico-sdk/src/rp2_common/pico_runtime/runtime.c.obj
                0x10002c90                __assert_func
 .text.runtime_init
                0x10002ccc       0xf8 CMakeFiles/rpi_pico_drone.dir/d97f2b5b64023699131c296d803e27bf/RPi_Pico_FC_v0.0.1/pico-sdk/src/rp2_common/pico_runtime/runtime.c.obj
                0x10002ccc                runtime_init
 .text.panic    0x10002dc4       0x30 CMakeFiles/rpi_pico_drone.dir/d97f2b5b64023699131c296d803e27bf/RPi_Pico_FC_v0.0.1/pico-sdk/src/rp2_common/pico_runtime/runtime.c.obj
                0x10002dc4                panic
 .text._out_null
                0x10002df4        0x2 CMakeFiles/rpi_pico_drone.dir/d97f2b5b64023699131c296d803e27bf/RPi_Pico_FC_v0.0.1/pico-sdk/src/rp2_common/pico_printf/printf.c.obj
 .text._out_fct
                0x10002df6        0xe CMakeFiles/rpi_pico_drone.dir/d97f2b5b64023699131c296d803e27bf/RPi_Pico_FC_v0.0.1/pico-sdk/src/rp2_common/pico_printf/printf.c.obj
 .text._atoi    0x10002e04       0x24 CMakeFiles/rpi_pico_drone.dir/d97f2b5b64023699131c296d803e27bf/RPi_Pico_FC_v0.0.1/pico-sdk/src/rp2_common/pico_printf/printf.c.obj
 .text._out_rev
                0x10002e28       0xae CMakeFiles/rpi_pico_drone.dir/d97f2b5b64023699131c296d803e27bf/RPi_Pico_FC_v0.0.1/pico-sdk/src/rp2_common/pico_printf/printf.c.obj
 .text._ntoa_format
                0x10002ed6      0x112 CMakeFiles/rpi_pico_drone.dir/d97f2b5b64023699131c296d803e27bf/RPi_Pico_FC_v0.0.1/pico-sdk/src/rp2_common/pico_printf/printf.c.obj
 .text._ntoa_long
                0x10002fe8       0xbc CMakeFiles/rpi_pico_drone.dir/d97f2b5b64023699131c296d803e27bf/RPi_Pico_FC_v0.0.1/pico-sdk/src/rp2_common/pico_printf/printf.c.obj
 .text._ntoa_long_long
                0x100030a4       0xe2 CMakeFiles/rpi_pico_drone.dir/d97f2b5b64023699131c296d803e27bf/RPi_Pico_FC_v0.0.1/pico-sdk/src/rp2_common/pico_printf/printf.c.obj
 *fill*         0x10003186        0x2 
 .text._etoa    0x10003188      0x414 CMakeFiles/rpi_pico_drone.dir/d97f2b5b64023699131c296d803e27bf/RPi_Pico_FC_v0.0.1/pico-sdk/src/rp2_common/pico_printf/printf.c.obj
 .text._ftoa    0x1000359c      0x354 CMakeFiles/rpi_pico_drone.dir/d97f2b5b64023699131c296d803e27bf/RPi_Pico_FC_v0.0.1/pico-sdk/src/rp2_common/pico_printf/printf.c.obj
 .text._vsnprintf
                0x100038f0      0x624 CMakeFiles/rpi_pico_drone.dir/d97f2b5b64023699131c296d803e27bf/RPi_Pico_FC_v0.0.1/pico-sdk/src/rp2_common/pico_printf/printf.c.obj
 .text.vfctprintf
                0x10003f14       0x20 CMakeFiles/rpi_pico_drone.dir/d97f2b5b64023699131c296d803e27bf/RPi_Pico_FC_v0.0.1/pico-sdk/src/rp2_common/pico_printf/printf.c.obj
                0x10003f14                vfctprintf
 .text          0x10003f34       0x10 CMakeFiles/rpi_pico_drone.dir/d97f2b5b64023699131c296d803e27bf/RPi_Pico_FC_v0.0.1/pico-sdk/src/rp2_common/pico_bit_ops/bit_ops_aeabi.S.obj
 .text.rom_func_lookup
                0x10003f44       0x10 CMakeFiles/rpi_pico_drone.dir/d97f2b5b64023699131c296d803e27bf/RPi_Pico_FC_v0.0.1/pico-sdk/src/rp2_common/pico_bootrom/bootrom.c.obj
                0x10003f44                rom_func_lookup
 .text.rom_data_lookup
                0x10003f54       0x10 CMakeFiles/rpi_pico_drone.dir/d97f2b5b64023699131c296d803e27bf/RPi_Pico_FC_v0.0.1/pico-sdk/src/rp2_common/pico_bootrom/bootrom.c.obj
                0x10003f54                rom_data_lookup
 .text.rom_funcs_lookup
                0x10003f64       0x36 CMakeFiles/rpi_pico_drone.dir/d97f2b5b64023699131c296d803e27bf/RPi_Pico_FC_v0.0.1/pico-sdk/src/rp2_common/pico_bootrom/bootrom.c.obj
                0x10003f64                rom_funcs_lookup
 *fill*         0x10003f9a        0x2 
 .text.__wrap___aeabi_idiv
                0x10003f9c       0x50 CMakeFiles/rpi_pico_drone.dir/d97f2b5b64023699131c296d803e27bf/RPi_Pico_FC_v0.0.1/pico-sdk/src/rp2_common/pico_divider/divider.S.obj
                0x10003f9c                __wrap___aeabi_idivmod
                0x10003f9c                divmod_s32s32
                0x10003f9c                div_s32s32
                0x10003f9c                __wrap___aeabi_idiv
                0x10003fa4                divmod_s32s32_unsafe
                0x10003fd0                divmod_s32s32_savestate
 .text.__wrap___aeabi_uidiv
                0x10003fec       0x4c CMakeFiles/rpi_pico_drone.dir/d97f2b5b64023699131c296d803e27bf/RPi_Pico_FC_v0.0.1/pico-sdk/src/rp2_common/pico_divider/divider.S.obj
                0x10003fec                __wrap___aeabi_uidiv
                0x10003fec                __wrap___aeabi_uidivmod
                0x10003fec                div_u32u32
                0x10003fec                divmod_u32u32
                0x10003ff4                divmod_u32u32_unsafe
                0x1000401c                divmod_u32u32_savestate
 .text.__wrap___aeabi_ldiv
                0x10004038      0x424 CMakeFiles/rpi_pico_drone.dir/d97f2b5b64023699131c296d803e27bf/RPi_Pico_FC_v0.0.1/pico-sdk/src/rp2_common/pico_divider/divider.S.obj
                0x10004038                div_s64s64
                0x10004038                divmod_s64s64
                0x10004038                __wrap___aeabi_ldivmod
                0x10004068                divmod_u64u64
                0x10004068                div_u64u64
                0x10004068                __wrap___aeabi_uldivmod
                0x10004078                divmod_u64u64_savestate
                0x10004098                divmod_s64s64_unsafe
                0x10004120                divmod_u64u64_unsafe
 .text.push_r8_r11
                0x1000445c        0xc CMakeFiles/rpi_pico_drone.dir/d97f2b5b64023699131c296d803e27bf/RPi_Pico_FC_v0.0.1/pico-sdk/src/rp2_common/pico_double/double_aeabi.S.obj
                0x1000445c                push_r8_r11
 .text.pop_r8_r11
                0x10004468        0xc CMakeFiles/rpi_pico_drone.dir/d97f2b5b64023699131c296d803e27bf/RPi_Pico_FC_v0.0.1/pico-sdk/src/rp2_common/pico_double/double_aeabi.S.obj
                0x10004468                pop_r8_r11
 .text.__wrap___aeabi_darithmetic
                0x10004474       0x80 CMakeFiles/rpi_pico_drone.dir/d97f2b5b64023699131c296d803e27bf/RPi_Pico_FC_v0.0.1/pico-sdk/src/rp2_common/pico_double/double_aeabi.S.obj
                0x10004474                __wrap___aeabi_drsub
                0x1000447a                __wrap___aeabi_dsub
                0x1000448c                __wrap___aeabi_dadd
                0x1000449e                __wrap___aeabi_ddiv
                0x100044da                __wrap___aeabi_dmul
 .text.__wrap___aeabi_cdcmple
                0x100044f4       0x6c CMakeFiles/rpi_pico_drone.dir/d97f2b5b64023699131c296d803e27bf/RPi_Pico_FC_v0.0.1/pico-sdk/src/rp2_common/pico_double/double_aeabi.S.obj
                0x100044f4                __wrap___aeabi_cdrcmple
                0x10004504                __wrap___aeabi_cdcmpeq
                0x10004504                __wrap___aeabi_cdcmple
 .text.__wrap___aeabi_dcmplt
                0x10004560        0xc CMakeFiles/rpi_pico_drone.dir/d97f2b5b64023699131c296d803e27bf/RPi_Pico_FC_v0.0.1/pico-sdk/src/rp2_common/pico_double/double_aeabi.S.obj
                0x10004560                __wrap___aeabi_dcmplt
 .text.__wrap___aeabi_dcmple
                0x1000456c       0x10 CMakeFiles/rpi_pico_drone.dir/d97f2b5b64023699131c296d803e27bf/RPi_Pico_FC_v0.0.1/pico-sdk/src/rp2_common/pico_double/double_aeabi.S.obj
                0x1000456c                __wrap___aeabi_dcmple
 .text.__wrap___aeabi_dcmpge
                0x1000457c       0x10 CMakeFiles/rpi_pico_drone.dir/d97f2b5b64023699131c296d803e27bf/RPi_Pico_FC_v0.0.1/pico-sdk/src/rp2_common/pico_double/double_aeabi.S.obj
                0x1000457c                __wrap___aeabi_dcmpge
 .text.__wrap___aeabi_dcmpgt
                0x1000458c        0xa CMakeFiles/rpi_pico_drone.dir/d97f2b5b64023699131c296d803e27bf/RPi_Pico_FC_v0.0.1/pico-sdk/src/rp2_common/pico_double/double_aeabi.S.obj
                0x1000458c                __wrap___aeabi_dcmpgt
 .text.__wrap___aeabi_dcmpun
                0x10004596       0x1c CMakeFiles/rpi_pico_drone.dir/d97f2b5b64023699131c296d803e27bf/RPi_Pico_FC_v0.0.1/pico-sdk/src/rp2_common/pico_double/double_aeabi.S.obj
                0x10004596                __wrap___aeabi_dcmpun
 *fill*         0x100045b2        0x2 
 .text.__wrap___aeabi_i2d
                0x100045b4       0x38 CMakeFiles/rpi_pico_drone.dir/d97f2b5b64023699131c296d803e27bf/RPi_Pico_FC_v0.0.1/pico-sdk/src/rp2_common/pico_double/double_aeabi.S.obj
                0x100045b4                __wrap___aeabi_ui2d
                0x100045bc                __wrap___aeabi_i2d
 .text.__wrap___aeabi_d2iz
                0x100045ec       0x48 CMakeFiles/rpi_pico_drone.dir/d97f2b5b64023699131c296d803e27bf/RPi_Pico_FC_v0.0.1/pico-sdk/src/rp2_common/pico_double/double_aeabi.S.obj
                0x100045ec                double2int_z
                0x100045ec                __wrap___aeabi_d2iz
 .text.__wrap___aeabi_d2uiz
                0x10004634       0x18 CMakeFiles/rpi_pico_drone.dir/d97f2b5b64023699131c296d803e27bf/RPi_Pico_FC_v0.0.1/pico-sdk/src/rp2_common/pico_double/double_aeabi.S.obj
                0x10004634                __wrap___aeabi_d2uiz
                0x10004634                double2uint
 .text.__wrap___aeabi_d2f
                0x1000464c       0x18 CMakeFiles/rpi_pico_drone.dir/d97f2b5b64023699131c296d803e27bf/RPi_Pico_FC_v0.0.1/pico-sdk/src/rp2_common/pico_double/double_aeabi.S.obj
                0x1000464c                __wrap___aeabi_d2f
 .text.__wrap_srqt
                0x10004664       0x18 CMakeFiles/rpi_pico_drone.dir/d97f2b5b64023699131c296d803e27bf/RPi_Pico_FC_v0.0.1/pico-sdk/src/rp2_common/pico_double/double_aeabi.S.obj
                0x10004664                __wrap_sqrt
 .text.__wrap_atan2
                0x1000467c       0x18 CMakeFiles/rpi_pico_drone.dir/d97f2b5b64023699131c296d803e27bf/RPi_Pico_FC_v0.0.1/pico-sdk/src/rp2_common/pico_double/double_aeabi.S.obj
                0x1000467c                __wrap_atan2
 .text.__aeabi_double_init
                0x10004694       0xc8 CMakeFiles/rpi_pico_drone.dir/d97f2b5b64023699131c296d803e27bf/RPi_Pico_FC_v0.0.1/pico-sdk/src/rp2_common/pico_double/double_init_rom.c.obj
                0x10004694                __aeabi_double_init
 .text.__wrap_atan
                0x1000475c       0x40 CMakeFiles/rpi_pico_drone.dir/d97f2b5b64023699131c296d803e27bf/RPi_Pico_FC_v0.0.1/pico-sdk/src/rp2_common/pico_double/double_math.c.obj
                0x1000475c                __wrap_atan
 .text.double_table_shim_on_use_helper
                0x1000479c       0x34 CMakeFiles/rpi_pico_drone.dir/d97f2b5b64023699131c296d803e27bf/RPi_Pico_FC_v0.0.1/pico-sdk/src/rp2_common/pico_double/double_v1_rom_shim.S.obj
                0x1000479c                double_table_shim_on_use_helper
 .text.__wrap___aeabi_dsub
                0x100047d0       0x10 CMakeFiles/rpi_pico_drone.dir/d97f2b5b64023699131c296d803e27bf/RPi_Pico_FC_v0.0.1/pico-sdk/src/rp2_common/pico_double/double_v1_rom_shim.S.obj
                0x100047d0                drsub_shim
                0x100047d6                dsub_shim
 .text.dadd_shim
                0x100047e0      0x15c CMakeFiles/rpi_pico_drone.dir/d97f2b5b64023699131c296d803e27bf/RPi_Pico_FC_v0.0.1/pico-sdk/src/rp2_common/pico_double/double_v1_rom_shim.S.obj
                0x100047e0                dadd_shim
 .text.dmul_shim
                0x1000493c      0x15c CMakeFiles/rpi_pico_drone.dir/d97f2b5b64023699131c296d803e27bf/RPi_Pico_FC_v0.0.1/pico-sdk/src/rp2_common/pico_double/double_v1_rom_shim.S.obj
                0x1000493c                dmul_shim
 .text.ddiv_shim
                0x10004a98      0x1b0 CMakeFiles/rpi_pico_drone.dir/d97f2b5b64023699131c296d803e27bf/RPi_Pico_FC_v0.0.1/pico-sdk/src/rp2_common/pico_double/double_v1_rom_shim.S.obj
                0x10004a98                ddiv_shim
 .text.dsqrt_shim
                0x10004c48      0x1a8 CMakeFiles/rpi_pico_drone.dir/d97f2b5b64023699131c296d803e27bf/RPi_Pico_FC_v0.0.1/pico-sdk/src/rp2_common/pico_double/double_v1_rom_shim.S.obj
                0x10004c64                dsqrt_shim
 .text.dcordic_vec_step
                0x10004df0        0xe CMakeFiles/rpi_pico_drone.dir/d97f2b5b64023699131c296d803e27bf/RPi_Pico_FC_v0.0.1/pico-sdk/src/rp2_common/pico_double/double_v1_rom_shim.S.obj
                0x10004df0                dcordic_vec_step
 .text.dcordic_rot_step
                0x10004dfe       0x76 CMakeFiles/rpi_pico_drone.dir/d97f2b5b64023699131c296d803e27bf/RPi_Pico_FC_v0.0.1/pico-sdk/src/rp2_common/pico_double/double_v1_rom_shim.S.obj
                0x10004dfe                dcordic_rot_step
 .text.double2uint_shim
                0x10004e74        0xe CMakeFiles/rpi_pico_drone.dir/d97f2b5b64023699131c296d803e27bf/RPi_Pico_FC_v0.0.1/pico-sdk/src/rp2_common/pico_double/double_v1_rom_shim.S.obj
                0x10004e74                double2uint_shim
                0x10004e76                double2ufix_shim
 .text.double2int64_shim
                0x10004e82       0x1a CMakeFiles/rpi_pico_drone.dir/d97f2b5b64023699131c296d803e27bf/RPi_Pico_FC_v0.0.1/pico-sdk/src/rp2_common/pico_double/double_v1_rom_shim.S.obj
                0x10004e82                double2int64_shim
                0x10004e84                double2fix64_shim
 .text.double2uint64_shim
                0x10004e9c       0x70 CMakeFiles/rpi_pico_drone.dir/d97f2b5b64023699131c296d803e27bf/RPi_Pico_FC_v0.0.1/pico-sdk/src/rp2_common/pico_double/double_v1_rom_shim.S.obj
                0x10004e9c                double2uint64_shim
                0x10004e9e                double2ufix64_shim
                0x10004ebe                d2fix_a
 .text.double2float_shim
                0x10004f0c       0x5c CMakeFiles/rpi_pico_drone.dir/d97f2b5b64023699131c296d803e27bf/RPi_Pico_FC_v0.0.1/pico-sdk/src/rp2_common/pico_double/double_v1_rom_shim.S.obj
                0x10004f0c                double2float_shim
 .text.x2double_shims
                0x10004f68       0x90 CMakeFiles/rpi_pico_drone.dir/d97f2b5b64023699131c296d803e27bf/RPi_Pico_FC_v0.0.1/pico-sdk/src/rp2_common/pico_double/double_v1_rom_shim.S.obj
                0x10004f68                uint2double_shim
                0x10004f6a                ufix2double_shim
                0x10004f70                int2double_shim
                0x10004f72                fix2double_shim
                0x10004f78                uint642double_shim
                0x10004f7a                ufix642double_shim
                0x10004f80                int642double_shim
                0x10004f82                fix642double_shim
 .text.dunpacks
                0x10004ff8       0x3c CMakeFiles/rpi_pico_drone.dir/d97f2b5b64023699131c296d803e27bf/RPi_Pico_FC_v0.0.1/pico-sdk/src/rp2_common/pico_double/double_v1_rom_shim.S.obj
                0x10004ff8                dunpacks
 .text.dreduce  0x10005034       0x82 CMakeFiles/rpi_pico_drone.dir/d97f2b5b64023699131c296d803e27bf/RPi_Pico_FC_v0.0.1/pico-sdk/src/rp2_common/pico_double/double_v1_rom_shim.S.obj
                0x10005034                dreduce
 *fill*         0x100050b6        0x2 
 .text.dtrig_guts
                0x100050b8      0x2ec CMakeFiles/rpi_pico_drone.dir/d97f2b5b64023699131c296d803e27bf/RPi_Pico_FC_v0.0.1/pico-sdk/src/rp2_common/pico_double/double_v1_rom_shim.S.obj
                0x10005190                datan2_shim
 .text.__aeabi_lmul
                0x100053a4       0x32 CMakeFiles/rpi_pico_drone.dir/d97f2b5b64023699131c296d803e27bf/RPi_Pico_FC_v0.0.1/pico-sdk/src/rp2_common/pico_int64_ops/pico_int64_ops_aeabi.S.obj
                0x100053a4                __wrap___aeabi_lmul
 *fill*         0x100053d6        0x2 
 .text.__wrap___aeabi_farithmetic
                0x100053d8       0x58 CMakeFiles/rpi_pico_drone.dir/d97f2b5b64023699131c296d803e27bf/RPi_Pico_FC_v0.0.1/pico-sdk/src/rp2_common/pico_float/float_aeabi.S.obj
                0x100053d8                __wrap___aeabi_frsub
                0x100053de                __wrap___aeabi_fsub
                0x100053e8                __wrap___aeabi_fadd
                0x100053f2                __wrap___aeabi_fdiv
                0x1000541e                __wrap___aeabi_fmul
 .text.__wrap___aeabi_i2f
                0x10005430       0x44 CMakeFiles/rpi_pico_drone.dir/d97f2b5b64023699131c296d803e27bf/RPi_Pico_FC_v0.0.1/pico-sdk/src/rp2_common/pico_float/float_aeabi.S.obj
                0x10005430                __wrap___aeabi_i2f
 .text.__wrap___aeabi_f2d
                0x10005474       0x14 CMakeFiles/rpi_pico_drone.dir/d97f2b5b64023699131c296d803e27bf/RPi_Pico_FC_v0.0.1/pico-sdk/src/rp2_common/pico_float/float_aeabi.S.obj
                0x10005474                __wrap___aeabi_f2d
 .text.__aeabi_float_init
                0x10005488       0xfc CMakeFiles/rpi_pico_drone.dir/d97f2b5b64023699131c296d803e27bf/RPi_Pico_FC_v0.0.1/pico-sdk/src/rp2_common/pico_float/float_init_rom.c.obj
                0x10005488                __aeabi_float_init
 .text.float_table_shim_on_use_helper
                0x10005584       0x34 CMakeFiles/rpi_pico_drone.dir/d97f2b5b64023699131c296d803e27bf/RPi_Pico_FC_v0.0.1/pico-sdk/src/rp2_common/pico_float/float_v1_rom_shim.S.obj
                0x10005584                float_table_shim_on_use_helper
 .text.float2double_shim
                0x100055b8       0x30 CMakeFiles/rpi_pico_drone.dir/d97f2b5b64023699131c296d803e27bf/RPi_Pico_FC_v0.0.1/pico-sdk/src/rp2_common/pico_float/float_v1_rom_shim.S.obj
                0x100055b8                float2double_shim
 .text          0x100055e8       0x10 CMakeFiles/rpi_pico_drone.dir/d97f2b5b64023699131c296d803e27bf/RPi_Pico_FC_v0.0.1/pico-sdk/src/rp2_common/pico_mem_ops/mem_ops_aeabi.S.obj
                0x100055e8                __aeabi_mem_init
 .text.memset   0x100055f8        0xc CMakeFiles/rpi_pico_drone.dir/d97f2b5b64023699131c296d803e27bf/RPi_Pico_FC_v0.0.1/pico-sdk/src/rp2_common/pico_mem_ops/mem_ops_aeabi.S.obj
                0x100055f8                __wrap_memset
 .text.memcpy   0x10005604        0xc CMakeFiles/rpi_pico_drone.dir/d97f2b5b64023699131c296d803e27bf/RPi_Pico_FC_v0.0.1/pico-sdk/src/rp2_common/pico_mem_ops/mem_ops_aeabi.S.obj
                0x10005604                __wrap_memcpy
                0x10005604                __wrap___aeabi_memcpy
 .text.stdio_out_chars_no_crlf
                0x10005610        0xe CMakeFiles/rpi_pico_drone.dir/d97f2b5b64023699131c296d803e27bf/RPi_Pico_FC_v0.0.1/pico-sdk/src/rp2_common/pico_stdio/stdio.c.obj
 *fill*         0x1000561e        0x2 
 .text.stdio_out_chars_crlf
                0x10005620       0x80 CMakeFiles/rpi_pico_drone.dir/d97f2b5b64023699131c296d803e27bf/RPi_Pico_FC_v0.0.1/pico-sdk/src/rp2_common/pico_stdio/stdio.c.obj
 .text.stdio_stack_buffer_flush
                0x100056a0       0x44 CMakeFiles/rpi_pico_drone.dir/d97f2b5b64023699131c296d803e27bf/RPi_Pico_FC_v0.0.1/pico-sdk/src/rp2_common/pico_stdio/stdio.c.obj
 .text.stdio_buffered_printer
                0x100056e4       0x20 CMakeFiles/rpi_pico_drone.dir/d97f2b5b64023699131c296d803e27bf/RPi_Pico_FC_v0.0.1/pico-sdk/src/rp2_common/pico_stdio/stdio.c.obj
 .text.stdout_serialize_begin
                0x10005704       0x5c CMakeFiles/rpi_pico_drone.dir/d97f2b5b64023699131c296d803e27bf/RPi_Pico_FC_v0.0.1/pico-sdk/src/rp2_common/pico_stdio/stdio.c.obj
                0x10005704                stdout_serialize_begin
 .text.stdout_serialize_end
                0x10005760       0x10 CMakeFiles/rpi_pico_drone.dir/d97f2b5b64023699131c296d803e27bf/RPi_Pico_FC_v0.0.1/pico-sdk/src/rp2_common/pico_stdio/stdio.c.obj
                0x10005760                stdout_serialize_end
 .text.stdio_put_string
                0x10005770       0x98 CMakeFiles/rpi_pico_drone.dir/d97f2b5b64023699131c296d803e27bf/RPi_Pico_FC_v0.0.1/pico-sdk/src/rp2_common/pico_stdio/stdio.c.obj
 .text.stdio_set_driver_enabled
                0x10005808       0x2c CMakeFiles/rpi_pico_drone.dir/d97f2b5b64023699131c296d803e27bf/RPi_Pico_FC_v0.0.1/pico-sdk/src/rp2_common/pico_stdio/stdio.c.obj
                0x10005808                stdio_set_driver_enabled
 .text.stdio_flush
                0x10005834       0x20 CMakeFiles/rpi_pico_drone.dir/d97f2b5b64023699131c296d803e27bf/RPi_Pico_FC_v0.0.1/pico-sdk/src/rp2_common/pico_stdio/stdio.c.obj
                0x10005834                stdio_flush
 .text.__wrap_puts
                0x10005854       0x1e CMakeFiles/rpi_pico_drone.dir/d97f2b5b64023699131c296d803e27bf/RPi_Pico_FC_v0.0.1/pico-sdk/src/rp2_common/pico_stdio/stdio.c.obj
                0x10005854                __wrap_puts
 *fill*         0x10005872        0x2 
 .text.__wrap_vprintf
                0x10005874       0x40 CMakeFiles/rpi_pico_drone.dir/d97f2b5b64023699131c296d803e27bf/RPi_Pico_FC_v0.0.1/pico-sdk/src/rp2_common/pico_stdio/stdio.c.obj
                0x10005874                __wrap_vprintf
 .text.__wrap_printf
                0x100058b4       0x18 CMakeFiles/rpi_pico_drone.dir/d97f2b5b64023699131c296d803e27bf/RPi_Pico_FC_v0.0.1/pico-sdk/src/rp2_common/pico_stdio/stdio.c.obj
                0x100058b4                __wrap_printf
 .text.stdio_init_all
                0x100058cc        0x8 CMakeFiles/rpi_pico_drone.dir/d97f2b5b64023699131c296d803e27bf/RPi_Pico_FC_v0.0.1/pico-sdk/src/rp2_common/pico_stdio/stdio.c.obj
                0x100058cc                stdio_init_all
 .text.resetd_init
                0x100058d4        0x2 CMakeFiles/rpi_pico_drone.dir/d97f2b5b64023699131c296d803e27bf/RPi_Pico_FC_v0.0.1/pico-sdk/src/rp2_common/pico_stdio_usb/reset_interface.c.obj
 *fill*         0x100058d6        0x2 
 .text.resetd_reset
                0x100058d8        0xc CMakeFiles/rpi_pico_drone.dir/d97f2b5b64023699131c296d803e27bf/RPi_Pico_FC_v0.0.1/pico-sdk/src/rp2_common/pico_stdio_usb/reset_interface.c.obj
 .text.resetd_open
                0x100058e4       0x34 CMakeFiles/rpi_pico_drone.dir/d97f2b5b64023699131c296d803e27bf/RPi_Pico_FC_v0.0.1/pico-sdk/src/rp2_common/pico_stdio_usb/reset_interface.c.obj
 .text.resetd_xfer_cb
                0x10005918        0x4 CMakeFiles/rpi_pico_drone.dir/d97f2b5b64023699131c296d803e27bf/RPi_Pico_FC_v0.0.1/pico-sdk/src/rp2_common/pico_stdio_usb/reset_interface.c.obj
 .text.reset_usb_boot
                0x1000591c       0x18 CMakeFiles/rpi_pico_drone.dir/d97f2b5b64023699131c296d803e27bf/RPi_Pico_FC_v0.0.1/pico-sdk/src/rp2_common/pico_stdio_usb/reset_interface.c.obj
 .text.resetd_control_xfer_cb
                0x10005934       0x5c CMakeFiles/rpi_pico_drone.dir/d97f2b5b64023699131c296d803e27bf/RPi_Pico_FC_v0.0.1/pico-sdk/src/rp2_common/pico_stdio_usb/reset_interface.c.obj
 .text.usbd_app_driver_get_cb
                0x10005990        0xc CMakeFiles/rpi_pico_drone.dir/d97f2b5b64023699131c296d803e27bf/RPi_Pico_FC_v0.0.1/pico-sdk/src/rp2_common/pico_stdio_usb/reset_interface.c.obj
                0x10005990                usbd_app_driver_get_cb
 .text.tud_cdc_line_coding_cb
                0x1000599c       0x28 CMakeFiles/rpi_pico_drone.dir/d97f2b5b64023699131c296d803e27bf/RPi_Pico_FC_v0.0.1/pico-sdk/src/rp2_common/pico_stdio_usb/reset_interface.c.obj
                0x1000599c                tud_cdc_line_coding_cb
 .text.stdio_usb_set_chars_available_callback
                0x100059c4       0x14 CMakeFiles/rpi_pico_drone.dir/d97f2b5b64023699131c296d803e27bf/RPi_Pico_FC_v0.0.1/pico-sdk/src/rp2_common/pico_stdio_usb/stdio_usb.c.obj
                0x100059c4                stdio_usb_set_chars_available_callback
 .text.usb_irq  0x100059d8       0x10 CMakeFiles/rpi_pico_drone.dir/d97f2b5b64023699131c296d803e27bf/RPi_Pico_FC_v0.0.1/pico-sdk/src/rp2_common/pico_stdio_usb/stdio_usb.c.obj
 .text.timer_task
                0x100059e8       0x5c CMakeFiles/rpi_pico_drone.dir/d97f2b5b64023699131c296d803e27bf/RPi_Pico_FC_v0.0.1/pico-sdk/src/rp2_common/pico_stdio_usb/stdio_usb.c.obj
 .text.low_priority_worker_irq
                0x10005a44       0xdc CMakeFiles/rpi_pico_drone.dir/d97f2b5b64023699131c296d803e27bf/RPi_Pico_FC_v0.0.1/pico-sdk/src/rp2_common/pico_stdio_usb/stdio_usb.c.obj
 .text.tud_cdc_rx_cb
                0x10005b20       0x20 CMakeFiles/rpi_pico_drone.dir/d97f2b5b64023699131c296d803e27bf/RPi_Pico_FC_v0.0.1/pico-sdk/src/rp2_common/pico_stdio_usb/stdio_usb.c.obj
                0x10005b20                tud_cdc_rx_cb
 .text.stdio_usb_init
                0x10005b40      0x11c CMakeFiles/rpi_pico_drone.dir/d97f2b5b64023699131c296d803e27bf/RPi_Pico_FC_v0.0.1/pico-sdk/src/rp2_common/pico_stdio_usb/stdio_usb.c.obj
                0x10005b40                stdio_usb_init
 .text.stdio_usb_connected
                0x10005c5c        0xa CMakeFiles/rpi_pico_drone.dir/d97f2b5b64023699131c296d803e27bf/RPi_Pico_FC_v0.0.1/pico-sdk/src/rp2_common/pico_stdio_usb/stdio_usb.c.obj
                0x10005c5c                stdio_usb_connected
 *fill*         0x10005c66        0x2 
 .text.stdio_usb_in_chars
                0x10005c68       0xc4 CMakeFiles/rpi_pico_drone.dir/d97f2b5b64023699131c296d803e27bf/RPi_Pico_FC_v0.0.1/pico-sdk/src/rp2_common/pico_stdio_usb/stdio_usb.c.obj
                0x10005c68                stdio_usb_in_chars
 .text.stdio_usb_out_chars
                0x10005d2c      0x114 CMakeFiles/rpi_pico_drone.dir/d97f2b5b64023699131c296d803e27bf/RPi_Pico_FC_v0.0.1/pico-sdk/src/rp2_common/pico_stdio_usb/stdio_usb.c.obj
 .text.tud_descriptor_device_cb
                0x10005e40        0x8 CMakeFiles/rpi_pico_drone.dir/d97f2b5b64023699131c296d803e27bf/RPi_Pico_FC_v0.0.1/pico-sdk/src/rp2_common/pico_stdio_usb/stdio_usb_descriptors.c.obj
                0x10005e40                tud_descriptor_device_cb
 .text.tud_descriptor_configuration_cb
                0x10005e48        0x8 CMakeFiles/rpi_pico_drone.dir/d97f2b5b64023699131c296d803e27bf/RPi_Pico_FC_v0.0.1/pico-sdk/src/rp2_common/pico_stdio_usb/stdio_usb_descriptors.c.obj
                0x10005e48                tud_descriptor_configuration_cb
 .text.tud_descriptor_string_cb
                0x10005e50       0x6c CMakeFiles/rpi_pico_drone.dir/d97f2b5b64023699131c296d803e27bf/RPi_Pico_FC_v0.0.1/pico-sdk/src/rp2_common/pico_stdio_usb/stdio_usb_descriptors.c.obj
                0x10005e50                tud_descriptor_string_cb
 .text._retrieve_unique_id_on_boot
                0x10005ebc       0x10 CMakeFiles/rpi_pico_drone.dir/d97f2b5b64023699131c296d803e27bf/RPi_Pico_FC_v0.0.1/pico-sdk/src/rp2_common/pico_unique_id/unique_id.c.obj
 .text.pico_get_unique_board_id_string
                0x10005ecc       0x60 CMakeFiles/rpi_pico_drone.dir/d97f2b5b64023699131c296d803e27bf/RPi_Pico_FC_v0.0.1/pico-sdk/src/rp2_common/pico_unique_id/unique_id.c.obj
                0x10005ecc                pico_get_unique_board_id_string
 .text.flash_get_unique_id
                0x10005f2c       0x46 CMakeFiles/rpi_pico_drone.dir/d97f2b5b64023699131c296d803e27bf/RPi_Pico_FC_v0.0.1/pico-sdk/src/rp2_common/hardware_flash/flash.c.obj
                0x10005f2c                flash_get_unique_id
 *fill*         0x10005f72        0x2 
 .text.hw_endpoint_get_by_addr
                0x10005f74       0x18 CMakeFiles/rpi_pico_drone.dir/a4985c5c7872a23036d27fda98a62ab0/pico-sdk/lib/tinyusb/src/portable/raspberrypi/rp2040/dcd_rp2040.c.obj
 .text._hw_endpoint_alloc
                0x10005f8c       0x70 CMakeFiles/rpi_pico_drone.dir/a4985c5c7872a23036d27fda98a62ab0/pico-sdk/lib/tinyusb/src/portable/raspberrypi/rp2040/dcd_rp2040.c.obj
 .text.hw_endpoint_init
                0x10005ffc       0x88 CMakeFiles/rpi_pico_drone.dir/a4985c5c7872a23036d27fda98a62ab0/pico-sdk/lib/tinyusb/src/portable/raspberrypi/rp2040/dcd_rp2040.c.obj
 .text.hw_endpoint_xfer
                0x10006084       0x14 CMakeFiles/rpi_pico_drone.dir/a4985c5c7872a23036d27fda98a62ab0/pico-sdk/lib/tinyusb/src/portable/raspberrypi/rp2040/dcd_rp2040.c.obj
 .text.dcd_int_enable
                0x10006098       0x2c CMakeFiles/rpi_pico_drone.dir/a4985c5c7872a23036d27fda98a62ab0/pico-sdk/lib/tinyusb/src/portable/raspberrypi/rp2040/dcd_rp2040.c.obj
                0x10006098                dcd_int_enable
 .text.dcd_set_address
                0x100060c4       0x2c CMakeFiles/rpi_pico_drone.dir/a4985c5c7872a23036d27fda98a62ab0/pico-sdk/lib/tinyusb/src/portable/raspberrypi/rp2040/dcd_rp2040.c.obj
                0x100060c4                dcd_set_address
 .text.dcd_connect
                0x100060f0       0x10 CMakeFiles/rpi_pico_drone.dir/a4985c5c7872a23036d27fda98a62ab0/pico-sdk/lib/tinyusb/src/portable/raspberrypi/rp2040/dcd_rp2040.c.obj
                0x100060f0                dcd_connect
 .text.dcd_init
                0x10006100       0x80 CMakeFiles/rpi_pico_drone.dir/a4985c5c7872a23036d27fda98a62ab0/pico-sdk/lib/tinyusb/src/portable/raspberrypi/rp2040/dcd_rp2040.c.obj
                0x10006100                dcd_init
 .text.dcd_edpt0_status_complete
                0x10006180       0x1c CMakeFiles/rpi_pico_drone.dir/a4985c5c7872a23036d27fda98a62ab0/pico-sdk/lib/tinyusb/src/portable/raspberrypi/rp2040/dcd_rp2040.c.obj
                0x10006180                dcd_edpt0_status_complete
 .text.dcd_edpt_open
                0x1000619c       0x40 CMakeFiles/rpi_pico_drone.dir/a4985c5c7872a23036d27fda98a62ab0/pico-sdk/lib/tinyusb/src/portable/raspberrypi/rp2040/dcd_rp2040.c.obj
                0x1000619c                dcd_edpt_open
 .text.dcd_edpt_close_all
                0x100061dc        0x8 CMakeFiles/rpi_pico_drone.dir/a4985c5c7872a23036d27fda98a62ab0/pico-sdk/lib/tinyusb/src/portable/raspberrypi/rp2040/dcd_rp2040.c.obj
                0x100061dc                dcd_edpt_close_all
 .text.dcd_edpt_xfer
                0x100061e4       0x34 CMakeFiles/rpi_pico_drone.dir/a4985c5c7872a23036d27fda98a62ab0/pico-sdk/lib/tinyusb/src/portable/raspberrypi/rp2040/dcd_rp2040.c.obj
                0x100061e4                dcd_edpt_xfer
 .text.dcd_edpt_stall
                0x10006218       0x2c CMakeFiles/rpi_pico_drone.dir/a4985c5c7872a23036d27fda98a62ab0/pico-sdk/lib/tinyusb/src/portable/raspberrypi/rp2040/dcd_rp2040.c.obj
                0x10006218                dcd_edpt_stall
 .text.dcd_edpt_clear_stall
                0x10006244       0x20 CMakeFiles/rpi_pico_drone.dir/a4985c5c7872a23036d27fda98a62ab0/pico-sdk/lib/tinyusb/src/portable/raspberrypi/rp2040/dcd_rp2040.c.obj
                0x10006244                dcd_edpt_clear_stall
 .text.rp2040_usb_init
                0x10006264       0x4c CMakeFiles/rpi_pico_drone.dir/a4985c5c7872a23036d27fda98a62ab0/pico-sdk/lib/tinyusb/src/portable/raspberrypi/rp2040/rp2040_usb.c.obj
                0x10006264                rp2040_usb_init
 .text.hw_endpoint_xfer_start
                0x100062b0       0x50 CMakeFiles/rpi_pico_drone.dir/a4985c5c7872a23036d27fda98a62ab0/pico-sdk/lib/tinyusb/src/portable/raspberrypi/rp2040/rp2040_usb.c.obj
                0x100062b0                hw_endpoint_xfer_start
 .text.configuration_reset
                0x10006300       0x84 CMakeFiles/rpi_pico_drone.dir/d97f2b5b64023699131c296d803e27bf/RPi_Pico_FC_v0.0.1/pico-sdk/lib/tinyusb/src/device/usbd.c.obj
 .text.usbd_reset
                0x10006384        0xc CMakeFiles/rpi_pico_drone.dir/d97f2b5b64023699131c296d803e27bf/RPi_Pico_FC_v0.0.1/pico-sdk/lib/tinyusb/src/device/usbd.c.obj
 .text.invoke_class_control
                0x10006390       0x1a CMakeFiles/rpi_pico_drone.dir/d97f2b5b64023699131c296d803e27bf/RPi_Pico_FC_v0.0.1/pico-sdk/lib/tinyusb/src/device/usbd.c.obj
 *fill*         0x100063aa        0x2 
 .text.process_set_config
                0x100063ac      0x178 CMakeFiles/rpi_pico_drone.dir/d97f2b5b64023699131c296d803e27bf/RPi_Pico_FC_v0.0.1/pico-sdk/lib/tinyusb/src/device/usbd.c.obj
 .text.process_get_descriptor
                0x10006524       0xdc CMakeFiles/rpi_pico_drone.dir/d97f2b5b64023699131c296d803e27bf/RPi_Pico_FC_v0.0.1/pico-sdk/lib/tinyusb/src/device/usbd.c.obj
 .text.tud_mounted
                0x10006600       0x10 CMakeFiles/rpi_pico_drone.dir/d97f2b5b64023699131c296d803e27bf/RPi_Pico_FC_v0.0.1/pico-sdk/lib/tinyusb/src/device/usbd.c.obj
                0x10006600                tud_mounted
 .text.tud_suspended
                0x10006610       0x10 CMakeFiles/rpi_pico_drone.dir/d97f2b5b64023699131c296d803e27bf/RPi_Pico_FC_v0.0.1/pico-sdk/lib/tinyusb/src/device/usbd.c.obj
                0x10006610                tud_suspended
 .text.tud_inited
                0x10006620       0x14 CMakeFiles/rpi_pico_drone.dir/d97f2b5b64023699131c296d803e27bf/RPi_Pico_FC_v0.0.1/pico-sdk/lib/tinyusb/src/device/usbd.c.obj
                0x10006620                tud_inited
 .text.tud_init
                0x10006634       0xcc CMakeFiles/rpi_pico_drone.dir/d97f2b5b64023699131c296d803e27bf/RPi_Pico_FC_v0.0.1/pico-sdk/lib/tinyusb/src/device/usbd.c.obj
                0x10006634                tud_init
 .text.usbd_defer_func
                0x10006700       0x2a CMakeFiles/rpi_pico_drone.dir/d97f2b5b64023699131c296d803e27bf/RPi_Pico_FC_v0.0.1/pico-sdk/lib/tinyusb/src/device/usbd.c.obj
                0x10006700                usbd_defer_func
 *fill*         0x1000672a        0x2 
 .text.usbd_edpt_open
                0x1000672c       0x34 CMakeFiles/rpi_pico_drone.dir/d97f2b5b64023699131c296d803e27bf/RPi_Pico_FC_v0.0.1/pico-sdk/lib/tinyusb/src/device/usbd.c.obj
                0x1000672c                usbd_edpt_open
 .text.usbd_open_edpt_pair
                0x10006760       0x62 CMakeFiles/rpi_pico_drone.dir/d97f2b5b64023699131c296d803e27bf/RPi_Pico_FC_v0.0.1/pico-sdk/lib/tinyusb/src/device/usbd.c.obj
                0x10006760                usbd_open_edpt_pair
 *fill*         0x100067c2        0x2 
 .text.usbd_edpt_claim
                0x100067c4       0x28 CMakeFiles/rpi_pico_drone.dir/d97f2b5b64023699131c296d803e27bf/RPi_Pico_FC_v0.0.1/pico-sdk/lib/tinyusb/src/device/usbd.c.obj
                0x100067c4                usbd_edpt_claim
 .text.usbd_edpt_release
                0x100067ec       0x28 CMakeFiles/rpi_pico_drone.dir/d97f2b5b64023699131c296d803e27bf/RPi_Pico_FC_v0.0.1/pico-sdk/lib/tinyusb/src/device/usbd.c.obj
                0x100067ec                usbd_edpt_release
 .text.usbd_edpt_xfer
                0x10006814       0x78 CMakeFiles/rpi_pico_drone.dir/d97f2b5b64023699131c296d803e27bf/RPi_Pico_FC_v0.0.1/pico-sdk/lib/tinyusb/src/device/usbd.c.obj
                0x10006814                usbd_edpt_xfer
 .text.usbd_edpt_stall
                0x1000688c       0x48 CMakeFiles/rpi_pico_drone.dir/d97f2b5b64023699131c296d803e27bf/RPi_Pico_FC_v0.0.1/pico-sdk/lib/tinyusb/src/device/usbd.c.obj
                0x1000688c                usbd_edpt_stall
 .text.usbd_edpt_clear_stall
                0x100068d4       0x48 CMakeFiles/rpi_pico_drone.dir/d97f2b5b64023699131c296d803e27bf/RPi_Pico_FC_v0.0.1/pico-sdk/lib/tinyusb/src/device/usbd.c.obj
                0x100068d4                usbd_edpt_clear_stall
 .text.usbd_edpt_stalled
                0x1000691c       0x1c CMakeFiles/rpi_pico_drone.dir/d97f2b5b64023699131c296d803e27bf/RPi_Pico_FC_v0.0.1/pico-sdk/lib/tinyusb/src/device/usbd.c.obj
                0x1000691c                usbd_edpt_stalled
 .text.process_control_request
                0x10006938      0x37c CMakeFiles/rpi_pico_drone.dir/d97f2b5b64023699131c296d803e27bf/RPi_Pico_FC_v0.0.1/pico-sdk/lib/tinyusb/src/device/usbd.c.obj
 .text.tud_task_ext
                0x10006cb4      0x1b8 CMakeFiles/rpi_pico_drone.dir/d97f2b5b64023699131c296d803e27bf/RPi_Pico_FC_v0.0.1/pico-sdk/lib/tinyusb/src/device/usbd.c.obj
                0x10006cb4                tud_task_ext
 .text._data_stage_xact
                0x10006e6c       0x58 CMakeFiles/rpi_pico_drone.dir/d97f2b5b64023699131c296d803e27bf/RPi_Pico_FC_v0.0.1/pico-sdk/lib/tinyusb/src/device/usbd_control.c.obj
 .text.tud_control_status
                0x10006ec4       0x38 CMakeFiles/rpi_pico_drone.dir/d97f2b5b64023699131c296d803e27bf/RPi_Pico_FC_v0.0.1/pico-sdk/lib/tinyusb/src/device/usbd_control.c.obj
                0x10006ec4                tud_control_status
 .text.tud_control_xfer
                0x10006efc       0x74 CMakeFiles/rpi_pico_drone.dir/d97f2b5b64023699131c296d803e27bf/RPi_Pico_FC_v0.0.1/pico-sdk/lib/tinyusb/src/device/usbd_control.c.obj
                0x10006efc                tud_control_xfer
 .text.usbd_control_reset
                0x10006f70       0x14 CMakeFiles/rpi_pico_drone.dir/d97f2b5b64023699131c296d803e27bf/RPi_Pico_FC_v0.0.1/pico-sdk/lib/tinyusb/src/device/usbd_control.c.obj
                0x10006f70                usbd_control_reset
 .text.usbd_control_set_complete_callback
                0x10006f84        0xc CMakeFiles/rpi_pico_drone.dir/d97f2b5b64023699131c296d803e27bf/RPi_Pico_FC_v0.0.1/pico-sdk/lib/tinyusb/src/device/usbd_control.c.obj
                0x10006f84                usbd_control_set_complete_callback
 .text.usbd_control_set_request
                0x10006f90       0x1c CMakeFiles/rpi_pico_drone.dir/d97f2b5b64023699131c296d803e27bf/RPi_Pico_FC_v0.0.1/pico-sdk/lib/tinyusb/src/device/usbd_control.c.obj
                0x10006f90                usbd_control_set_request
 .text.usbd_control_xfer_cb
                0x10006fac       0xcc CMakeFiles/rpi_pico_drone.dir/d97f2b5b64023699131c296d803e27bf/RPi_Pico_FC_v0.0.1/pico-sdk/lib/tinyusb/src/device/usbd_control.c.obj
                0x10006fac                usbd_control_xfer_cb
 .text._prep_out_transaction
                0x10007078       0x4a CMakeFiles/rpi_pico_drone.dir/d97f2b5b64023699131c296d803e27bf/RPi_Pico_FC_v0.0.1/pico-sdk/lib/tinyusb/src/class/cdc/cdc_device.c.obj
 *fill*         0x100070c2        0x2 
 .text.tud_cdc_n_connected
                0x100070c4       0x44 CMakeFiles/rpi_pico_drone.dir/d97f2b5b64023699131c296d803e27bf/RPi_Pico_FC_v0.0.1/pico-sdk/lib/tinyusb/src/class/cdc/cdc_device.c.obj
                0x100070c4                tud_cdc_n_connected
 .text.tud_cdc_n_available
                0x10007108       0x18 CMakeFiles/rpi_pico_drone.dir/d97f2b5b64023699131c296d803e27bf/RPi_Pico_FC_v0.0.1/pico-sdk/lib/tinyusb/src/class/cdc/cdc_device.c.obj
                0x10007108                tud_cdc_n_available
 .text.tud_cdc_n_read
                0x10007120       0x28 CMakeFiles/rpi_pico_drone.dir/d97f2b5b64023699131c296d803e27bf/RPi_Pico_FC_v0.0.1/pico-sdk/lib/tinyusb/src/class/cdc/cdc_device.c.obj
                0x10007120                tud_cdc_n_read
 .text.tud_cdc_n_write_flush
                0x10007148       0xb8 CMakeFiles/rpi_pico_drone.dir/d97f2b5b64023699131c296d803e27bf/RPi_Pico_FC_v0.0.1/pico-sdk/lib/tinyusb/src/class/cdc/cdc_device.c.obj
                0x10007148                tud_cdc_n_write_flush
 .text.tud_cdc_n_write
                0x10007200       0x38 CMakeFiles/rpi_pico_drone.dir/d97f2b5b64023699131c296d803e27bf/RPi_Pico_FC_v0.0.1/pico-sdk/lib/tinyusb/src/class/cdc/cdc_device.c.obj
                0x10007200                tud_cdc_n_write
 .text.tud_cdc_n_write_available
                0x10007238       0x1c CMakeFiles/rpi_pico_drone.dir/d97f2b5b64023699131c296d803e27bf/RPi_Pico_FC_v0.0.1/pico-sdk/lib/tinyusb/src/class/cdc/cdc_device.c.obj
                0x10007238                tud_cdc_n_write_available
 .text.cdcd_init
                0x10007254       0xbc CMakeFiles/rpi_pico_drone.dir/d97f2b5b64023699131c296d803e27bf/RPi_Pico_FC_v0.0.1/pico-sdk/lib/tinyusb/src/class/cdc/cdc_device.c.obj
                0x10007254                cdcd_init
 .text.cdcd_reset
                0x10007310       0x44 CMakeFiles/rpi_pico_drone.dir/d97f2b5b64023699131c296d803e27bf/RPi_Pico_FC_v0.0.1/pico-sdk/lib/tinyusb/src/class/cdc/cdc_device.c.obj
                0x10007310                cdcd_reset
 .text.cdcd_open
                0x10007354       0xcc CMakeFiles/rpi_pico_drone.dir/d97f2b5b64023699131c296d803e27bf/RPi_Pico_FC_v0.0.1/pico-sdk/lib/tinyusb/src/class/cdc/cdc_device.c.obj
                0x10007354                cdcd_open
 .text.cdcd_control_xfer_cb
                0x10007420      0x134 CMakeFiles/rpi_pico_drone.dir/d97f2b5b64023699131c296d803e27bf/RPi_Pico_FC_v0.0.1/pico-sdk/lib/tinyusb/src/class/cdc/cdc_device.c.obj
                0x10007420                cdcd_control_xfer_cb
 .text.cdcd_xfer_cb
                0x10007554      0x130 CMakeFiles/rpi_pico_drone.dir/d97f2b5b64023699131c296d803e27bf/RPi_Pico_FC_v0.0.1/pico-sdk/lib/tinyusb/src/class/cdc/cdc_device.c.obj
                0x10007554                cdcd_xfer_cb
 .text.tusb_init
                0x10007684        0xa CMakeFiles/rpi_pico_drone.dir/da200fddeb9d2efd46c16acd1b623a99/RPi_Pico_Flight_Controller/RPi_Pico_FC_v0.0.1/pico-sdk/lib/tinyusb/src/tusb.c.obj
                0x10007684                tusb_init
 .text.tusb_inited
                0x1000768e        0xe CMakeFiles/rpi_pico_drone.dir/da200fddeb9d2efd46c16acd1b623a99/RPi_Pico_Flight_Controller/RPi_Pico_FC_v0.0.1/pico-sdk/lib/tinyusb/src/tusb.c.obj
                0x1000768e                tusb_inited
 .text.tu_edpt_claim
                0x1000769c       0x50 CMakeFiles/rpi_pico_drone.dir/da200fddeb9d2efd46c16acd1b623a99/RPi_Pico_Flight_Controller/RPi_Pico_FC_v0.0.1/pico-sdk/lib/tinyusb/src/tusb.c.obj
                0x1000769c                tu_edpt_claim
 .text.tu_edpt_release
                0x100076ec       0x3c CMakeFiles/rpi_pico_drone.dir/da200fddeb9d2efd46c16acd1b623a99/RPi_Pico_Flight_Controller/RPi_Pico_FC_v0.0.1/pico-sdk/lib/tinyusb/src/tusb.c.obj
                0x100076ec                tu_edpt_release
 .text.tu_edpt_validate
                0x10007728       0x78 CMakeFiles/rpi_pico_drone.dir/da200fddeb9d2efd46c16acd1b623a99/RPi_Pico_Flight_Controller/RPi_Pico_FC_v0.0.1/pico-sdk/lib/tinyusb/src/tusb.c.obj
                0x10007728                tu_edpt_validate
 .text.tu_edpt_bind_driver
                0x100077a0       0x26 CMakeFiles/rpi_pico_drone.dir/da200fddeb9d2efd46c16acd1b623a99/RPi_Pico_Flight_Controller/RPi_Pico_FC_v0.0.1/pico-sdk/lib/tinyusb/src/tusb.c.obj
                0x100077a0                tu_edpt_bind_driver
 .text.advance_index
                0x100077c6       0x1a CMakeFiles/rpi_pico_drone.dir/d97f2b5b64023699131c296d803e27bf/RPi_Pico_FC_v0.0.1/pico-sdk/lib/tinyusb/src/common/tusb_fifo.c.obj
 .text._tu_fifo_peek
                0x100077e0       0x56 CMakeFiles/rpi_pico_drone.dir/d97f2b5b64023699131c296d803e27bf/RPi_Pico_FC_v0.0.1/pico-sdk/lib/tinyusb/src/common/tusb_fifo.c.obj
 .text._ff_pull_const_addr
                0x10007836       0x4c CMakeFiles/rpi_pico_drone.dir/d97f2b5b64023699131c296d803e27bf/RPi_Pico_FC_v0.0.1/pico-sdk/lib/tinyusb/src/common/tusb_fifo.c.obj
 .text._ff_pull_n
                0x10007882      0x110 CMakeFiles/rpi_pico_drone.dir/d97f2b5b64023699131c296d803e27bf/RPi_Pico_FC_v0.0.1/pico-sdk/lib/tinyusb/src/common/tusb_fifo.c.obj
 .text._tu_fifo_peek_n
                0x10007992       0x6a CMakeFiles/rpi_pico_drone.dir/d97f2b5b64023699131c296d803e27bf/RPi_Pico_FC_v0.0.1/pico-sdk/lib/tinyusb/src/common/tusb_fifo.c.obj
 .text._tu_fifo_read_n
                0x100079fc       0x4e CMakeFiles/rpi_pico_drone.dir/d97f2b5b64023699131c296d803e27bf/RPi_Pico_FC_v0.0.1/pico-sdk/lib/tinyusb/src/common/tusb_fifo.c.obj
 .text._ff_push_const_addr
                0x10007a4a       0x40 CMakeFiles/rpi_pico_drone.dir/d97f2b5b64023699131c296d803e27bf/RPi_Pico_FC_v0.0.1/pico-sdk/lib/tinyusb/src/common/tusb_fifo.c.obj
 .text._ff_push_n
                0x10007a8a      0x10c CMakeFiles/rpi_pico_drone.dir/d97f2b5b64023699131c296d803e27bf/RPi_Pico_FC_v0.0.1/pico-sdk/lib/tinyusb/src/common/tusb_fifo.c.obj
 .text._tu_fifo_write_n
                0x10007b96       0xf0 CMakeFiles/rpi_pico_drone.dir/d97f2b5b64023699131c296d803e27bf/RPi_Pico_FC_v0.0.1/pico-sdk/lib/tinyusb/src/common/tusb_fifo.c.obj
 .text.tu_fifo_config
                0x10007c86       0x7c CMakeFiles/rpi_pico_drone.dir/d97f2b5b64023699131c296d803e27bf/RPi_Pico_FC_v0.0.1/pico-sdk/lib/tinyusb/src/common/tusb_fifo.c.obj
                0x10007c86                tu_fifo_config
 .text.tu_fifo_count
                0x10007d02       0x2a CMakeFiles/rpi_pico_drone.dir/d97f2b5b64023699131c296d803e27bf/RPi_Pico_FC_v0.0.1/pico-sdk/lib/tinyusb/src/common/tusb_fifo.c.obj
                0x10007d02                tu_fifo_count
 .text.tu_fifo_empty
                0x10007d2c       0x10 CMakeFiles/rpi_pico_drone.dir/d97f2b5b64023699131c296d803e27bf/RPi_Pico_FC_v0.0.1/pico-sdk/lib/tinyusb/src/common/tusb_fifo.c.obj
                0x10007d2c                tu_fifo_empty
 .text.tu_fifo_full
                0x10007d3c       0x28 CMakeFiles/rpi_pico_drone.dir/d97f2b5b64023699131c296d803e27bf/RPi_Pico_FC_v0.0.1/pico-sdk/lib/tinyusb/src/common/tusb_fifo.c.obj
                0x10007d3c                tu_fifo_full
 .text.tu_fifo_remaining
                0x10007d64       0x2c CMakeFiles/rpi_pico_drone.dir/d97f2b5b64023699131c296d803e27bf/RPi_Pico_FC_v0.0.1/pico-sdk/lib/tinyusb/src/common/tusb_fifo.c.obj
                0x10007d64                tu_fifo_remaining
 .text.tu_fifo_read
                0x10007d90       0x42 CMakeFiles/rpi_pico_drone.dir/d97f2b5b64023699131c296d803e27bf/RPi_Pico_FC_v0.0.1/pico-sdk/lib/tinyusb/src/common/tusb_fifo.c.obj
                0x10007d90                tu_fifo_read
 .text.tu_fifo_read_n
                0x10007dd2        0xa CMakeFiles/rpi_pico_drone.dir/d97f2b5b64023699131c296d803e27bf/RPi_Pico_FC_v0.0.1/pico-sdk/lib/tinyusb/src/common/tusb_fifo.c.obj
                0x10007dd2                tu_fifo_read_n
 .text.tu_fifo_write
                0x10007ddc       0x64 CMakeFiles/rpi_pico_drone.dir/d97f2b5b64023699131c296d803e27bf/RPi_Pico_FC_v0.0.1/pico-sdk/lib/tinyusb/src/common/tusb_fifo.c.obj
                0x10007ddc                tu_fifo_write
 .text.tu_fifo_write_n
                0x10007e40        0xa CMakeFiles/rpi_pico_drone.dir/d97f2b5b64023699131c296d803e27bf/RPi_Pico_FC_v0.0.1/pico-sdk/lib/tinyusb/src/common/tusb_fifo.c.obj
                0x10007e40                tu_fifo_write_n
 .text.tu_fifo_clear
                0x10007e4a       0x3e CMakeFiles/rpi_pico_drone.dir/d97f2b5b64023699131c296d803e27bf/RPi_Pico_FC_v0.0.1/pico-sdk/lib/tinyusb/src/common/tusb_fifo.c.obj
                0x10007e4a                tu_fifo_clear
 .text.tu_fifo_set_overwritable
                0x10007e88       0x46 CMakeFiles/rpi_pico_drone.dir/d97f2b5b64023699131c296d803e27bf/RPi_Pico_FC_v0.0.1/pico-sdk/lib/tinyusb/src/common/tusb_fifo.c.obj
                0x10007e88                tu_fifo_set_overwritable
 .text.spi_set_baudrate
                0x10007ece       0xcc CMakeFiles/rpi_pico_drone.dir/d97f2b5b64023699131c296d803e27bf/RPi_Pico_FC_v0.0.1/pico-sdk/src/rp2_common/hardware_spi/spi.c.obj
                0x10007ece                spi_set_baudrate
 *fill*         0x10007f9a        0x2 
 .text.spi_init
                0x10007f9c       0x74 CMakeFiles/rpi_pico_drone.dir/d97f2b5b64023699131c296d803e27bf/RPi_Pico_FC_v0.0.1/pico-sdk/src/rp2_common/hardware_spi/spi.c.obj
                0x10007f9c                spi_init
 .text.adc_init
                0x10008010       0x34 CMakeFiles/rpi_pico_drone.dir/d97f2b5b64023699131c296d803e27bf/RPi_Pico_FC_v0.0.1/pico-sdk/src/rp2_common/hardware_adc/adc.c.obj
                0x10008010                adc_init
 .text.strlen   0x10008044       0x5c c:/progra~2/gnuarm~1/102021~1.10/bin/../lib/gcc/arm-none-eabi/10.3.1/../../../../arm-none-eabi/lib/thumb/v6-m/nofp\libg.a(lib_a-strlen-stub.o)
                0x10008044                strlen
 *(.fini)
 .fini          0x100080a0        0x4 c:/progra~2/gnuarm~1/102021~1.10/bin/../lib/gcc/arm-none-eabi/10.3.1/thumb/v6-m/nofp/crti.o
                0x100080a0                _fini
 *fill*         0x100080a4        0x4 
 .fini.__stub   0x100080a8      0x100 linker stubs
 *crtbegin.o(.ctors)
 *crtbegin?.o(.ctors)
 *(EXCLUDE_FILE(*crtend.o *crtend?.o) .ctors)
 *(SORT_BY_NAME(.ctors.*))
 *(.ctors)
 *crtbegin.o(.dtors)
 *crtbegin?.o(.dtors)
 *(EXCLUDE_FILE(*crtend.o *crtend?.o) .dtors)
 *(SORT_BY_NAME(.dtors.*))
 *(.dtors)
 *(.eh_frame*)
 .eh_frame      0x100081a8        0x0 c:/progra~2/gnuarm~1/102021~1.10/bin/../lib/gcc/arm-none-eabi/10.3.1/thumb/v6-m/nofp/crtbegin.o
                0x100081a8                . = ALIGN (0x4)

.glue_7         0x100081a8        0x0
 .glue_7        0x100081a8        0x0 linker stubs

.glue_7t        0x100081a8        0x0
 .glue_7t       0x100081a8        0x0 linker stubs

.vfp11_veneer   0x100081a8        0x0
 .vfp11_veneer  0x100081a8        0x0 linker stubs

.v4_bx          0x100081a8        0x0
 .v4_bx         0x100081a8        0x0 linker stubs

.iplt           0x100081a8        0x0
 .iplt          0x100081a8        0x0 c:/progra~2/gnuarm~1/102021~1.10/bin/../lib/gcc/arm-none-eabi/10.3.1/thumb/v6-m/nofp/crtbegin.o

.rodata         0x100081a8     0x19d4
 *(EXCLUDE_FILE(*libm.a: *libc.a:*lib_a-mem*.o *libgcc.a:) .rodata*)
 .rodata.main.str1.4
                0x100081a8       0x27 CMakeFiles/rpi_pico_drone.dir/main.c.obj
 *fill*         0x100081cf        0x1 
 .rodata.spin_lock_claim_unused.str1.4
                0x100081d0       0x1b CMakeFiles/rpi_pico_drone.dir/d97f2b5b64023699131c296d803e27bf/RPi_Pico_FC_v0.0.1/pico-sdk/src/rp2_common/hardware_sync/sync.c.obj
 *fill*         0x100081eb        0x1 
 .rodata.make_branch.str1.4
                0x100081ec       0xb4 CMakeFiles/rpi_pico_drone.dir/d97f2b5b64023699131c296d803e27bf/RPi_Pico_FC_v0.0.1/pico-sdk/src/rp2_common/hardware_irq/irq.c.obj
 .rodata.insert_branch_and_link.str1.4
                0x100082a0       0x10 CMakeFiles/rpi_pico_drone.dir/d97f2b5b64023699131c296d803e27bf/RPi_Pico_FC_v0.0.1/pico-sdk/src/rp2_common/hardware_irq/irq.c.obj
 .rodata.irq_set_exclusive_handler.str1.4
                0x100082b0       0x36 CMakeFiles/rpi_pico_drone.dir/d97f2b5b64023699131c296d803e27bf/RPi_Pico_FC_v0.0.1/pico-sdk/src/rp2_common/hardware_irq/irq.c.obj
 *fill*         0x100082e6        0x2 
 .rodata.irq_add_shared_handler.str1.4
                0x100082e8       0xd9 CMakeFiles/rpi_pico_drone.dir/d97f2b5b64023699131c296d803e27bf/RPi_Pico_FC_v0.0.1/pico-sdk/src/rp2_common/hardware_irq/irq.c.obj
 *fill*         0x100083c1        0x3 
 .rodata.irq_remove_handler.str1.4
                0x100083c4       0x3a CMakeFiles/rpi_pico_drone.dir/d97f2b5b64023699131c296d803e27bf/RPi_Pico_FC_v0.0.1/pico-sdk/src/rp2_common/hardware_irq/irq.c.obj
 *fill*         0x100083fe        0x2 
 .rodata.irq_add_tail_to_free_list.str1.4
                0x10008400       0x3a CMakeFiles/rpi_pico_drone.dir/d97f2b5b64023699131c296d803e27bf/RPi_Pico_FC_v0.0.1/pico-sdk/src/rp2_common/hardware_irq/irq.c.obj
 *fill*         0x1000843a        0x2 
 .rodata.user_irq_claim_unused.str1.4
                0x1000843c       0x1b CMakeFiles/rpi_pico_drone.dir/d97f2b5b64023699131c296d803e27bf/RPi_Pico_FC_v0.0.1/pico-sdk/src/rp2_common/hardware_irq/irq.c.obj
 *fill*         0x10008457        0x1 
 .rodata.__func__.0
                0x10008458       0x1a CMakeFiles/rpi_pico_drone.dir/d97f2b5b64023699131c296d803e27bf/RPi_Pico_FC_v0.0.1/pico-sdk/src/rp2_common/hardware_irq/irq.c.obj
 *fill*         0x10008472        0x2 
 .rodata.__func__.1
                0x10008474       0x17 CMakeFiles/rpi_pico_drone.dir/d97f2b5b64023699131c296d803e27bf/RPi_Pico_FC_v0.0.1/pico-sdk/src/rp2_common/hardware_irq/irq.c.obj
 *fill*         0x1000848b        0x1 
 .rodata.__func__.2
                0x1000848c       0x13 CMakeFiles/rpi_pico_drone.dir/d97f2b5b64023699131c296d803e27bf/RPi_Pico_FC_v0.0.1/pico-sdk/src/rp2_common/hardware_irq/irq.c.obj
 *fill*         0x1000849f        0x1 
 .rodata.__func__.3
                0x100084a0        0xc CMakeFiles/rpi_pico_drone.dir/d97f2b5b64023699131c296d803e27bf/RPi_Pico_FC_v0.0.1/pico-sdk/src/rp2_common/hardware_irq/irq.c.obj
 .rodata.__func__.4
                0x100084ac        0xf CMakeFiles/rpi_pico_drone.dir/d97f2b5b64023699131c296d803e27bf/RPi_Pico_FC_v0.0.1/pico-sdk/src/rp2_common/hardware_irq/irq.c.obj
 *fill*         0x100084bb        0x1 
 .rodata.__func__.5
                0x100084bc       0x17 CMakeFiles/rpi_pico_drone.dir/d97f2b5b64023699131c296d803e27bf/RPi_Pico_FC_v0.0.1/pico-sdk/src/rp2_common/hardware_irq/irq.c.obj
 *fill*         0x100084d3        0x1 
 .rodata.__func__.6
                0x100084d4       0x1a CMakeFiles/rpi_pico_drone.dir/d97f2b5b64023699131c296d803e27bf/RPi_Pico_FC_v0.0.1/pico-sdk/src/rp2_common/hardware_irq/irq.c.obj
 *fill*         0x100084ee        0x2 
 .rodata.str1.4
                0x100084f0      0x14d CMakeFiles/rpi_pico_drone.dir/da200fddeb9d2efd46c16acd1b623a99/RPi_Pico_Flight_Controller/RPi_Pico_FC_v0.0.1/pico-sdk/src/common/pico_sync/mutex.c.obj
 *fill*         0x1000863d        0x3 
 .rodata.__func__.1
                0x10008640        0xb CMakeFiles/rpi_pico_drone.dir/da200fddeb9d2efd46c16acd1b623a99/RPi_Pico_Flight_Controller/RPi_Pico_FC_v0.0.1/pico-sdk/src/common/pico_sync/mutex.c.obj
 *fill*         0x1000864b        0x1 
 .rodata.__func__.3
                0x1000864c       0x18 CMakeFiles/rpi_pico_drone.dir/da200fddeb9d2efd46c16acd1b623a99/RPi_Pico_Flight_Controller/RPi_Pico_FC_v0.0.1/pico-sdk/src/common/pico_sync/mutex.c.obj
 .rodata.__func__.4
                0x10008664       0x15 CMakeFiles/rpi_pico_drone.dir/da200fddeb9d2efd46c16acd1b623a99/RPi_Pico_Flight_Controller/RPi_Pico_FC_v0.0.1/pico-sdk/src/common/pico_sync/mutex.c.obj
 *fill*         0x10008679        0x3 
 .rodata.repeating_timer_callback.str1.4
                0x1000867c       0x92 CMakeFiles/rpi_pico_drone.dir/da200fddeb9d2efd46c16acd1b623a99/RPi_Pico_Flight_Controller/RPi_Pico_FC_v0.0.1/pico-sdk/src/common/pico_time/time.c.obj
 *fill*         0x1000870e        0x2 
 .rodata.timer_pool_entry_comparator.str1.4
                0x10008710       0x22 CMakeFiles/rpi_pico_drone.dir/da200fddeb9d2efd46c16acd1b623a99/RPi_Pico_Flight_Controller/RPi_Pico_FC_v0.0.1/pico-sdk/src/common/pico_time/time.c.obj
 *fill*         0x10008732        0x2 
 .rodata.ph_add_child_node.str1.4
                0x10008734       0xb2 CMakeFiles/rpi_pico_drone.dir/da200fddeb9d2efd46c16acd1b623a99/RPi_Pico_Flight_Controller/RPi_Pico_FC_v0.0.1/pico-sdk/src/common/pico_time/time.c.obj
 *fill*         0x100087e6        0x2 
 .rodata.add_alarm_under_lock.str1.4
                0x100087e8       0x28 CMakeFiles/rpi_pico_drone.dir/da200fddeb9d2efd46c16acd1b623a99/RPi_Pico_Flight_Controller/RPi_Pico_FC_v0.0.1/pico-sdk/src/common/pico_time/time.c.obj
                                 0x2b (size before relaxing)
 .rodata.alarm_pool_alarm_callback.str1.4
                0x10008810       0x98 CMakeFiles/rpi_pico_drone.dir/da200fddeb9d2efd46c16acd1b623a99/RPi_Pico_Flight_Controller/RPi_Pico_FC_v0.0.1/pico-sdk/src/common/pico_time/time.c.obj
                                0x114 (size before relaxing)
 .rodata.alarm_pool_get_default.str1.4
                0x100088a8       0x21 CMakeFiles/rpi_pico_drone.dir/da200fddeb9d2efd46c16acd1b623a99/RPi_Pico_Flight_Controller/RPi_Pico_FC_v0.0.1/pico-sdk/src/common/pico_time/time.c.obj
 *fill*         0x100088c9        0x3 
 .rodata.alarm_pool_cancel_alarm.str1.4
                0x100088cc       0x27 CMakeFiles/rpi_pico_drone.dir/da200fddeb9d2efd46c16acd1b623a99/RPi_Pico_Flight_Controller/RPi_Pico_FC_v0.0.1/pico-sdk/src/common/pico_time/time.c.obj
 *fill*         0x100088f3        0x1 
 .rodata.sleep_until.str1.4
                0x100088f4       0x4d CMakeFiles/rpi_pico_drone.dir/da200fddeb9d2efd46c16acd1b623a99/RPi_Pico_Flight_Controller/RPi_Pico_FC_v0.0.1/pico-sdk/src/common/pico_time/time.c.obj
 *fill*         0x10008941        0x3 
 .rodata.__func__.1
                0x10008944       0x18 CMakeFiles/rpi_pico_drone.dir/da200fddeb9d2efd46c16acd1b623a99/RPi_Pico_Flight_Controller/RPi_Pico_FC_v0.0.1/pico-sdk/src/common/pico_time/time.c.obj
 .rodata.__func__.10
                0x1000895c       0x15 CMakeFiles/rpi_pico_drone.dir/da200fddeb9d2efd46c16acd1b623a99/RPi_Pico_Flight_Controller/RPi_Pico_FC_v0.0.1/pico-sdk/src/common/pico_time/time.c.obj
 *fill*         0x10008971        0x3 
 .rodata.__func__.11
                0x10008974       0x1a CMakeFiles/rpi_pico_drone.dir/da200fddeb9d2efd46c16acd1b623a99/RPi_Pico_Flight_Controller/RPi_Pico_FC_v0.0.1/pico-sdk/src/common/pico_time/time.c.obj
 *fill*         0x1000898e        0x2 
 .rodata.__func__.12
                0x10008990        0xa CMakeFiles/rpi_pico_drone.dir/da200fddeb9d2efd46c16acd1b623a99/RPi_Pico_Flight_Controller/RPi_Pico_FC_v0.0.1/pico-sdk/src/common/pico_time/time.c.obj
 *fill*         0x1000899a        0x2 
 .rodata.__func__.3
                0x1000899c       0x17 CMakeFiles/rpi_pico_drone.dir/da200fddeb9d2efd46c16acd1b623a99/RPi_Pico_Flight_Controller/RPi_Pico_FC_v0.0.1/pico-sdk/src/common/pico_time/time.c.obj
 *fill*         0x100089b3        0x1 
 .rodata.__func__.4
                0x100089b4       0x12 CMakeFiles/rpi_pico_drone.dir/da200fddeb9d2efd46c16acd1b623a99/RPi_Pico_Flight_Controller/RPi_Pico_FC_v0.0.1/pico-sdk/src/common/pico_time/time.c.obj
 *fill*         0x100089c6        0x2 
 .rodata.__func__.5
                0x100089c8        0xd CMakeFiles/rpi_pico_drone.dir/da200fddeb9d2efd46c16acd1b623a99/RPi_Pico_Flight_Controller/RPi_Pico_FC_v0.0.1/pico-sdk/src/common/pico_time/time.c.obj
 *fill*         0x100089d5        0x3 
 .rodata.__func__.6
                0x100089d8       0x12 CMakeFiles/rpi_pico_drone.dir/da200fddeb9d2efd46c16acd1b623a99/RPi_Pico_Flight_Controller/RPi_Pico_FC_v0.0.1/pico-sdk/src/common/pico_time/time.c.obj
 *fill*         0x100089ea        0x2 
 .rodata.__func__.7
                0x100089ec        0xf CMakeFiles/rpi_pico_drone.dir/da200fddeb9d2efd46c16acd1b623a99/RPi_Pico_Flight_Controller/RPi_Pico_FC_v0.0.1/pico-sdk/src/common/pico_time/time.c.obj
 *fill*         0x100089fb        0x1 
 .rodata.__func__.8
                0x100089fc        0xc CMakeFiles/rpi_pico_drone.dir/da200fddeb9d2efd46c16acd1b623a99/RPi_Pico_Flight_Controller/RPi_Pico_FC_v0.0.1/pico-sdk/src/common/pico_time/time.c.obj
 .rodata.__func__.9
                0x10008a08       0x15 CMakeFiles/rpi_pico_drone.dir/da200fddeb9d2efd46c16acd1b623a99/RPi_Pico_Flight_Controller/RPi_Pico_FC_v0.0.1/pico-sdk/src/common/pico_time/time.c.obj
 *fill*         0x10008a1d        0x3 
 .rodata.hardware_alarm_claim.str1.4
                0x10008a20       0x22 CMakeFiles/rpi_pico_drone.dir/d97f2b5b64023699131c296d803e27bf/RPi_Pico_FC_v0.0.1/pico-sdk/src/rp2_common/hardware_timer/timer.c.obj
 *fill*         0x10008a42        0x2 
 .rodata.hardware_alarm_set_target.str1.4
                0x10008a44       0xac CMakeFiles/rpi_pico_drone.dir/d97f2b5b64023699131c296d803e27bf/RPi_Pico_FC_v0.0.1/pico-sdk/src/rp2_common/hardware_timer/timer.c.obj
 .rodata.__func__.0
                0x10008af0       0x1a CMakeFiles/rpi_pico_drone.dir/d97f2b5b64023699131c296d803e27bf/RPi_Pico_FC_v0.0.1/pico-sdk/src/rp2_common/hardware_timer/timer.c.obj
 .rodata.ph_add_child_node.str1.4
                0x10008b0a       0xb2 CMakeFiles/rpi_pico_drone.dir/da200fddeb9d2efd46c16acd1b623a99/RPi_Pico_Flight_Controller/RPi_Pico_FC_v0.0.1/pico-sdk/src/common/pico_util/pheap.c.obj
 *fill*         0x10008b0a        0x2 
 .rodata.ph_remove_any_head.str1.4
                0x10008b0c       0xd4 CMakeFiles/rpi_pico_drone.dir/da200fddeb9d2efd46c16acd1b623a99/RPi_Pico_Flight_Controller/RPi_Pico_FC_v0.0.1/pico-sdk/src/common/pico_util/pheap.c.obj
                                 0xe8 (size before relaxing)
 .rodata.ph_remove_and_free_node.str1.4
                0x10008be0       0x1e CMakeFiles/rpi_pico_drone.dir/da200fddeb9d2efd46c16acd1b623a99/RPi_Pico_Flight_Controller/RPi_Pico_FC_v0.0.1/pico-sdk/src/common/pico_util/pheap.c.obj
                                 0x26 (size before relaxing)
 *fill*         0x10008bfe        0x2 
 .rodata.__func__.0
                0x10008c00       0x18 CMakeFiles/rpi_pico_drone.dir/da200fddeb9d2efd46c16acd1b623a99/RPi_Pico_Flight_Controller/RPi_Pico_FC_v0.0.1/pico-sdk/src/common/pico_util/pheap.c.obj
 .rodata.__func__.1
                0x10008c18       0x13 CMakeFiles/rpi_pico_drone.dir/da200fddeb9d2efd46c16acd1b623a99/RPi_Pico_Flight_Controller/RPi_Pico_FC_v0.0.1/pico-sdk/src/common/pico_util/pheap.c.obj
 *fill*         0x10008c2b        0x1 
 .rodata.__func__.2
                0x10008c2c       0x12 CMakeFiles/rpi_pico_drone.dir/da200fddeb9d2efd46c16acd1b623a99/RPi_Pico_Flight_Controller/RPi_Pico_FC_v0.0.1/pico-sdk/src/common/pico_util/pheap.c.obj
 *fill*         0x10008c3e        0x2 
 .rodata.__func__.3
                0x10008c40        0xc CMakeFiles/rpi_pico_drone.dir/da200fddeb9d2efd46c16acd1b623a99/RPi_Pico_Flight_Controller/RPi_Pico_FC_v0.0.1/pico-sdk/src/common/pico_util/pheap.c.obj
 .rodata.clock_configure.str1.4
                0x10008c4c       0x9e CMakeFiles/rpi_pico_drone.dir/d97f2b5b64023699131c296d803e27bf/RPi_Pico_FC_v0.0.1/pico-sdk/src/rp2_common/hardware_clocks/clocks.c.obj
 *fill*         0x10008cea        0x2 
 .rodata.__func__.1
                0x10008cec       0x10 CMakeFiles/rpi_pico_drone.dir/d97f2b5b64023699131c296d803e27bf/RPi_Pico_FC_v0.0.1/pico-sdk/src/rp2_common/hardware_clocks/clocks.c.obj
 .rodata.pll_init.str1.4
                0x10008cfc      0x168 CMakeFiles/rpi_pico_drone.dir/d97f2b5b64023699131c296d803e27bf/RPi_Pico_FC_v0.0.1/pico-sdk/src/rp2_common/hardware_pll/pll.c.obj
 .rodata.__func__.0
                0x10008e64        0x9 CMakeFiles/rpi_pico_drone.dir/d97f2b5b64023699131c296d803e27bf/RPi_Pico_FC_v0.0.1/pico-sdk/src/rp2_common/hardware_pll/pll.c.obj
 *fill*         0x10008e6d        0x3 
 .rodata.__assert_func.str1.4
                0x10008e70       0x3f CMakeFiles/rpi_pico_drone.dir/d97f2b5b64023699131c296d803e27bf/RPi_Pico_FC_v0.0.1/pico-sdk/src/rp2_common/pico_runtime/runtime.c.obj
                                 0x43 (size before relaxing)
 *fill*         0x10008eaf        0x1 
 .rodata.runtime_init.str1.4
                0x10008eb0       0xa8 CMakeFiles/rpi_pico_drone.dir/d97f2b5b64023699131c296d803e27bf/RPi_Pico_FC_v0.0.1/pico-sdk/src/rp2_common/pico_runtime/runtime.c.obj
 .rodata.panic.str1.4
                0x10008f58       0x12 CMakeFiles/rpi_pico_drone.dir/d97f2b5b64023699131c296d803e27bf/RPi_Pico_FC_v0.0.1/pico-sdk/src/rp2_common/pico_runtime/runtime.c.obj
 *fill*         0x10008f6a        0x2 
 .rodata.__func__.2
                0x10008f6c        0xd CMakeFiles/rpi_pico_drone.dir/d97f2b5b64023699131c296d803e27bf/RPi_Pico_FC_v0.0.1/pico-sdk/src/rp2_common/pico_runtime/runtime.c.obj
 *fill*         0x10008f79        0x3 
 .rodata._ftoa.str1.4
                0x10008f7c       0x15 CMakeFiles/rpi_pico_drone.dir/d97f2b5b64023699131c296d803e27bf/RPi_Pico_FC_v0.0.1/pico-sdk/src/rp2_common/pico_printf/printf.c.obj
 *fill*         0x10008f91        0x3 
 .rodata._vsnprintf
                0x10008f94      0x1e0 CMakeFiles/rpi_pico_drone.dir/d97f2b5b64023699131c296d803e27bf/RPi_Pico_FC_v0.0.1/pico-sdk/src/rp2_common/pico_printf/printf.c.obj
 *fill*         0x10009174        0x4 
 .rodata.pow10.0
                0x10009178       0x50 CMakeFiles/rpi_pico_drone.dir/d97f2b5b64023699131c296d803e27bf/RPi_Pico_FC_v0.0.1/pico-sdk/src/rp2_common/pico_printf/printf.c.obj
 .rodata.__aeabi_double_init.str1.4
                0x100091c8       0xe3 CMakeFiles/rpi_pico_drone.dir/d97f2b5b64023699131c296d803e27bf/RPi_Pico_FC_v0.0.1/pico-sdk/src/rp2_common/pico_double/double_init_rom.c.obj
 *fill*         0x100092ab        0x1 
 .rodata.__func__.0
                0x100092ac       0x14 CMakeFiles/rpi_pico_drone.dir/d97f2b5b64023699131c296d803e27bf/RPi_Pico_FC_v0.0.1/pico-sdk/src/rp2_common/pico_double/double_init_rom.c.obj
 .rodata.__aeabi_float_init.str1.4
                0x100092c0       0xc1 CMakeFiles/rpi_pico_drone.dir/d97f2b5b64023699131c296d803e27bf/RPi_Pico_FC_v0.0.1/pico-sdk/src/rp2_common/pico_float/float_init_rom.c.obj
                                 0xc5 (size before relaxing)
 *fill*         0x10009381        0x3 
 .rodata.__func__.0
                0x10009384       0x13 CMakeFiles/rpi_pico_drone.dir/d97f2b5b64023699131c296d803e27bf/RPi_Pico_FC_v0.0.1/pico-sdk/src/rp2_common/pico_float/float_init_rom.c.obj
 *fill*         0x10009397        0x1 
 .rodata.str1.4
                0x10009398       0x44 CMakeFiles/rpi_pico_drone.dir/d97f2b5b64023699131c296d803e27bf/RPi_Pico_FC_v0.0.1/pico-sdk/src/rp2_common/pico_standard_link/binary_info.c.obj
 .rodata.__bi_44
                0x100093dc        0xc CMakeFiles/rpi_pico_drone.dir/d97f2b5b64023699131c296d803e27bf/RPi_Pico_FC_v0.0.1/pico-sdk/src/rp2_common/pico_standard_link/binary_info.c.obj
 .rodata.__bi_75
                0x100093e8        0xc CMakeFiles/rpi_pico_drone.dir/d97f2b5b64023699131c296d803e27bf/RPi_Pico_FC_v0.0.1/pico-sdk/src/rp2_common/pico_standard_link/binary_info.c.obj
 .rodata.__bi_81
                0x100093f4        0xc CMakeFiles/rpi_pico_drone.dir/d97f2b5b64023699131c296d803e27bf/RPi_Pico_FC_v0.0.1/pico-sdk/src/rp2_common/pico_standard_link/binary_info.c.obj
 .rodata.stdout_serialize_begin.str1.4
                0x10009400       0x7c CMakeFiles/rpi_pico_drone.dir/d97f2b5b64023699131c296d803e27bf/RPi_Pico_FC_v0.0.1/pico-sdk/src/rp2_common/pico_stdio/stdio.c.obj
 .rodata.__func__.3
                0x10009400       0x15 CMakeFiles/rpi_pico_drone.dir/d97f2b5b64023699131c296d803e27bf/RPi_Pico_FC_v0.0.1/pico-sdk/src/rp2_common/pico_stdio/stdio.c.obj
 *fill*         0x10009415        0x3 
 .rodata.crlf_str.2
                0x10009418        0x2 CMakeFiles/rpi_pico_drone.dir/d97f2b5b64023699131c296d803e27bf/RPi_Pico_FC_v0.0.1/pico-sdk/src/rp2_common/pico_stdio/stdio.c.obj
 *fill*         0x1000941a        0x2 
 .rodata._resetd_driver
                0x1000941c       0x18 CMakeFiles/rpi_pico_drone.dir/d97f2b5b64023699131c296d803e27bf/RPi_Pico_FC_v0.0.1/pico-sdk/src/rp2_common/pico_stdio_usb/reset_interface.c.obj
 .rodata.low_priority_worker_irq.str1.4
                0x10009434       0x7c CMakeFiles/rpi_pico_drone.dir/d97f2b5b64023699131c296d803e27bf/RPi_Pico_FC_v0.0.1/pico-sdk/src/rp2_common/pico_stdio_usb/stdio_usb.c.obj
 .rodata.stdio_usb_init.str1.4
                0x10009434       0x8c CMakeFiles/rpi_pico_drone.dir/d97f2b5b64023699131c296d803e27bf/RPi_Pico_FC_v0.0.1/pico-sdk/src/rp2_common/pico_stdio_usb/stdio_usb.c.obj
                                 0x94 (size before relaxing)
 .rodata.str1.4
                0x100094c0       0x13 CMakeFiles/rpi_pico_drone.dir/d97f2b5b64023699131c296d803e27bf/RPi_Pico_FC_v0.0.1/pico-sdk/src/rp2_common/pico_stdio_usb/stdio_usb.c.obj
 *fill*         0x100094d3        0x1 
 .rodata.__bi_182.0
                0x100094d4        0xc CMakeFiles/rpi_pico_drone.dir/d97f2b5b64023699131c296d803e27bf/RPi_Pico_FC_v0.0.1/pico-sdk/src/rp2_common/pico_stdio_usb/stdio_usb.c.obj
 .rodata.__func__.1
                0x100094e0        0xf CMakeFiles/rpi_pico_drone.dir/d97f2b5b64023699131c296d803e27bf/RPi_Pico_FC_v0.0.1/pico-sdk/src/rp2_common/pico_stdio_usb/stdio_usb.c.obj
 *fill*         0x100094ef        0x1 
 .rodata.__func__.3
                0x100094f0       0x15 CMakeFiles/rpi_pico_drone.dir/d97f2b5b64023699131c296d803e27bf/RPi_Pico_FC_v0.0.1/pico-sdk/src/rp2_common/pico_stdio_usb/stdio_usb.c.obj
 *fill*         0x10009505        0x3 
 .rodata.str1.4
                0x10009508       0x2a CMakeFiles/rpi_pico_drone.dir/d97f2b5b64023699131c296d803e27bf/RPi_Pico_FC_v0.0.1/pico-sdk/src/rp2_common/pico_stdio_usb/stdio_usb_descriptors.c.obj
 *fill*         0x10009532        0x2 
 .rodata.usbd_desc_cfg
                0x10009534       0x54 CMakeFiles/rpi_pico_drone.dir/d97f2b5b64023699131c296d803e27bf/RPi_Pico_FC_v0.0.1/pico-sdk/src/rp2_common/pico_stdio_usb/stdio_usb_descriptors.c.obj
 .rodata.usbd_desc_device
                0x10009588       0x12 CMakeFiles/rpi_pico_drone.dir/d97f2b5b64023699131c296d803e27bf/RPi_Pico_FC_v0.0.1/pico-sdk/src/rp2_common/pico_stdio_usb/stdio_usb_descriptors.c.obj
 *fill*         0x1000959a        0x2 
 .rodata.usbd_desc_str
                0x1000959c       0x18 CMakeFiles/rpi_pico_drone.dir/d97f2b5b64023699131c296d803e27bf/RPi_Pico_FC_v0.0.1/pico-sdk/src/rp2_common/pico_stdio_usb/stdio_usb_descriptors.c.obj
 .rodata.pico_get_unique_board_id_string.str1.4